<html>
<body>
<pre>
<h1>µVision Build Log</h1>
<h2>Tool Versions:</h2>
IDE-Version: ¦ÌVision V5.35.0.0
Copyright (C) 2021 ARM Ltd and ARM Germany GmbH. All rights reserved.
License Information: 1 admin, 1, LIC=Q7GU5-GPRI1-4A1DE-5LVJL-F98M3-29GMR
 
Tool Versions:
Toolchain:       MDK-ARM Professional  Version: 5.35.0.2
Toolchain Path:  C:\Keil_v5\ARM\ARMCC\Bin
C Compiler:      Armcc.exe V5.06 update 7 (build 960)
Assembler:       Armasm.exe V5.06 update 7 (build 960)
Linker/Locator:  ArmLink.exe V5.06 update 7 (build 960)
Library Manager: ArmAr.exe V5.06 update 7 (build 960)
Hex Converter:   FromElf.exe V5.06 update 7 (build 960)
CPU DLL:         SARM.DLL V5.35.0.0
Dialog DLL:      DARMP3.DLL
Target DLL:      Segger\JLTAgdi.dll V1.61.0.0
Dialog DLL:      TARMP3.DLL V1.4.0.0
 
<h2>Project:</h2>
F:\dpan\Èí¼þ\sdk\BK3432\BK3432_DesignKit_V17_100C\BK3432_DesignKit_V17_100C\SDK\projects\ble_app_gatt\bk3432.uvproj
Project File Date:  06/24/2022

<h2>Output:</h2>
*** Using Compiler 'V5.06 update 7 (build 960)', folder: 'C:\Keil_v5\ARM\ARMCC\Bin'
Rebuild target 'BK3432_app'
assembling boot_vectors.s...
assembling boot_handlers.s...
compiling rwble_hl.c...
compiling arch_main.c...
compiling rwble.c...
compiling emi.c...
compiling flash.c...
compiling rwip.c...
compiling icu.c...
compiling gpio.c...
compiling timer.c...
compiling intc.c...
compiling pwm.c...
compiling wdt.c...
compiling uart.c...
compiling bass.c...
compiling rf_xvr.c...
compiling bass_task.c...
compiling diss.c...
compiling diss_task.c...
compiling fff0s.c...
compiling fff0s_task.c...
compiling oads.c...
compiling oads_task.c...
compiling prf.c...
compiling prf_utils.c...
compiling app.c...
compiling app_batt.c...
compiling app_dis.c...
compiling app_fff0.c...
compiling app_oads.c...
compiling app_task.c...
linking...
Program Size: Code=21370 RO-data=1542 RW-data=84 ZI-data=8968  
After Build - User command #1: fromelf --bin --output .\output\app\bk3432_ble_app.bin .\obj\bk3432_ble_app.axf
After Build - User command #2: .\output\encrypt_app.bat
F:\dpan\Èí¼þ\sdk\BK3432\BK3432_DesignKit_V17_100C\BK3432_DesignKit_V17_100C\SDK\projects\ble_app_gatt>.\output\BinConvert_3432.exe  -oad .\output\bim\bk3432_ble_bim.bin  .\output\stack\bk3432_ble_stack.bin  .\output\app\bk3432_ble_app.bin -m 0x1020 -l 0x17020 -v 0x0010 -rom_v 0x000C -e 00000000 00000000 00000000 00000000 
cmd_bin_oad.stack_file_addr :0x1020
binary version hex:0x10; dec:16
Arm Image Binary will be converted to OAD format binary file.....
cmd_bin_oad.stack_file_addr=1020
boot_bin_len=fa0
add stack bin start
oad_stack_app_bin_len=1bb00
oad_app_bin_len=5b00
25 25 0d da 10 00 c0 16 42 42 42 42 ff ff 0c 00 /**< @CREATE_FILE_SUCCESS */
/**< @Download flash file:.\output\app\bk3432_ble_app_merge.bin
/**< @OAD file :.\output\app\bk3432_ble_app_stack.bin,CRC = 0x8970a8f9
/**< @OAD file :.\output\app\bk3432_ble_app_app.bin,CRC = 0xda0d2525
/**< @author <gang.cheng@bekencorp.com> */
/**< @version v0.3 */
".\obj\bk3432_ble_app.axf" - 0 Error(s), 0 Warning(s).
Build Time Elapsed:  00:00:04
</pre>
</body>
</html>
