Component: ARM Compiler 5.05 (build 41) Tool: armlink [4d0eb9]

==============================================================================

Section Cross References

    arch_main.o(.text) refers to uart.o(.text) for uart_printf
    arch_main.o(.text) refers to wdt.o(.text) for wdt_enable
    arch_main.o(.text) refers to flash.o(.text) for flash_read
    arch_main.o(.text) refers to icu.o(.text) for icu_init
    arch_main.o(.text) refers to emi.o(.text) for emi_init
    arch_main.o(.text) refers to timer.o(.text) for timer_init
    arch_main.o(.text) refers to intc.o(.text) for intc_init
    arch_main.o(.text) refers to rwip.o(.text) for rwip_init
    arch_main.o(.text) refers to gpio.o(.text) for gpio_init
    arch_main.o(.text) refers to app_key.o(.text) for key_init
    arch_main.o(.text) refers to arch_main.o(.constdata) for .constdata
    arch_main.o(.text) refers to prf.o(.text) for prf_get_id_from_task
    arch_main.o(.text) refers to rwble_hl.o(.text) for rwble_hl_reset
    arch_main.o(.text) refers to arch_main.o(.bss) for .bss
    arch_main.o(.text) refers to wdt.o(.data) for wdt_disable_flag
    arch_main.o(.text) refers to app_key.o(.data) for app_key_state
    arch_main.o(.text) refers to boot_handlers.o(SYS_BOOT) for boot_stack_base_UNUSED
    boot_handlers.o(SYS_BOOT) refers to arch_main.o(.text) for rw_main
    boot_vectors.o(SYS_BOOT) refers to boot_handlers.o(SYS_BOOT) for sys_Reset
    boot_vectors.o(SYS_BOOT) refers to intc.o(sys_irq_entry) for SYSirq_IRQ_Handler
    boot_vectors.o(SYS_BOOT) refers to intc.o(sys_fiq_entry) for SYSirq_FIQ_Handler
    rwble.o(.text) refers to rwip.o(.text) for rwip_wakeup
    rwble.o(.text) refers to wdt.o(.text) for wdt_feed
    rwip.o(.text) refers to rf_xvr.o(.text) for rf_init
    rwip.o(.text) refers to rwble_hl.o(.text) for rwble_hl_init
    rwip.o(.text) refers to rwble.o(.text) for rwble_init
    rwip.o(.text) refers to app.o(.text) for appm_init
    rwip.o(.text) refers to uart.o(.text) for check_uart_stop
    rwip.o(.text) refers to arch_main.o(.text) for assert_err
    rwip.o(.text) refers to wdt.o(.text) for wdt_feed
    rwip.o(.text) refers to rwip.o(.bss) for .bss
    flash.o(.text) refers to flash.o(.bss) for .bss
    flash.o(.text) refers to flash.o(.data) for .data
    gpio.o(.text) refers to uart.o(.text) for uart_printf
    gpio.o(.text) refers to gpio.o(.data) for .data
    gpio.o(.text) refers to gpio.o(.bss) for .bss
    icu.o(.text) refers to rf_xvr.o(.text) for Delay_us
    icu.o(.text) refers to icu.o(.data) for .data
    intc.o(.text) refers to icu.o(.text) for cpu_wakeup
    intc.o(.text) refers to uart.o(.text) for uart_isr
    intc.o(.text) refers to gpio.o(.text) for gpio_isr
    intc.o(.text) refers to rwble.o(.text) for rwble_isr
    intc.o(.text) refers to rwip.o(.bss) for rwip_sleep_time
    intc.o(sys_fiq_entry) refers to intc.o(.text) for FIQ_Exception
    intc.o(sys_irq_entry) refers to intc.o(.text) for IRQ_Exception
    uart.o(.text) refers to printfa.o(i.__0vsprintf) for vsprintf
    uart.o(.text) refers to arch_main.o(.text) for assert_err
    uart.o(.text) refers to uart.o(.bss) for .bss
    uart.o(.text) refers to uart.o(.data) for .data
    wdt.o(.text) refers to wdt.o(.data) for .data
    rf_xvr.o(.text) refers to rf_xvr.o(.bss) for .bss
    bass.o(.text) refers to prf.o(.text) for prf_env_get
    bass.o(.text) refers to bass.o(.constdata) for .constdata
    bass.o(.text) refers to bass_task.o(.constdata) for bass_default_handler
    bass.o(.constdata) refers to bass.o(.text) for bass_init
    bass_task.o(.text) refers to prf.o(.text) for prf_env_get
    bass_task.o(.text) refers to bass.o(.text) for bass_exe_operation
    bass_task.o(.text) refers to prf_utils.o(.text) for prf_pack_char_pres_fmt
    bass_task.o(.constdata) refers to bass_task.o(.text) for bass_enable_req_handler
    bass_task.o(.constdata) refers to bass_task.o(.constdata) for bass_default_state
    diss.o(.text) refers to diss.o(.constdata) for .constdata
    diss.o(.text) refers to diss_task.o(.constdata) for diss_default_handler
    diss.o(.constdata) refers to diss.o(.text) for diss_init
    diss_task.o(.text) refers to prf.o(.text) for prf_env_get
    diss_task.o(.text) refers to diss.o(.text) for diss_value_to_handle
    diss_task.o(.constdata) refers to diss_task.o(.text) for diss_set_value_req_handler
    diss_task.o(.constdata) refers to diss_task.o(.constdata) for diss_default_state
    hogpd.o(.text) refers to hogpd.o(.constdata) for .constdata
    hogpd.o(.text) refers to hogpd_task.o(.constdata) for hogpd_default_handler
    hogpd.o(.text) refers to prf.o(.text) for prf_env_get
    hogpd.o(.text) refers to hogpd.o(.data) for .data
    hogpd.o(.constdata) refers to hogpd.o(.text) for hogpd_init
    hogpd_task.o(.text) refers to prf.o(.text) for prf_env_get
    hogpd_task.o(.text) refers to hogpd.o(.text) for hogpd_ntf_send
    hogpd_task.o(.text) refers to hogpd.o(.data) for g_hid_handle
[...]
    llc_llcp_con_update_pdu_send             0x0000390d   Thumb Code     0  stack_rom_symbol.txt ABSOLUTE
    llc_llcp_con_param_req_pdu_send          0x00003939   Thumb Code     0  stack_rom_symbol.txt ABSOLUTE
    llc_llcp_con_param_rsp_pdu_send          0x00003981   Thumb Code     0  stack_rom_symbol.txt ABSOLUTE
    llc_llcp_feats_req_pdu_send              0x000039c7   Thumb Code     0  stack_rom_symbol.txt ABSOLUTE
    llc_llcp_feats_rsp_pdu_send              0x000039f3   Thumb Code     0  stack_rom_symbol.txt ABSOLUTE
    llc_llcp_start_enc_req_pdu_send          0x00003a21   Thumb Code     0  stack_rom_symbol.txt ABSOLUTE
    llc_llcp_terminate_ind_pdu_send          0x00003a6b   Thumb Code     0  stack_rom_symbol.txt ABSOLUTE
    llc_llcp_unknown_rsp_send_pdu            0x00003acf   Thumb Code     0  stack_rom_symbol.txt ABSOLUTE
    llc_llcp_ping_req_pdu_send               0x00003ae5   Thumb Code     0  stack_rom_symbol.txt ABSOLUTE
    llc_llcp_ping_rsp_pdu_send               0x00003af7   Thumb Code     0  stack_rom_symbol.txt ABSOLUTE
    llc_llcp_length_req_pdu_send             0x00003b09   Thumb Code     0  stack_rom_symbol.txt ABSOLUTE
    llc_llcp_length_rsp_pdu_send             0x00003b33   Thumb Code     0  stack_rom_symbol.txt ABSOLUTE
    llc_llcp_recv_handler                    0x00003cd5   Thumb Code     0  stack_rom_symbol.txt ABSOLUTE
    llc_llcp_get_autorize                    0x00004e6f   Thumb Code     0  stack_rom_symbol.txt ABSOLUTE
    llc_util_get_free_conhdl                 0x00005605   Thumb Code     0  stack_rom_symbol.txt ABSOLUTE
    llc_util_get_nb_active_link              0x0000562d   Thumb Code     0  stack_rom_symbol.txt ABSOLUTE
    llc_util_dicon_procedure                 0x00005655   Thumb Code     0  stack_rom_symbol.txt ABSOLUTE
    llc_util_update_channel_map              0x00005695   Thumb Code     0  stack_rom_symbol.txt ABSOLUTE
    llc_util_set_llcp_discard_enable         0x000056a7   Thumb Code     0  stack_rom_symbol.txt ABSOLUTE
    llc_util_set_auth_payl_to_margin         0x000056bf   Thumb Code     0  stack_rom_symbol.txt ABSOLUTE
    llc_util_clear_operation_ptr             0x000056eb   Thumb Code     0  stack_rom_symbol.txt ABSOLUTE
    llc_util_bw_mgt                          0x00005707   Thumb Code     0  stack_rom_symbol.txt ABSOLUTE
    llc_end_evt_defer                        0x00005759   Thumb Code     0  stack_rom_symbol.txt ABSOLUTE
    llc_pdu_llcp_tx_ack_defer                0x0000579f   Thumb Code     0  stack_rom_symbol.txt ABSOLUTE
    llc_pdu_acl_tx_ack_defer                 0x00005893   Thumb Code     0  stack_rom_symbol.txt ABSOLUTE
    llc_pdu_defer                            0x000058b5   Thumb Code     0  stack_rom_symbol.txt ABSOLUTE
    lld_init                                 0x00005961   Thumb Code     0  stack_rom_symbol.txt ABSOLUTE
    lld_core_reset                           0x00005ab9   Thumb Code     0  stack_rom_symbol.txt ABSOLUTE
    lld_con_update_after_param_req           0x00005cdd   Thumb Code     0  stack_rom_symbol.txt ABSOLUTE
    lld_con_param_rsp                        0x00005f49   Thumb Code     0  stack_rom_symbol.txt ABSOLUTE
    lld_con_param_req                        0x0000603b   Thumb Code     0  stack_rom_symbol.txt ABSOLUTE
    lld_con_stop                             0x000060f9   Thumb Code     0  stack_rom_symbol.txt ABSOLUTE
    lld_get_mode                             0x00006105   Thumb Code     0  stack_rom_symbol.txt ABSOLUTE
    lld_crypt_isr                            0x0000629d   Thumb Code     0  stack_rom_symbol.txt ABSOLUTE
    lld_ral_renew_req                        0x000062a7   Thumb Code     0  stack_rom_symbol.txt ABSOLUTE
    lld_evt_elt_delete                       0x000062fd   Thumb Code     0  stack_rom_symbol.txt ABSOLUTE
    lld_evt_drift_compute                    0x0000656f   Thumb Code     0  stack_rom_symbol.txt ABSOLUTE
    lld_evt_delete_elt_push                  0x0000669d   Thumb Code     0  stack_rom_symbol.txt ABSOLUTE
    lld_evt_channel_next                     0x0000688d   Thumb Code     0  stack_rom_symbol.txt ABSOLUTE
    lld_evt_deffered_elt_handler             0x000068c7   Thumb Code     0  stack_rom_symbol.txt ABSOLUTE
    lld_evt_init                             0x00006997   Thumb Code     0  stack_rom_symbol.txt ABSOLUTE
    lld_evt_init_evt                         0x00006a19   Thumb Code     0  stack_rom_symbol.txt ABSOLUTE
    lld_evt_restart                          0x00006a6b   Thumb Code     0  stack_rom_symbol.txt ABSOLUTE
    lld_evt_elt_insert                       0x00006dc9   Thumb Code     0  stack_rom_symbol.txt ABSOLUTE
    lld_evt_schedule                         0x00006fd3   Thumb Code     0  stack_rom_symbol.txt ABSOLUTE
    lld_evt_prevent_stop                     0x000070bf   Thumb Code     0  stack_rom_symbol.txt ABSOLUTE
    lld_evt_canceled                         0x000070c1   Thumb Code     0  stack_rom_symbol.txt ABSOLUTE
    lld_evt_adv_create                       0x000074a7   Thumb Code     0  stack_rom_symbol.txt ABSOLUTE
    lld_evt_end                              0x00007517   Thumb Code     0  stack_rom_symbol.txt ABSOLUTE
    lld_evt_rx                               0x00007659   Thumb Code     0  stack_rom_symbol.txt ABSOLUTE
    lld_evt_timer_isr                        0x00007695   Thumb Code     0  stack_rom_symbol.txt ABSOLUTE
    lld_evt_end_isr                          0x0000769f   Thumb Code     0  stack_rom_symbol.txt ABSOLUTE
    lld_evt_rx_isr                           0x000076d5   Thumb Code     0  stack_rom_symbol.txt ABSOLUTE
    lld_pdu_data_tx_push                     0x000077cd   Thumb Code     0  stack_rom_symbol.txt ABSOLUTE
    lld_pdu_check                            0x00007ce9   Thumb Code     0  stack_rom_symbol.txt ABSOLUTE
    lld_pdu_tx_loop                          0x00007eb1   Thumb Code     0  stack_rom_symbol.txt ABSOLUTE
    lld_pdu_data_send                        0x00007ef3   Thumb Code     0  stack_rom_symbol.txt ABSOLUTE
    lld_pdu_tx_push                          0x00007f53   Thumb Code     0  stack_rom_symbol.txt ABSOLUTE
    lld_pdu_tx_prog                          0x00007faf   Thumb Code     0  stack_rom_symbol.txt ABSOLUTE
    lld_pdu_tx_flush                         0x00008345   Thumb Code     0  stack_rom_symbol.txt ABSOLUTE
    lld_pdu_adv_pack                         0x000083d5   Thumb Code     0  stack_rom_symbol.txt ABSOLUTE
    lld_pdu_rx_handler                       0x000083f9   Thumb Code     0  stack_rom_symbol.txt ABSOLUTE
    lld_sleep_init                           0x00008601   Thumb Code     0  stack_rom_symbol.txt ABSOLUTE
    lld_sleep_enter                          0x00008647   Thumb Code     0  stack_rom_symbol.txt ABSOLUTE
    lld_sleep_wakeup                         0x00008687   Thumb Code     0  stack_rom_symbol.txt ABSOLUTE
    lld_sleep_wakeup_end                     0x000086a1   Thumb Code     0  stack_rom_symbol.txt ABSOLUTE
    lld_util_instant_get                     0x0000871d   Thumb Code     0  stack_rom_symbol.txt ABSOLUTE
    lld_util_get_bd_address                  0x00008735   Thumb Code     0  stack_rom_symbol.txt ABSOLUTE
    lld_util_set_bd_address                  0x00008755   Thumb Code     0  stack_rom_symbol.txt ABSOLUTE
    lld_util_ral_force_rpa_renew             0x00008793   Thumb Code     0  stack_rom_symbol.txt ABSOLUTE
    lld_util_freq2chnl                       0x000087d3   Thumb Code     0  stack_rom_symbol.txt ABSOLUTE
    lld_util_get_local_offset                0x000087f7   Thumb Code     0  stack_rom_symbol.txt ABSOLUTE
    lld_util_get_peer_offset                 0x00008815   Thumb Code     0  stack_rom_symbol.txt ABSOLUTE
    lld_util_connection_param_set            0x00008835   Thumb Code     0  stack_rom_symbol.txt ABSOLUTE
    lld_util_dle_set_cs_fields               0x0000887f   Thumb Code     0  stack_rom_symbol.txt ABSOLUTE
    lld_util_anchor_point_move               0x000088a1   Thumb Code     0  stack_rom_symbol.txt ABSOLUTE
    lld_util_flush_list                      0x00008971   Thumb Code     0  stack_rom_symbol.txt ABSOLUTE
    lld_util_instant_ongoing                 0x00008987   Thumb Code     0  stack_rom_symbol.txt ABSOLUTE
    lld_util_compute_ce_max                  0x00008993   Thumb Code     0  stack_rom_symbol.txt ABSOLUTE
    lld_util_elt_programmed                  0x00008a25   Thumb Code     0  stack_rom_symbol.txt ABSOLUTE
    lld_util_priority_set                    0x00008a43   Thumb Code     0  stack_rom_symbol.txt ABSOLUTE
    lld_util_priority_update                 0x00008a87   Thumb Code     0  stack_rom_symbol.txt ABSOLUTE
    lld_util_get_tx_pkt_cnt                  0x00008a8d   Thumb Code     0  stack_rom_symbol.txt ABSOLUTE
    lld_util_eff_tx_time_set                 0x00008a93   Thumb Code     0  stack_rom_symbol.txt ABSOLUTE
    llm_ral_clear                            0x00008ab9   Thumb Code     0  stack_rom_symbol.txt ABSOLUTE
    llm_wl_clr                               0x00008ad7   Thumb Code     0  stack_rom_symbol.txt ABSOLUTE
    llm_encryption_start                     0x00008b29   Thumb Code     0  stack_rom_symbol.txt ABSOLUTE
    llm_encryption_done                      0x00008bb7   Thumb Code     0  stack_rom_symbol.txt ABSOLUTE
    llm_init                                 0x00008c4f   Thumb Code     0  stack_rom_symbol.txt ABSOLUTE
    llm_common_cmd_complete_send             0x00008d4d   Thumb Code     0  stack_rom_symbol.txt ABSOLUTE
    llm_ble_ready                            0x00008d65   Thumb Code     0  stack_rom_symbol.txt ABSOLUTE
    llm_common_cmd_status_send               0x00008ed5   Thumb Code     0  stack_rom_symbol.txt ABSOLUTE
    llm_ral_update                           0x00009055   Thumb Code     0  stack_rom_symbol.txt ABSOLUTE
    llm_wl_dev_add                           0x0000929b   Thumb Code     0  stack_rom_symbol.txt ABSOLUTE
    llm_wl_dev_rem                           0x000092f5   Thumb Code     0  stack_rom_symbol.txt ABSOLUTE
    llm_wl_dev_add_hdl                       0x0000931b   Thumb Code     0  stack_rom_symbol.txt ABSOLUTE
    llm_wl_dev_rem_hdl                       0x0000938d   Thumb Code     0  stack_rom_symbol.txt ABSOLUTE
    llm_ral_dev_add                          0x000093f7   Thumb Code     0  stack_rom_symbol.txt ABSOLUTE
    llm_ral_dev_rm                           0x000094f5   Thumb Code     0  stack_rom_symbol.txt ABSOLUTE
    llm_ral_get_rpa                          0x0000952b   Thumb Code     0  stack_rom_symbol.txt ABSOLUTE
    llm_ral_set_timeout                      0x000095a5   Thumb Code     0  stack_rom_symbol.txt ABSOLUTE
    hci_command_handler                      0x00009cfb   Thumb Code     0  stack_rom_symbol.txt ABSOLUTE
    llm_util_bd_addr_wl_position             0x00009df1   Thumb Code     0  stack_rom_symbol.txt ABSOLUTE
    llm_util_bl_check                        0x00009e63   Thumb Code     0  stack_rom_symbol.txt ABSOLUTE
    llm_util_bd_addr_in_wl                   0x00009ecd   Thumb Code     0  stack_rom_symbol.txt ABSOLUTE
    llm_util_check_address_validity          0x00009f1b   Thumb Code     0  stack_rom_symbol.txt ABSOLUTE
    llm_util_check_map_validity              0x00009f2b   Thumb Code     0  stack_rom_symbol.txt ABSOLUTE
    llm_util_apply_bd_addr                   0x00009f7b   Thumb Code     0  stack_rom_symbol.txt ABSOLUTE
    llm_util_set_public_addr                 0x00009f99   Thumb Code     0  stack_rom_symbol.txt ABSOLUTE
    llm_util_check_evt_mask                  0x00009fa9   Thumb Code     0  stack_rom_symbol.txt ABSOLUTE
    llm_util_get_channel_map                 0x00009fc9   Thumb Code     0  stack_rom_symbol.txt ABSOLUTE
    llm_util_get_supp_features               0x00009fcb   Thumb Code     0  stack_rom_symbol.txt ABSOLUTE
    llm_util_bd_addr_in_ral                  0x0000a013   Thumb Code     0  stack_rom_symbol.txt ABSOLUTE
    llm_util_bl_add                          0x0000a081   Thumb Code     0  stack_rom_symbol.txt ABSOLUTE
    llm_util_bl_rem                          0x0000a105   Thumb Code     0  stack_rom_symbol.txt ABSOLUTE
    llm_end_evt_defer                        0x0000a167   Thumb Code     0  stack_rom_symbol.txt ABSOLUTE
    llm_pdu_defer                            0x0000a22f   Thumb Code     0  stack_rom_symbol.txt ABSOLUTE
    ea_elt_cancel                            0x0000a351   Thumb Code     0  stack_rom_symbol.txt ABSOLUTE
    ea_time_get_slot_rounded                 0x0000a44d   Thumb Code     0  stack_rom_symbol.txt ABSOLUTE
    ea_init                                  0x0000a52b   Thumb Code     0  stack_rom_symbol.txt ABSOLUTE
    ea_elt_create                            0x0000a54f   Thumb Code     0  stack_rom_symbol.txt ABSOLUTE
    ea_time_get_halfslot_rounded             0x0000a569   Thumb Code     0  stack_rom_symbol.txt ABSOLUTE
    ea_elt_insert                            0x0000a593   Thumb Code     0  stack_rom_symbol.txt ABSOLUTE
    ea_elt_remove                            0x0000a7df   Thumb Code     0  stack_rom_symbol.txt ABSOLUTE
    ea_interval_create                       0x0000a849   Thumb Code     0  stack_rom_symbol.txt ABSOLUTE
    ea_interval_insert                       0x0000a85f   Thumb Code     0  stack_rom_symbol.txt ABSOLUTE
    ea_interval_remove                       0x0000a86d   Thumb Code     0  stack_rom_symbol.txt ABSOLUTE
    ea_interval_delete                       0x0000a87d   Thumb Code     0  stack_rom_symbol.txt ABSOLUTE
    ea_finetimer_isr                         0x0000a897   Thumb Code     0  stack_rom_symbol.txt ABSOLUTE
    ea_sw_isr                                0x0000a96b   Thumb Code     0  stack_rom_symbol.txt ABSOLUTE
    ea_offset_req                            0x0000a98b   Thumb Code     0  stack_rom_symbol.txt ABSOLUTE
    ea_timer_target_get                      0x0000ab43   Thumb Code     0  stack_rom_symbol.txt ABSOLUTE
    ea_sleep_check                           0x0000ab5f   Thumb Code     0  stack_rom_symbol.txt ABSOLUTE
    ea_interval_duration_req                 0x0000abad   Thumb Code     0  stack_rom_symbol.txt ABSOLUTE
    gapc_update_state                        0x0000acc9   Thumb Code     0  stack_rom_symbol.txt ABSOLUTE
    gapc_get_requester                       0x0000acf9   Thumb Code     0  stack_rom_symbol.txt ABSOLUTE
    gapc_send_complete_evt                   0x0000ad15   Thumb Code     0  stack_rom_symbol.txt ABSOLUTE
    gapc_init                                0x0000addf   Thumb Code     0  stack_rom_symbol.txt ABSOLUTE
    gapc_con_create                          0x0000ae11   Thumb Code     0  stack_rom_symbol.txt ABSOLUTE
    gapc_con_cleanup                         0x0000af25   Thumb Code     0  stack_rom_symbol.txt ABSOLUTE
    gapc_send_disconect_ind                  0x0000af35   Thumb Code     0  stack_rom_symbol.txt ABSOLUTE
    gapc_get_conidx                          0x0000af57   Thumb Code     0  stack_rom_symbol.txt ABSOLUTE
    gapc_get_conhdl                          0x0000af7d   Thumb Code     0  stack_rom_symbol.txt ABSOLUTE
    gapc_get_role                            0x0000af91   Thumb Code     0  stack_rom_symbol.txt ABSOLUTE
    gapc_get_bdaddr                          0x0000afad   Thumb Code     0  stack_rom_symbol.txt ABSOLUTE
    gapc_get_csrk                            0x0000afcd   Thumb Code     0  stack_rom_symbol.txt ABSOLUTE
    gapc_get_sign_counter                    0x0000afeb   Thumb Code     0  stack_rom_symbol.txt ABSOLUTE
    gapc_send_error_evt                      0x0000b009   Thumb Code     0  stack_rom_symbol.txt ABSOLUTE
    gapc_get_operation                       0x0000b02b   Thumb Code     0  stack_rom_symbol.txt ABSOLUTE
    gapc_get_operation_ptr                   0x0000b041   Thumb Code     0  stack_rom_symbol.txt ABSOLUTE
    gapc_set_operation_ptr                   0x0000b04d   Thumb Code     0  stack_rom_symbol.txt ABSOLUTE
    gapc_reschedule_operation                0x0000b059   Thumb Code     0  stack_rom_symbol.txt ABSOLUTE
    gapc_is_sec_set                          0x0000b09b   Thumb Code     0  stack_rom_symbol.txt ABSOLUTE
    gapc_lk_sec_lvl_get                      0x0000b0cf   Thumb Code     0  stack_rom_symbol.txt ABSOLUTE
    gapc_enc_keysize_get                     0x0000b0e9   Thumb Code     0  stack_rom_symbol.txt ABSOLUTE
    gapc_enc_keysize_set                     0x0000b101   Thumb Code     0  stack_rom_symbol.txt ABSOLUTE
    gapc_link_encrypted                      0x0000b115   Thumb Code     0  stack_rom_symbol.txt ABSOLUTE
    gapc_auth_set                            0x0000b12d   Thumb Code     0  stack_rom_symbol.txt ABSOLUTE
    gapc_auth_get                            0x0000b175   Thumb Code     0  stack_rom_symbol.txt ABSOLUTE
    gapc_svc_chg_ccc_get                     0x0000b1a5   Thumb Code     0  stack_rom_symbol.txt ABSOLUTE
    gapc_svc_chg_ccc_set                     0x0000b1b5   Thumb Code     0  stack_rom_symbol.txt ABSOLUTE
    gapc_param_update_sanity                 0x0000b1cb   Thumb Code     0  stack_rom_symbol.txt ABSOLUTE
    gapc_hci_handler                         0x0000b779   Thumb Code     0  stack_rom_symbol.txt ABSOLUTE
    gapc_sig_pdu_recv_handler                0x0000b881   Thumb Code     0  stack_rom_symbol.txt ABSOLUTE
    gapc_process_op                          0x0000b8bd   Thumb Code     0  stack_rom_symbol.txt ABSOLUTE
    gapm_update_state                        0x0000c719   Thumb Code     0  stack_rom_symbol.txt ABSOLUTE
    gapm_init                                0x0000c797   Thumb Code     0  stack_rom_symbol.txt ABSOLUTE
    gapm_init_attr                           0x0000c805   Thumb Code     0  stack_rom_symbol.txt ABSOLUTE
    gapm_get_operation                       0x0000c831   Thumb Code     0  stack_rom_symbol.txt ABSOLUTE
    gapm_get_requester                       0x0000c843   Thumb Code     0  stack_rom_symbol.txt ABSOLUTE
    gapm_reschedule_operation                0x0000c85b   Thumb Code     0  stack_rom_symbol.txt ABSOLUTE
    gapm_send_complete_evt                   0x0000c87d   Thumb Code     0  stack_rom_symbol.txt ABSOLUTE
    gapm_send_error_evt                      0x0000c8b3   Thumb Code     0  stack_rom_symbol.txt ABSOLUTE
    gapm_get_address_type                    0x0000c8d3   Thumb Code     0  stack_rom_symbol.txt ABSOLUTE
    gapm_con_create                          0x0000c8df   Thumb Code     0  stack_rom_symbol.txt ABSOLUTE
    gapm_con_enable                          0x0000c94d   Thumb Code     0  stack_rom_symbol.txt ABSOLUTE
    gapm_con_cleanup                         0x0000c959   Thumb Code     0  stack_rom_symbol.txt ABSOLUTE
    gapm_get_id_from_task                    0x0000c98f   Thumb Code     0  stack_rom_symbol.txt ABSOLUTE
    gapm_get_task_from_id                    0x0000c9cf   Thumb Code     0  stack_rom_symbol.txt ABSOLUTE
    gapm_is_disc_connection                  0x0000ca11   Thumb Code     0  stack_rom_symbol.txt ABSOLUTE
    gapm_get_max_mtu                         0x0000ca37   Thumb Code     0  stack_rom_symbol.txt ABSOLUTE
    gapm_get_max_mps                         0x0000ca3d   Thumb Code     0  stack_rom_symbol.txt ABSOLUTE
    gapm_set_max_mtu                         0x0000ca43   Thumb Code     0  stack_rom_symbol.txt ABSOLUTE
    gapm_set_max_mps                         0x0000ca5d   Thumb Code     0  stack_rom_symbol.txt ABSOLUTE
    gapm_addr_check                          0x0000ca73   Thumb Code     0  stack_rom_symbol.txt ABSOLUTE
    gapm_dle_val_check                       0x0000ca8f   Thumb Code     0  stack_rom_symbol.txt ABSOLUTE
    gapm_is_legacy_pairing_supp              0x0000caab   Thumb Code     0  stack_rom_symbol.txt ABSOLUTE
    gapm_is_sec_con_pairing_supp             0x0000cab7   Thumb Code     0  stack_rom_symbol.txt ABSOLUTE
    gapm_is_pref_con_param_pres              0x0000cb6d   Thumb Code     0  stack_rom_symbol.txt ABSOLUTE
    gapm_get_att_handle                      0x0000cb77   Thumb Code     0  stack_rom_symbol.txt ABSOLUTE
    gapm_svc_chg_en                          0x0000cb9f   Thumb Code     0  stack_rom_symbol.txt ABSOLUTE
    gapm_hci_handler                         0x0000d435   Thumb Code     0  stack_rom_symbol.txt ABSOLUTE
    gapm_get_local_addrtype                  0x0000dfcd   Thumb Code     0  stack_rom_symbol.txt ABSOLUTE
    gapm_get_role                            0x0000e1b3   Thumb Code     0  stack_rom_symbol.txt ABSOLUTE
    gapm_update_air_op_state                 0x0000e1b9   Thumb Code     0  stack_rom_symbol.txt ABSOLUTE
    gapm_get_irk                             0x0000e26d   Thumb Code     0  stack_rom_symbol.txt ABSOLUTE
    gapm_get_bdaddr                          0x0000e273   Thumb Code     0  stack_rom_symbol.txt ABSOLUTE
    gapm_basic_hci_cmd_send                  0x0000e279   Thumb Code     0  stack_rom_symbol.txt ABSOLUTE
    gapm_setup_conn                          0x0000e28d   Thumb Code     0  stack_rom_symbol.txt ABSOLUTE
    gapm_get_adv_mode                        0x0000e2e9   Thumb Code     0  stack_rom_symbol.txt ABSOLUTE
    gapm_op_reset_continue                   0x0000e305   Thumb Code     0  stack_rom_symbol.txt ABSOLUTE
    gapm_op_setup_continue                   0x0000e38b   Thumb Code     0  stack_rom_symbol.txt ABSOLUTE
    smpc_send_use_enc_block_cmd              0x0000e521   Thumb Code     0  stack_rom_symbol.txt ABSOLUTE
    smpc_send_start_enc_cmd                  0x0000e559   Thumb Code     0  stack_rom_symbol.txt ABSOLUTE
    smpc_send_ltk_req_rsp                    0x0000e5c9   Thumb Code     0  stack_rom_symbol.txt ABSOLUTE
    smpc_send_pairing_req_ind                0x0000e625   Thumb Code     0  stack_rom_symbol.txt ABSOLUTE
    smpc_send_pairing_ind                    0x0000e6d7   Thumb Code     0  stack_rom_symbol.txt ABSOLUTE
    smpc_check_pairing_feat                  0x0000e761   Thumb Code     0  stack_rom_symbol.txt ABSOLUTE
    smpc_launch_rep_att_timer                0x0000e787   Thumb Code     0  stack_rom_symbol.txt ABSOLUTE
    smpc_check_repeated_attempts             0x0000e7c1   Thumb Code     0  stack_rom_symbol.txt ABSOLUTE
    smpc_check_max_key_size                  0x0000e813   Thumb Code     0  stack_rom_symbol.txt ABSOLUTE
    smpc_check_key_distrib                   0x0000e83b   Thumb Code     0  stack_rom_symbol.txt ABSOLUTE
    smpc_xor                                 0x0000e8c1   Thumb Code     0  stack_rom_symbol.txt ABSOLUTE
    smpc_generate_l                          0x0000e8d9   Thumb Code     0  stack_rom_symbol.txt ABSOLUTE
    smpc_generate_ci                         0x0000e941   Thumb Code     0  stack_rom_symbol.txt ABSOLUTE
    smpc_generate_rand                       0x0000e9a1   Thumb Code     0  stack_rom_symbol.txt ABSOLUTE
    smpc_generate_e1                         0x0000e9c7   Thumb Code     0  stack_rom_symbol.txt ABSOLUTE
    smpc_generate_cfm                        0x0000ea85   Thumb Code     0  stack_rom_symbol.txt ABSOLUTE
    smpc_generate_stk                        0x0000eaff   Thumb Code     0  stack_rom_symbol.txt ABSOLUTE
    smpc_calc_subkeys                        0x0000eb55   Thumb Code     0  stack_rom_symbol.txt ABSOLUTE
    smpc_clear_timeout_timer                 0x0000ebcb   Thumb Code     0  stack_rom_symbol.txt ABSOLUTE
    smpc_pairing_end                         0x0000ebf3   Thumb Code     0  stack_rom_symbol.txt ABSOLUTE
    smpc_tkdp_rcp_continue                   0x0000ec5b   Thumb Code     0  stack_rom_symbol.txt ABSOLUTE
    smpc_tkdp_rcp_start                      0x0000eceb   Thumb Code     0  stack_rom_symbol.txt ABSOLUTE
    smpc_pdu_send                            0x0000ed1b   Thumb Code     0  stack_rom_symbol.txt ABSOLUTE
    smpc_tkdp_send_continue                  0x0000edaf   Thumb Code     0  stack_rom_symbol.txt ABSOLUTE
    smpc_tkdp_send_start                     0x0000ee79   Thumb Code     0  stack_rom_symbol.txt ABSOLUTE
    smpc_get_key_sec_prop                    0x0000eea9   Thumb Code     0  stack_rom_symbol.txt ABSOLUTE
    smpc_is_sec_mode_reached                 0x0000ef21   Thumb Code     0  stack_rom_symbol.txt ABSOLUTE
    smpc_handle_enc_change_evt               0x0000ef4b   Thumb Code     0  stack_rom_symbol.txt ABSOLUTE
    smpc_pdu_recv                            0x0000efdb   Thumb Code     0  stack_rom_symbol.txt ABSOLUTE
    smpc_pairing_tk_exch                     0x0000f049   Thumb Code     0  stack_rom_symbol.txt ABSOLUTE
    smpc_pairing_ltk_exch                    0x0000f0ad   Thumb Code     0  stack_rom_symbol.txt ABSOLUTE
    smpc_pairing_irk_exch                    0x0000f113   Thumb Code     0  stack_rom_symbol.txt ABSOLUTE
    smpc_pairing_csrk_exch                   0x0000f14f   Thumb Code     0  stack_rom_symbol.txt ABSOLUTE
    smpc_pairing_rsp                         0x0000f193   Thumb Code     0  stack_rom_symbol.txt ABSOLUTE
    smpc_sign_command                        0x0000f355   Thumb Code     0  stack_rom_symbol.txt ABSOLUTE
    smpc_sign_cont                           0x0000f41f   Thumb Code     0  stack_rom_symbol.txt ABSOLUTE
    smpc_calc_confirm_cont                   0x0000f5cd   Thumb Code     0  stack_rom_symbol.txt ABSOLUTE
    smpc_confirm_gen_rand                    0x0000f6a9   Thumb Code     0  stack_rom_symbol.txt ABSOLUTE
    smpc_key_press_notification_ind          0x0000f6f7   Thumb Code     0  stack_rom_symbol.txt ABSOLUTE
    smpc_check_param                         0x0000f71d   Thumb Code     0  stack_rom_symbol.txt ABSOLUTE
    smpm_gen_rand_addr                       0x0000fac5   Thumb Code     0  stack_rom_symbol.txt ABSOLUTE
    smpm_send_encrypt_req                    0x0000fae1   Thumb Code     0  stack_rom_symbol.txt ABSOLUTE
    smpm_resolv_addr                         0x0000fb0f   Thumb Code     0  stack_rom_symbol.txt ABSOLUTE
    smpm_use_enc_block                       0x0000fb31   Thumb Code     0  stack_rom_symbol.txt ABSOLUTE
    smpm_gen_rand_nb                         0x0000fb33   Thumb Code     0  stack_rom_symbol.txt ABSOLUTE
    attc_l2cc_pdu_recv_handler               0x00010543   Thumb Code     0  stack_rom_symbol.txt ABSOLUTE
    attm_convert_to128                       0x00010599   Thumb Code     0  stack_rom_symbol.txt ABSOLUTE
    attm_uuid_comp                           0x000105c9   Thumb Code     0  stack_rom_symbol.txt ABSOLUTE
    attm_uuid16_comp                         0x00010621   Thumb Code     0  stack_rom_symbol.txt ABSOLUTE
    attm_is_bt16_uuid                        0x0001062d   Thumb Code     0  stack_rom_symbol.txt ABSOLUTE
    attm_is_bt32_uuid                        0x00010653   Thumb Code     0  stack_rom_symbol.txt ABSOLUTE
    attm_convert_to128_ti                    0x0001067b   Thumb Code     0  stack_rom_symbol.txt ABSOLUTE
    attm_svc_create_db                       0x000106ab   Thumb Code     0  stack_rom_symbol.txt ABSOLUTE
    attm_svc_create_db_128                   0x000107ab   Thumb Code     0  stack_rom_symbol.txt ABSOLUTE
    attm_svc_create_db128                    0x000108d7   Thumb Code     0  stack_rom_symbol.txt ABSOLUTE
    attm_reserve_handle_range                0x00010a15   Thumb Code     0  stack_rom_symbol.txt ABSOLUTE
    attm_att_set_value                       0x00010a37   Thumb Code     0  stack_rom_symbol.txt ABSOLUTE
    attm_get_value                           0x00010ae9   Thumb Code     0  stack_rom_symbol.txt ABSOLUTE
    attm_att_set_permission                  0x00010c51   Thumb Code     0  stack_rom_symbol.txt ABSOLUTE
    attm_att_update_perm                     0x00010cc7   Thumb Code     0  stack_rom_symbol.txt ABSOLUTE
    attm_svc_set_permission                  0x00010d35   Thumb Code     0  stack_rom_symbol.txt ABSOLUTE
    attm_svc_get_permission                  0x00010d59   Thumb Code     0  stack_rom_symbol.txt ABSOLUTE
    attm_init                                0x00010d77   Thumb Code     0  stack_rom_symbol.txt ABSOLUTE
    attmdb_svc_check_hdl                     0x0001108f   Thumb Code     0  stack_rom_symbol.txt ABSOLUTE
    attmdb_add_service                       0x000110df   Thumb Code     0  stack_rom_symbol.txt ABSOLUTE
    attmdb_destroy                           0x00011155   Thumb Code     0  stack_rom_symbol.txt ABSOLUTE
    attmdb_get_service                       0x0001116f   Thumb Code     0  stack_rom_symbol.txt ABSOLUTE
    attmdb_get_attribute                     0x000111ad   Thumb Code     0  stack_rom_symbol.txt ABSOLUTE
    attmdb_get_next_att                      0x000111e1   Thumb Code     0  stack_rom_symbol.txt ABSOLUTE
    attmdb_uuid16_comp                       0x00011257   Thumb Code     0  stack_rom_symbol.txt ABSOLUTE
    attmdb_get_max_len                       0x00011295   Thumb Code     0  stack_rom_symbol.txt ABSOLUTE
    attmdb_get_uuid                          0x000112ff   Thumb Code     0  stack_rom_symbol.txt ABSOLUTE
    attmdb_att_get_permission                0x000113d5   Thumb Code     0  stack_rom_symbol.txt ABSOLUTE
    atts_clear_read_cache                    0x00011585   Thumb Code     0  stack_rom_symbol.txt ABSOLUTE
    atts_send_error                          0x000116df   Thumb Code     0  stack_rom_symbol.txt ABSOLUTE
    atts_write_signed_cfm                    0x00011703   Thumb Code     0  stack_rom_symbol.txt ABSOLUTE
    atts_send_event                          0x00011745   Thumb Code     0  stack_rom_symbol.txt ABSOLUTE
    atts_clear_prep_data                     0x000117d1   Thumb Code     0  stack_rom_symbol.txt ABSOLUTE
    atts_clear_rsp_data                      0x000117ed   Thumb Code     0  stack_rom_symbol.txt ABSOLUTE
    atts_write_rsp_send                      0x00011809   Thumb Code     0  stack_rom_symbol.txt ABSOLUTE
    atts_process_pdu                         0x000124a3   Thumb Code     0  stack_rom_symbol.txt ABSOLUTE
    atts_l2cc_pdu_recv_handler               0x00012509   Thumb Code     0  stack_rom_symbol.txt ABSOLUTE
    gattc_update_state                       0x0001274f   Thumb Code     0  stack_rom_symbol.txt ABSOLUTE
    gattc_get_requester                      0x00012773   Thumb Code     0  stack_rom_symbol.txt ABSOLUTE
    gattc_send_complete_evt                  0x0001278f   Thumb Code     0  stack_rom_symbol.txt ABSOLUTE
    gattc_cleanup                            0x000127ed   Thumb Code     0  stack_rom_symbol.txt ABSOLUTE
    gattc_init                               0x00012887   Thumb Code     0  stack_rom_symbol.txt ABSOLUTE
    gattc_create                             0x000128bb   Thumb Code     0  stack_rom_symbol.txt ABSOLUTE
    gattc_con_enable                         0x0001292d   Thumb Code     0  stack_rom_symbol.txt ABSOLUTE
    gattc_get_mtu                            0x00012941   Thumb Code     0  stack_rom_symbol.txt ABSOLUTE
    gattc_set_mtu                            0x0001294d   Thumb Code     0  stack_rom_symbol.txt ABSOLUTE
    gattc_send_error_evt                     0x0001298b   Thumb Code     0  stack_rom_symbol.txt ABSOLUTE
    gattc_get_operation                      0x000129b1   Thumb Code     0  stack_rom_symbol.txt ABSOLUTE
    gattc_get_op_seq_num                     0x000129c7   Thumb Code     0  stack_rom_symbol.txt ABSOLUTE
    gattc_get_operation_ptr                  0x000129dd   Thumb Code     0  stack_rom_symbol.txt ABSOLUTE
    gattc_set_operation_ptr                  0x000129e9   Thumb Code     0  stack_rom_symbol.txt ABSOLUTE
    gattc_reschedule_operation               0x000129f5   Thumb Code     0  stack_rom_symbol.txt ABSOLUTE
    gattm_svc_get_start_hdl                  0x00013921   Thumb Code     0  stack_rom_symbol.txt ABSOLUTE
    gattm_init                               0x00013927   Thumb Code     0  stack_rom_symbol.txt ABSOLUTE
    gattm_init_attr                          0x00013945   Thumb Code     0  stack_rom_symbol.txt ABSOLUTE
    gattm_create                             0x000139ad   Thumb Code     0  stack_rom_symbol.txt ABSOLUTE
    gattm_cleanup                            0x000139b5   Thumb Code     0  stack_rom_symbol.txt ABSOLUTE
    l2cc_send_error_evt                      0x000139d1   Thumb Code     0  stack_rom_symbol.txt ABSOLUTE
    l2cc_update_state                        0x000139f9   Thumb Code     0  stack_rom_symbol.txt ABSOLUTE
    l2cc_send_complete_evt                   0x00013a1f   Thumb Code     0  stack_rom_symbol.txt ABSOLUTE
    l2cc_cleanup                             0x00013a71   Thumb Code     0  stack_rom_symbol.txt ABSOLUTE
    l2cc_init                                0x00013b27   Thumb Code     0  stack_rom_symbol.txt ABSOLUTE
    l2cc_create                              0x00013b5d   Thumb Code     0  stack_rom_symbol.txt ABSOLUTE
    l2cc_get_operation                       0x00013b9f   Thumb Code     0  stack_rom_symbol.txt ABSOLUTE
    l2cc_get_operation_ptr                   0x00013bb3   Thumb Code     0  stack_rom_symbol.txt ABSOLUTE
    l2cc_set_operation_ptr                   0x00013bbf   Thumb Code     0  stack_rom_symbol.txt ABSOLUTE
    l2cc_data_send                           0x00013bcb   Thumb Code     0  stack_rom_symbol.txt ABSOLUTE
    l2cc_pdu_pack                            0x0001417f   Thumb Code     0  stack_rom_symbol.txt ABSOLUTE
    l2cc_pdu_unpack                          0x000143ef   Thumb Code     0  stack_rom_symbol.txt ABSOLUTE
    l2cc_pdu_header_check                    0x00014651   Thumb Code     0  stack_rom_symbol.txt ABSOLUTE
    l2cc_sig_send_cmd_reject                 0x00014899   Thumb Code     0  stack_rom_symbol.txt ABSOLUTE
    l2cc_sig_pdu_recv_handler                0x00014d79   Thumb Code     0  stack_rom_symbol.txt ABSOLUTE
    l2cc_process_op                          0x00014dc9   Thumb Code     0  stack_rom_symbol.txt ABSOLUTE
    l2cc_pdu_alloc                           0x000154bb   Thumb Code     0  stack_rom_symbol.txt ABSOLUTE
    l2cc_pdu_send                            0x000154e5   Thumb Code     0  stack_rom_symbol.txt ABSOLUTE
    l2cm_init                                0x0001554b   Thumb Code     0  stack_rom_symbol.txt ABSOLUTE
    l2cm_create                              0x00015571   Thumb Code     0  stack_rom_symbol.txt ABSOLUTE
    l2cm_cleanup                             0x00015579   Thumb Code     0  stack_rom_symbol.txt ABSOLUTE
    l2cm_set_link_layer_buff_size            0x00015583   Thumb Code     0  stack_rom_symbol.txt ABSOLUTE
    l2cm_get_nb_buffer_available             0x0001558d   Thumb Code     0  stack_rom_symbol.txt ABSOLUTE
    l2cm_tx_status                           0x00015599   Thumb Code     0  stack_rom_symbol.txt ABSOLUTE
    hci_evt_mask_set                         0x000155cd   Thumb Code     0  stack_rom_symbol.txt ABSOLUTE
    hci_init                                 0x00015617   Thumb Code     0  stack_rom_symbol.txt ABSOLUTE
    hci_reset                                0x00015633   Thumb Code     0  stack_rom_symbol.txt ABSOLUTE
    hci_send_2_host                          0x0001564f   Thumb Code     0  stack_rom_symbol.txt ABSOLUTE
    hci_send_2_controller                    0x000156d7   Thumb Code     0  stack_rom_symbol.txt ABSOLUTE
    hci_fc_init                              0x00015799   Thumb Code     0  stack_rom_symbol.txt ABSOLUTE
    hci_fc_acl_buf_size_set                  0x000157a5   Thumb Code     0  stack_rom_symbol.txt ABSOLUTE
    hci_fc_acl_en                            0x000157c5   Thumb Code     0  stack_rom_symbol.txt ABSOLUTE
    hci_fc_acl_packet_sent                   0x000157ed   Thumb Code     0  stack_rom_symbol.txt ABSOLUTE
    hci_fc_host_nb_acl_pkts_complete         0x000157fd   Thumb Code     0  stack_rom_symbol.txt ABSOLUTE
    hci_fc_check_host_available_nb_acl_packets 0x0001580f   Thumb Code     0  stack_rom_symbol.txt ABSOLUTE
    hci_look_for_cmd_desc                    0x00015839   Thumb Code     0  stack_rom_symbol.txt ABSOLUTE
    hci_look_for_evt_desc                    0x00015889   Thumb Code     0  stack_rom_symbol.txt ABSOLUTE
    hci_look_for_le_evt_desc                 0x000158af   Thumb Code     0  stack_rom_symbol.txt ABSOLUTE
    __aeabi_uidiv                            0x000158d9   Thumb Code     0  stack_rom_symbol.txt ABSOLUTE
    __aeabi_uidivmod                         0x000158d9   Thumb Code     0  stack_rom_symbol.txt ABSOLUTE
    __aeabi_idiv                             0x00015905   Thumb Code     0  stack_rom_symbol.txt ABSOLUTE
    __aeabi_idivmod                          0x00015905   Thumb Code     0  stack_rom_symbol.txt ABSOLUTE
    rand                                     0x0001592d   Thumb Code     0  stack_rom_symbol.txt ABSOLUTE
    srand                                    0x0001593f   Thumb Code     0  stack_rom_symbol.txt ABSOLUTE
    __aeabi_memcpy                           0x00015951   Thumb Code     0  stack_rom_symbol.txt ABSOLUTE
    __aeabi_memcpy4                          0x00015951   Thumb Code     0  stack_rom_symbol.txt ABSOLUTE
    __aeabi_memcpy8                          0x00015951   Thumb Code     0  stack_rom_symbol.txt ABSOLUTE
    __aeabi_memset                           0x00015975   Thumb Code     0  stack_rom_symbol.txt ABSOLUTE
    __aeabi_memset4                          0x00015975   Thumb Code     0  stack_rom_symbol.txt ABSOLUTE
    __aeabi_memset8                          0x00015975   Thumb Code     0  stack_rom_symbol.txt ABSOLUTE
    __aeabi_memclr                           0x00015985   Thumb Code     0  stack_rom_symbol.txt ABSOLUTE
    __aeabi_memclr4                          0x00015985   Thumb Code     0  stack_rom_symbol.txt ABSOLUTE
    __aeabi_memclr8                          0x00015985   Thumb Code     0  stack_rom_symbol.txt ABSOLUTE
    _memset$wrapper                          0x00015989   Thumb Code     0  stack_rom_symbol.txt ABSOLUTE
    memcmp                                   0x0001599b   Thumb Code     0  stack_rom_symbol.txt ABSOLUTE
    __ARM_clz                                0x000159b4   ARM Code       0  stack_rom_symbol.txt ABSOLUTE
    __ARM_common_disable_fiq                 0x000159bc   ARM Code       0  stack_rom_symbol.txt ABSOLUTE
    __ARM_common_disable_irq                 0x000159d0   ARM Code       0  stack_rom_symbol.txt ABSOLUTE
    __ARM_common_enable_fiq                  0x000159e4   ARM Code       0  stack_rom_symbol.txt ABSOLUTE
    __ARM_common_enable_irq                  0x000159f4   ARM Code       0  stack_rom_symbol.txt ABSOLUTE
    __ARM_common_switch8                     0x00015a04   ARM Code       0  stack_rom_symbol.txt ABSOLUTE
    one_bits                                 0x00015a20   Data           0  stack_rom_symbol.txt ABSOLUTE
    co_sca2ppm                               0x00015a30   Data           0  stack_rom_symbol.txt ABSOLUTE
    co_null_bdaddr                           0x00015a40   Data           0  stack_rom_symbol.txt ABSOLUTE
    llc_default_handler                      0x00015bf8   Data           0  stack_rom_symbol.txt ABSOLUTE
    rwip_coex_cfg                            0x00015c10   Data           0  stack_rom_symbol.txt ABSOLUTE
    rwip_priority                            0x00015c15   Data           0  stack_rom_symbol.txt ABSOLUTE
    lld_pdu_adv_pk_desc_tab                  0x00015c24   Data           0  stack_rom_symbol.txt ABSOLUTE
    lld_pdu_llcp_pk_desc_tab                 0x00015c78   Data           0  stack_rom_symbol.txt ABSOLUTE
    llm_local_data_len_values                0x00015d86   Data           0  stack_rom_symbol.txt ABSOLUTE
    llm_local_cmds                           0x00015da4   Data           0  stack_rom_symbol.txt ABSOLUTE
    llm_local_le_feats                       0x00015de4   Data           0  stack_rom_symbol.txt ABSOLUTE
    llm_local_le_states                      0x00015dec   Data           0  stack_rom_symbol.txt ABSOLUTE
    llm_default_handler                      0x00015f54   Data           0  stack_rom_symbol.txt ABSOLUTE
    LLM_AA_CT1                               0x00015f5c   Data           0  stack_rom_symbol.txt ABSOLUTE
    LLM_AA_CT2                               0x00015f5f   Data           0  stack_rom_symbol.txt ABSOLUTE
    gapc_sig_handlers                        0x0001601c   Data           0  stack_rom_symbol.txt ABSOLUTE
    gapc_default_state                       0x00016034   Data           0  stack_rom_symbol.txt ABSOLUTE
    gapc_default_handler                     0x00016144   Data           0  stack_rom_symbol.txt ABSOLUTE
    gapm_default_state                       0x000162d4   Data           0  stack_rom_symbol.txt ABSOLUTE
    gapm_default_handler                     0x0001639c   Data           0  stack_rom_symbol.txt ABSOLUTE
    smpc_construct_pdu                       0x000163c0   Data           0  stack_rom_symbol.txt ABSOLUTE
    smpc_recv_pdu                            0x000163fc   Data           0  stack_rom_symbol.txt ABSOLUTE
    atts_handlers                            0x000164cc   Data           0  stack_rom_symbol.txt ABSOLUTE
    gattc_default_state                      0x00016544   Data           0  stack_rom_symbol.txt ABSOLUTE
    gattc_default_handler                    0x00016624   Data           0  stack_rom_symbol.txt ABSOLUTE
    gattm_default_state                      0x00016660   Data           0  stack_rom_symbol.txt ABSOLUTE
    gattm_default_handler                    0x00016668   Data           0  stack_rom_symbol.txt ABSOLUTE
    l2cc_sig_handlers                        0x00016794   Data           0  stack_rom_symbol.txt ABSOLUTE
    l2cc_default_state                       0x000167d4   Data           0  stack_rom_symbol.txt ABSOLUTE
    l2cc_default_handler                     0x00016834   Data           0  stack_rom_symbol.txt ABSOLUTE
    hci_cmd_desc_tab_lk_ctrl                 0x0001684c   Data           0  stack_rom_symbol.txt ABSOLUTE
    hci_cmd_desc_tab_ctrl_bb                 0x00016858   Data           0  stack_rom_symbol.txt ABSOLUTE
    hci_cmd_desc_tab_info_par                0x00016880   Data           0  stack_rom_symbol.txt ABSOLUTE
    hci_cmd_desc_tab_stat_par                0x00016894   Data           0  stack_rom_symbol.txt ABSOLUTE
    hci_cmd_desc_tab_le                      0x00016898   Data           0  stack_rom_symbol.txt ABSOLUTE
    hci_cmd_desc_tab_vs                      0x00016950   Data           0  stack_rom_symbol.txt ABSOLUTE
    hci_cmd_desc_root_tab                    0x0001695c   Data           0  stack_rom_symbol.txt ABSOLUTE
    hci_evt_desc_tab                         0x0001698c   Data           0  stack_rom_symbol.txt ABSOLUTE
    hci_evt_le_desc_tab                      0x0001699e   Data           0  stack_rom_symbol.txt ABSOLUTE
    boot_stack_base_UNUSED                   0x00017084   Data           4  boot_handlers.o(SYS_BOOT)
    boot_stack_len_UNUSED                    0x00017088   Data           4  boot_handlers.o(SYS_BOOT)
    boot_stack_base_IRQ                      0x0001708c   Data           4  boot_handlers.o(SYS_BOOT)
    boot_stack_len_IRQ                       0x00017090   Data           4  boot_handlers.o(SYS_BOOT)
    boot_stack_base_SVC                      0x00017094   Data           4  boot_handlers.o(SYS_BOOT)
    boot_stack_len_SVC                       0x00017098   Data           4  boot_handlers.o(SYS_BOOT)
    boot_stack_base_FIQ                      0x0001709c   Data           4  boot_handlers.o(SYS_BOOT)
    boot_stack_len_FIQ                       0x000170a0   Data           4  boot_handlers.o(SYS_BOOT)
    sys_Reset                                0x000170a4   ARM Code       0  boot_handlers.o(SYS_BOOT)
    Long ARM to Thumb Veneer to Undefined_Exception 0x00017270   ARM Code       8  anon$$obj.o(Veneer$$Code)
    Long ARM to Thumb Veneer to SoftwareInterrupt_Exception 0x00017278   ARM Code       8  anon$$obj.o(Veneer$$Code)
    Long ARM to Thumb Veneer to PrefetchAbort_Exception 0x00017280   ARM Code       8  anon$$obj.o(Veneer$$Code)
    Long ARM to Thumb Veneer to DataAbort_Exception 0x00017288   ARM Code       8  anon$$obj.o(Veneer$$Code)
    Long ARM to Thumb Veneer to Reserved_Exception 0x00017290   ARM Code       8  anon$$obj.o(Veneer$$Code)
    Long ARM to Thumb Veneer to rw_main      0x00017298   ARM Code       8  anon$$obj.o(Veneer$$Code)
    SYSirq_FIQ_Handler                       0x00017300   ARM Code      16  intc.o(sys_fiq_entry)
    SYSirq_IRQ_Handler                       0x00017320   ARM Code      16  intc.o(sys_irq_entry)
    assert_err                               0x00017331   Thumb Code    18  arch_main.o(.text)
    assert_param                             0x00017343   Thumb Code    22  arch_main.o(.text)
    assert_warn                              0x00017359   Thumb Code    22  arch_main.o(.text)
    dump_data                                0x0001736f   Thumb Code    18  arch_main.o(.text)
    platform_reset                           0x00017381   Thumb Code    46  arch_main.o(.text)
    bdaddr_env_init                          0x000173af   Thumb Code    74  arch_main.o(.text)
    ble_clk_enable                           0x000173f9   Thumb Code    10  arch_main.o(.text)
    rom_env_init                             0x00017403   Thumb Code    86  arch_main.o(.text)
    rwip_eif_api_init                        0x00017459   Thumb Code    20  arch_main.o(.text)
    rw_main                                  0x0001746d   Thumb Code   212  arch_main.o(.text)
    rwip_eif_get                             0x00017541   Thumb Code    16  arch_main.o(.text)
    rwble_init                               0x000177c5   Thumb Code    28  rwble.o(.text)
    rwble_reset                              0x000177e1   Thumb Code    86  rwble.o(.text)
    rwble_sleep_check                        0x00017837   Thumb Code    16  rwble.o(.text)
    rwble_activity_ongoing_check             0x00017847   Thumb Code    30  rwble.o(.text)
    rwble_version                            0x00017865   Thumb Code    44  rwble.o(.text)
    rwble_isr                                0x00017891   Thumb Code   172  rwble.o(.text)
    rwble_hl_init                            0x00017945   Thumb Code    28  rwble_hl.o(.text)
    rwble_hl_reset                           0x00017961   Thumb Code    28  rwble_hl.o(.text)
    rwip_check_wakeup_boundary               0x0001797d   Thumb Code    34  rwip.o(.text)
    rwip_init                                0x0001799f   Thumb Code   108  rwip.o(.text)
    rwip_reset                               0x00017a0b   Thumb Code    56  rwip.o(.text)
    rwip_version                             0x00017a43   Thumb Code     8  rwip.o(.text)
    rwip_schedule                            0x00017a4b   Thumb Code    16  rwip.o(.text)
    rwip_prevent_sleep_set                   0x00017a5b   Thumb Code    42  rwip.o(.text)
    rwip_sleep                               0x00017a85   Thumb Code   162  rwip.o(.text)
    rwip_wakeup                              0x00017b27   Thumb Code    20  rwip.o(.text)
    rwip_prevent_sleep_clear                 0x00017b3b   Thumb Code    42  rwip.o(.text)
    rwip_wakeup_end                          0x00017b65   Thumb Code    36  rwip.o(.text)
    rwip_us_2_lpcycles                       0x00017b89   Thumb Code    14  rwip.o(.text)
    rwip_wakeup_delay_set                    0x00017b97   Thumb Code    12  rwip.o(.text)
    rwip_prevent_sleep_get                   0x00017ba3   Thumb Code     6  rwip.o(.text)
    rwip_sleep_enable                        0x00017ba9   Thumb Code     6  rwip.o(.text)
    rwip_ext_wakeup_enable                   0x00017baf   Thumb Code     6  rwip.o(.text)
    rwip_sleep_lpcycles_2_us                 0x00017bb5   Thumb Code    42  rwip.o(.text)
    rwip_assert_err                          0x00017bdf   Thumb Code     2  rwip.o(.text)
    emi_init                                 0x00017c3d   Thumb Code    20  emi.o(.text)
    flash_init                               0x00017c55   Thumb Code    24  flash.o(.text)
    flash_readword                           0x00017c6d   Thumb Code    50  flash.o(.text)
    flash_writeword                          0x00017c9f   Thumb Code    50  flash.o(.text)
    flash_erase_sector                       0x00017cd1   Thumb Code    48  flash.o(.text)
    flash_erase                              0x00017d01   Thumb Code    36  flash.o(.text)
    flash_write                              0x00017d25   Thumb Code   110  flash.o(.text)
    flash_read                               0x00017d93   Thumb Code   102  flash.o(.text)
    crc16                                    0x00017df9   Thumb Code    44  flash.o(.text)
    write_lmecc_pointq                       0x00017e25   Thumb Code     2  flash.o(.text)
    read_lmecc_pointq_status                 0x00017e27   Thumb Code     4  flash.o(.text)
    read_lmecc_pointq                        0x00017e2b   Thumb Code     2  flash.o(.text)
    gpio_config                              0x00017e7d   Thumb Code   144  gpio.o(.text)
    gpio_get_input                           0x00017f0d   Thumb Code    28  gpio.o(.text)
    gpio_set                                 0x00017f29   Thumb Code    36  gpio.o(.text)
    gpio_init                                0x00017f4d   Thumb Code     2  gpio.o(.text)
    gpio_triger                              0x00017f4f   Thumb Code    20  gpio.o(.text)
    gpio_cb_register                         0x00017f63   Thumb Code    12  gpio.o(.text)
    gpio_isr                                 0x00017f6f   Thumb Code    42  gpio.o(.text)
    gpio_test_init                           0x00017f99   Thumb Code    54  gpio.o(.text)
    gpio_sleep                               0x00017fcf   Thumb Code    72  gpio.o(.text)
    gpio_wakeup                              0x00018017   Thumb Code    52  gpio.o(.text)
    DEBUG_MSG                                0x0001804b   Thumb Code     2  gpio.o(.text)
    system_sleep_init                        0x00018065   Thumb Code     8  icu.o(.text)
    icu_init                                 0x0001806d   Thumb Code    68  icu.o(.text)
    icu_get_sleep_mode                       0x000180b1   Thumb Code     6  icu.o(.text)
    icu_set_sleep_mode                       0x000180b7   Thumb Code     6  icu.o(.text)
    enter_deep_sleep                         0x000180bd   Thumb Code    48  icu.o(.text)
    cpu_reduce_voltage_sleep                 0x000180ed   Thumb Code    60  icu.o(.text)
    cpu_wakeup                               0x00018129   Thumb Code    32  icu.o(.text)
    cpu_idle_sleep                           0x00018149   Thumb Code     8  icu.o(.text)
    system_reset_reson                       0x00018151   Thumb Code    18  icu.o(.text)
    switch_clk                               0x00018163   Thumb Code    52  icu.o(.text)
    intc_spurious                            0x000181b9   Thumb Code     2  intc.o(.text)
    intc_init                                0x000181bb   Thumb Code    28  intc.o(.text)
    intc_stat_clear                          0x000181d7   Thumb Code     8  intc.o(.text)
    IRQ_Exception                            0x000181df   Thumb Code    90  intc.o(.text)
    FIQ_Exception                            0x00018239   Thumb Code    36  intc.o(.text)
    timer_init                               0x0001826d   Thumb Code     2  timer.o(.text)
    timer_set_timeout                        0x0001826f   Thumb Code     6  timer.o(.text)
    timer_get_time                           0x00018275   Thumb Code     6  timer.o(.text)
    timer_enable                             0x0001827b   Thumb Code     6  timer.o(.text)
    timer_isr                                0x00018281   Thumb Code    20  timer.o(.text)
    Read_Uart_Buf                            0x00018299   Thumb Code    14  uart.o(.text)
    Uart_Read_Byte                           0x000182a7   Thumb Code    10  uart.o(.text)
    uart_putchar                             0x000182b1   Thumb Code    34  uart.o(.text)
    uart_printf                              0x000182d3   Thumb Code    46  uart.o(.text)
    uart_printf_null                         0x00018301   Thumb Code     4  uart.o(.text)
    hex2Str                                  0x00018305   Thumb Code    46  uart.o(.text)
    uart_print_int                           0x00018333   Thumb Code    48  uart.o(.text)
    cpu_delay                                0x00018363   Thumb Code    26  uart.o(.text)
    uart_init                                0x0001837d   Thumb Code   136  uart.o(.text)
    uart_flow_on                             0x00018405   Thumb Code     2  uart.o(.text)
    uart_clear_rxfifo                        0x00018407   Thumb Code    26  uart.o(.text)
    uart_flow_off                            0x00018421   Thumb Code     4  uart.o(.text)
    uart_finish_transfers                    0x00018425   Thumb Code    24  uart.o(.text)
    uart_read                                0x0001843d   Thumb Code    66  uart.o(.text)
    uart_write                               0x0001847f   Thumb Code   112  uart.o(.text)
    uart_send                                0x000184ef   Thumb Code    26  uart.o(.text)
    uart_cb_register                         0x00018509   Thumb Code    10  uart.o(.text)
    uart_cb_clear                            0x00018513   Thumb Code    14  uart.o(.text)
    uart_isr                                 0x00018521   Thumb Code   106  uart.o(.text)
    check_uart_stop                          0x0001858b   Thumb Code    10  uart.o(.text)
    wdt_disable                              0x00018625   Thumb Code    28  wdt.o(.text)
    wdt_enable                               0x00018641   Thumb Code    38  wdt.o(.text)
    wdt_feed                                 0x00018667   Thumb Code    28  wdt.o(.text)
    rf_rssi_convert                          0x000186a1   Thumb Code    10  rf_xvr.o(.text)
    Delay_ms                                 0x000186c3   Thumb Code    26  rf_xvr.o(.text)
    kmod_calibration                         0x000186dd   Thumb Code   270  rf_xvr.o(.text)
    initial_xver_BK3432_openLoop             0x000187eb   Thumb Code   330  rf_xvr.o(.text)
    rf_init                                  0x00018935   Thumb Code    36  rf_xvr.o(.text)
    Delay_us                                 0x00018959   Thumb Code    20  rf_xvr.o(.text)
    Delay                                    0x0001896d   Thumb Code    20  rf_xvr.o(.text)
    CLK32K_AutoCali_init                     0x00018981   Thumb Code    16  rf_xvr.o(.text)
    bk3432_singleWaveCfg                     0x00018991   Thumb Code    56  rf_xvr.o(.text)
    bk3432_tx_en                             0x000189c9   Thumb Code    24  rf_xvr.o(.text)
    bk3432_set_power                         0x000189e1   Thumb Code    48  rf_xvr.o(.text)
    xtal_cal_set                             0x00018a11   Thumb Code    20  rf_xvr.o(.text)
    bass_get_att_handle                      0x00018c93   Thumb Code   122  bass.o(.text)
    bass_prf_itf_get                         0x00018d4d   Thumb Code     6  bass.o(.text)
    bass_get_att_idx                         0x00018d53   Thumb Code   112  bass.o(.text)
    bass_exe_operation                       0x00018dc3   Thumb Code   238  bass.o(.text)
    diss_compute_cfg_flag                    0x00019165   Thumb Code    40  diss.o(.text)
    diss_prf_itf_get                         0x00019237   Thumb Code     6  diss.o(.text)
    diss_handle_to_value                     0x0001923d   Thumb Code    54  diss.o(.text)
    diss_value_to_handle                     0x00019273   Thumb Code    60  diss.o(.text)
    diss_check_val_len                       0x000192af   Thumb Code    42  diss.o(.text)
    hogpd_get_att_handle                     0x000194b5   Thumb Code   244  hogpd.o(.text)
    hogpd_prf_itf_get                        0x000199eb   Thumb Code     6  hogpd.o(.text)
    hogpd_get_att_idx                        0x000199f1   Thumb Code   290  hogpd.o(.text)
    hogpd_ntf_send                           0x00019b13   Thumb Code   260  hogpd.o(.text)
    hogpd_ntf_cfg_ind_send                   0x00019c17   Thumb Code   164  hogpd.o(.text)
    prf_init                                 0x0001a2e9   Thumb Code   112  prf.o(.text)
    prf_add_profile                          0x0001a359   Thumb Code   130  prf.o(.text)
    prf_create                               0x0001a3db   Thumb Code    44  prf.o(.text)
    prf_cleanup                              0x0001a407   Thumb Code    48  prf.o(.text)
    prf_env_get                              0x0001a437   Thumb Code    44  prf.o(.text)
    prf_src_task_get                         0x0001a463   Thumb Code    16  prf.o(.text)
    prf_dst_task_get                         0x0001a473   Thumb Code    16  prf.o(.text)
    prf_get_id_from_task                     0x0001a483   Thumb Code    52  prf.o(.text)
    prf_get_task_from_id                     0x0001a4b7   Thumb Code    52  prf.o(.text)
    prf_pack_char_pres_fmt                   0x0001a519   Thumb Code    30  prf_utils.o(.text)
    prf_pack_date_time                       0x0001a537   Thumb Code    32  prf_utils.o(.text)
    prf_unpack_date_time                     0x0001a557   Thumb Code    34  prf_utils.o(.text)
    appm_init                                0x0001a579   Thumb Code    80  app.o(.text)
    appm_add_svc                             0x0001a5c9   Thumb Code    32  app.o(.text)
    appm_disconnect                          0x0001a5e9   Thumb Code    34  app.o(.text)
    appm_start_advertising                   0x0001a60b   Thumb Code   276  app.o(.text)
    appm_start_dirc_adver                    0x0001a71f   Thumb Code   152  app.o(.text)
    appm_start_white_list_dvertising         0x0001a7b7   Thumb Code    62  app.o(.text)
    appm_stop_advertising                    0x0001a7f5   Thumb Code    72  app.o(.text)
    appm_update_param                        0x0001a83d   Thumb Code    68  app.o(.text)
    appm_update_adv_data                     0x0001a881   Thumb Code    86  app.o(.text)
    appm_get_dev_name                        0x0001a8d7   Thumb Code    16  app.o(.text)
    appm_switch_adver                        0x0001a8e7   Thumb Code    12  app.o(.text)
    appm_send_seurity_req                    0x0001a8f3   Thumb Code    22  app.o(.text)
    app_batt_init                            0x0001aa0d   Thumb Code    12  app_batt.o(.text)
    app_batt_add_bas                         0x0001aa19   Thumb Code    44  app_batt.o(.text)
    app_batt_enable_prf                      0x0001aa45   Thumb Code    44  app_batt.o(.text)
    app_batt_send_lvl                        0x0001aa71   Thumb Code    34  app_batt.o(.text)
    app_dis_init                             0x0001ab2d   Thumb Code     2  app_dis.o(.text)
    app_dis_add_dis                          0x0001ab2f   Thumb Code    44  app_dis.o(.text)
    app_sec_init                             0x0001b499   Thumb Code    58  app_sec.o(.text)
    app_sec_get_bond_status                  0x0001b4d3   Thumb Code     6  app_sec.o(.text)
    app_get_bonding_flag                     0x0001b4d9   Thumb Code    16  app_sec.o(.text)
    app_get_encrypt_flag                     0x0001b4e9   Thumb Code    16  app_sec.o(.text)
    app_sec_remove_bond                      0x0001b4f9   Thumb Code    70  app_sec.o(.text)
    app_sec_send_security_req                0x0001b53f   Thumb Code    66  app_sec.o(.text)
    app_hid_set_send_flag                    0x0001ba35   Thumb Code     6  app_hid.o(.text)
    app_hid_init                             0x0001ba3b   Thumb Code    20  app_hid.o(.text)
    app_hid_add_hids                         0x0001ba4f   Thumb Code   108  app_hid.o(.text)
    app_hid_enable_prf                       0x0001babb   Thumb Code    48  app_hid.o(.text)
    app_hid_send_report                      0x0001baeb   Thumb Code   234  app_hid.o(.text)
    app_hid_send_mouse_report                0x0001bbd5   Thumb Code   104  app_hid.o(.text)
    app_hid_send_sensor_report               0x0001bc3d   Thumb Code   100  app_hid.o(.text)
    appm_get_wlist_size                      0x0001bf59   Thumb Code    32  app_wlist.o(.text)
    app_gapm_white_list_ind_handler          0x0001bf79   Thumb Code    26  app_wlist.o(.text)
    appm_add_dev_to_wlist                    0x0001bf93   Thumb Code    90  app_wlist.o(.text)
    appm_rmv_dev_from_wlist                  0x0001bfed   Thumb Code    90  app_wlist.o(.text)
    appm_clear_wlist                         0x0001c047   Thumb Code    34  app_wlist.o(.text)
    appm_get_ral_list_size                   0x0001c069   Thumb Code    36  app_wlist.o(.text)
    app_gapm_ral_list_size_ind_handler       0x0001c08d   Thumb Code    26  app_wlist.o(.text)
    appm_add_ral_dev_to_list                 0x0001c0a7   Thumb Code   160  app_wlist.o(.text)
    appm_rmv_ral_dev_from_list               0x0001c147   Thumb Code   154  app_wlist.o(.text)
    appm_get_ral_loc_addr                    0x0001c1e1   Thumb Code    60  app_wlist.o(.text)
    appm_get_ral_peer_addr                   0x0001c21d   Thumb Code    60  app_wlist.o(.text)
    appm_clear_ral_list                      0x0001c259   Thumb Code    34  app_wlist.o(.text)
    app_gapm_ral_addr_ind_handler            0x0001c27b   Thumb Code    64  app_wlist.o(.text)
    appm_gapm_resolv_dev_addr                0x0001c2bb   Thumb Code   258  app_wlist.o(.text)
    app_gapm_resolv_dev_addr_ind_handler     0x0001c3bd   Thumb Code    82  app_wlist.o(.text)
    appm_gapm_gen_rand_addr                  0x0001c40f   Thumb Code    60  app_wlist.o(.text)
    app_gapm_gen_rand_addr_ind_handler       0x0001c44b   Thumb Code    56  app_wlist.o(.text)
    appm_gapm_gen_rand_number                0x0001c483   Thumb Code    36  app_wlist.o(.text)
    app_gapm_gen_rand_number_ind_handler     0x0001c4a7   Thumb Code    48  app_wlist.o(.text)
    appm_gapm_set_irk                        0x0001c4d7   Thumb Code    82  app_wlist.o(.text)
    delay_us                                 0x0001c58d   Thumb Code    20  app_key.o(.text)
    key_wakeup_set                           0x0001c5a1   Thumb Code    56  app_key.o(.text)
    key_init                                 0x0001c605   Thumb Code   184  app_key.o(.text)
    key_scan                                 0x0001c6bd   Thumb Code   356  app_key.o(.text)
    key_judge_error                          0x0001c821   Thumb Code   112  app_key.o(.text)
    key_ghost_scan                           0x0001c891   Thumb Code    86  app_key.o(.text)
    key_data_analysis                        0x0001c8e7   Thumb Code  1306  app_key.o(.text)
    xyz_axis_process                         0x0001ce01   Thumb Code    86  app_key.o(.text)
    key_state_reset                          0x0001ce57   Thumb Code    14  app_key.o(.text)
    key_process                              0x0001ce65   Thumb Code   230  app_key.o(.text)
    key_wakeup_config                        0x0001cf4b   Thumb Code   162  app_key.o(.text)
    key_status_check                         0x0001cfed   Thumb Code    88  app_key.o(.text)
    hid_send_keycode                         0x0001d045   Thumb Code   116  app_key.o(.text)
    __aeabi_fadd                             0x0001d109   Thumb Code   166  fadd.o(.text)
    __aeabi_fsub                             0x0001d1af   Thumb Code     8  fadd.o(.text)
    __aeabi_frsub                            0x0001d1b7   Thumb Code     8  fadd.o(.text)
    __aeabi_fdiv                             0x0001d1bf   Thumb Code   124  fdiv.o(.text)
    __aeabi_i2f                              0x0001d23b   Thumb Code    22  fflti.o(.text)
    __aeabi_f2uiz                            0x0001d251   Thumb Code    40  ffixui.o(.text)
    __aeabi_uldivmod                         0x0001d279   Thumb Code    96  uldiv.o(.text)
    __I$use$fp                               0x0001d2d8   ARM Code       0  iusefp.o(.text)
    _float_round                             0x0001d2d9   Thumb Code    16  fepilogue.o(.text)
    _float_epilogue                          0x0001d2e9   Thumb Code    88  fepilogue.o(.text)
    __aeabi_dadd                             0x0001d341   Thumb Code   328  dadd.o(.text)
    __aeabi_dsub                             0x0001d489   Thumb Code    12  dadd.o(.text)
    __aeabi_drsub                            0x0001d495   Thumb Code    12  dadd.o(.text)
    __aeabi_dmul                             0x0001d4a5   Thumb Code   202  dmul.o(.text)
    __aeabi_ddiv                             0x0001d575   Thumb Code   234  ddiv.o(.text)
    __aeabi_d2ulz                            0x0001d665   Thumb Code    54  dfixul.o(.text)
    __aeabi_cdrcmple                         0x0001d6a5   Thumb Code    38  cdrcmple.o(.text)
    __aeabi_llsl                             0x0001d6cd   Thumb Code    32  llshl.o(.text)
    _ll_shift_l                              0x0001d6cd   Thumb Code     0  llshl.o(.text)
    __aeabi_llsr                             0x0001d6ed   Thumb Code    34  llushr.o(.text)
    _ll_ushift_r                             0x0001d6ed   Thumb Code     0  llushr.o(.text)
    __aeabi_lasr                             0x0001d70f   Thumb Code    38  llsshr.o(.text)
    _ll_sshift_r                             0x0001d70f   Thumb Code     0  llsshr.o(.text)
    _double_round                            0x0001d735   Thumb Code    26  depilogue.o(.text)
    _double_epilogue                         0x0001d74f   Thumb Code   164  depilogue.o(.text)
    __0vsprintf                              0x0001d7f5   Thumb Code    30  printfa.o(i.__0vsprintf)
    __1vsprintf                              0x0001d7f5   Thumb Code     0  printfa.o(i.__0vsprintf)
    __2vsprintf                              0x0001d7f5   Thumb Code     0  printfa.o(i.__0vsprintf)
    __c89vsprintf                            0x0001d7f5   Thumb Code     0  printfa.o(i.__0vsprintf)
    vsprintf                                 0x0001d7f5   Thumb Code     0  printfa.o(i.__0vsprintf)
    bas_att_db                               0x0001e0e8   Data          40  bass.o(.constdata)
    bass_itf                                 0x0001e110   Data          16  bass.o(.constdata)
    bass_default_state                       0x0001e120   Data          48  bass_task.o(.constdata)
    bass_default_handler                     0x0001e150   Data           8  bass_task.o(.constdata)
    diss_att_db                              0x0001e158   Data         152  diss.o(.constdata)
    diss_itf                                 0x0001e1f0   Data          16  diss.o(.constdata)
    diss_default_state                       0x0001e200   Data          24  diss_task.o(.constdata)
    diss_default_handler                     0x0001e218   Data           8  diss_task.o(.constdata)
    hids_att_db                              0x0001e220   Data         184  hogpd.o(.constdata)
    hogpd_itf                                0x0001e2d8   Data          16  hogpd.o(.constdata)
    hogpd_default_state                      0x0001e2e8   Data          64  hogpd_task.o(.constdata)
    hogpd_default_handler                    0x0001e328   Data           8  hogpd_task.o(.constdata)
    app_batt_msg_handler_list                0x0001e364   Data          32  app_batt.o(.constdata)
    app_batt_table_handler                   0x0001e384   Data           8  app_batt.o(.constdata)
    app_dis_msg_handler_list                 0x0001e38c   Data           8  app_dis.o(.constdata)
    app_dis_table_handler                    0x0001e394   Data           8  app_dis.o(.constdata)
    appm_default_state                       0x0001e39c   Data         200  app_task.o(.constdata)
    appm_default_handler                     0x0001e464   Data           8  app_task.o(.constdata)
    app_sec_msg_handler_list                 0x0001e554   Data          40  app_sec.o(.constdata)
    app_sec_table_handler                    0x0001e57c   Data           8  app_sec.o(.constdata)
    gHIDReportDescriptor                     0x0001e5ea   Data         236  app_hid.o(.constdata)
    app_hid_msg_handler_list                 0x0001e77c   Data          56  app_hid.o(.constdata)
    app_hid_table_handler                    0x0001e7b4   Data           8  app_hid.o(.constdata)
    media_key                                0x0001e9c7   Data          94  app_key.o(.constdata)
    Load$$RAM_DATA$$Base                     0x0001ea28   Number         0  anon$$obj.o ABSOLUTE
    co_default_bdaddr                        0x00400024   Data           0  stack_rom_symbol.txt ABSOLUTE
    llc_env                                  0x0040002c   Data           0  stack_rom_symbol.txt ABSOLUTE
    llc_state                                0x00400030   Data           0  stack_rom_symbol.txt ABSOLUTE
    latency_disable_state                    0x00400031   Data           0  stack_rom_symbol.txt ABSOLUTE
    system_sleep_flag                        0x00400032   Data           0  stack_rom_symbol.txt ABSOLUTE
    lld_sleep_env                            0x00400034   Data           0  stack_rom_symbol.txt ABSOLUTE
    llm_state                                0x00400038   Data           0  stack_rom_symbol.txt ABSOLUTE
    gapc_env                                 0x0040003c   Data           0  stack_rom_symbol.txt ABSOLUTE
    gapc_state                               0x00400040   Data           0  stack_rom_symbol.txt ABSOLUTE
    gapm_state                               0x00400041   Data           0  stack_rom_symbol.txt ABSOLUTE
    gattc_env                                0x00400044   Data           0  stack_rom_symbol.txt ABSOLUTE
    gattc_state                              0x00400048   Data           0  stack_rom_symbol.txt ABSOLUTE
    gattm_state                              0x00400049   Data           0  stack_rom_symbol.txt ABSOLUTE
    l2cc_env                                 0x0040004c   Data           0  stack_rom_symbol.txt ABSOLUTE
    l2cc_state                               0x00400050   Data           0  stack_rom_symbol.txt ABSOLUTE
    ke_env                                   0x0040007c   Data           0  stack_rom_symbol.txt ABSOLUTE
    rwip_rf                                  0x0040011c   Data           0  stack_rom_symbol.txt ABSOLUTE
    rom_env                                  0x00400150   Data           0  stack_rom_symbol.txt ABSOLUTE
    em_buf_env                               0x0040019c   Data           0  stack_rom_symbol.txt ABSOLUTE
    lld_evt_env                              0x004004e4   Data           0  stack_rom_symbol.txt ABSOLUTE
    llm_le_env                               0x00400510   Data           0  stack_rom_symbol.txt ABSOLUTE
    gapm_env                                 0x0040058c   Data           0  stack_rom_symbol.txt ABSOLUTE
    gattm_env                                0x004005c0   Data           0  stack_rom_symbol.txt ABSOLUTE
    l2cm_env                                 0x004005e0   Data           0  stack_rom_symbol.txt ABSOLUTE
    hci_env                                  0x004005ec   Data           0  stack_rom_symbol.txt ABSOLUTE
    hci_fc_env                               0x004005fc   Data           0  stack_rom_symbol.txt ABSOLUTE
    Image$$RAM_DATA$$Base                    0x00400620   Number         0  anon$$obj.o ABSOLUTE
    GPIO_CFG                                 0x00400628   Data          20  gpio.o(.data)
    GPIO_DATA                                0x0040063c   Data          20  gpio.o(.data)
    uart_rx_done                             0x00400654   Data           1  uart.o(.data)
    cur_read_buf_idx                         0x00400655   Data           1  uart.o(.data)
    uart_rx_index                            0x0040065c   Data           4  uart.o(.data)
    wdt_disable_flag                         0x00400664   Data           1  wdt.o(.data)
    g_hid_handle                             0x00400666   Data           2  hogpd.o(.data)
    wlist_enable_flag                        0x00400668   Data           1  app.o(.data)
    app_batt_env                             0x00400669   Data           2  app_batt.o(.data)
    appm_state                               0x00400670   Data           1  app_task.o(.data)
    app_sec_env                              0x00400671   Data           5  app_sec.o(.data)
    tx_buff_head                             0x00400678   Data           1  app_key.o(.data)
    tx_buff_tail                             0x00400679   Data           1  app_key.o(.data)
    tx_buff_count                            0x0040067a   Data           1  app_key.o(.data)
    app_key_state                            0x0040067b   Data           1  app_key.o(.data)
    stan_key_len                             0x0040067e   Data           1  app_key.o(.data)
    old_key_len                              0x0040067f   Data           1  app_key.o(.data)
    key_err_time                             0x00400680   Data           1  app_key.o(.data)
    key_status                               0x00400681   Data           1  app_key.o(.data)
    m_key                                    0x00400682   Data           1  app_key.o(.data)
    s_key                                    0x00400683   Data           1  app_key.o(.data)
    c_key                                    0x00400684   Data           1  app_key.o(.data)
    p_key                                    0x00400685   Data           1  app_key.o(.data)
    key_null                                 0x00400686   Data           1  app_key.o(.data)
    sys_power_key                            0x00400687   Data           1  app_key.o(.data)
    data_upload_status                       0x00400688   Data           1  app_key.o(.data)
    power_key                                0x00400689   Data           3  app_key.o(.data)
    gpio_buff_c                              0x0040068c   Data           3  app_key.o(.data)
    cow                                      0x0040068f   Data           3  app_key.o(.data)
    real_key_value                           0x00400692   Data           3  app_key.o(.data)
    sys_flag                                 0x00400698   Data           4  app_key.o(.data)
    sys_media_key                            0x004006a0   Data           4  app_key.o(.data)
    gpio_buff_r                              0x004006a4   Data           5  app_key.o(.data)
    row                                      0x004006a9   Data           5  app_key.o(.data)
    tx_buff_len                              0x004006ae   Data           6  app_key.o(.data)
    stan_key                                 0x004006b4   Data           8  app_key.o(.data)
    old_key                                  0x004006bc   Data           8  app_key.o(.data)
    sys_standard_key                         0x004006c4   Data           8  app_key.o(.data)
    f1_f12                                   0x004006cc   Data          14  app_key.o(.data)
    stand_key_map                            0x004006da   Data          15  app_key.o(.data)
    Image$$RAM_BSS$$Base                     0x004006ec   Number         0  anon$$obj.o ABSOLUTE
    uart_api                                 0x004006ec   Data          16  arch_main.o(.bss)
    rwip_heap_env                            0x0040070c   Data         868  rwip.o(.bss)
    rwip_heap_db                             0x00400a70   Data        1036  rwip.o(.bss)
    rwip_heap_msg                            0x00400e7c   Data        1404  rwip.o(.bss)
    rwip_heap_non_ret                        0x004013f8   Data        1548  rwip.o(.bss)
    rwip_sleep_time                          0x00401a04   Data          12  rwip.o(.bss)
    GPIO_CFG_BACKUP                          0x00401a1c   Data          20  gpio.o(.bss)
    GPIO_DATA_BACKUP                         0x00401a30   Data          20  gpio.o(.bss)
    uart_rx_buf                              0x00401a44   Data          64  uart.o(.bss)
    uart_env                                 0x00401a84   Data          20  uart.o(.bss)
    uart_buff                                0x00401a98   Data          64  uart.o(.bss)
    XVR_ANALOG_REG_BAK                       0x00401ad8   Data          64  rf_xvr.o(.bss)
    prf_env                                  0x00401b18   Data         240  prf.o(.bss)
    app_env                                  0x00401c08   Data          64  app.o(.bss)
    app_hid_env                              0x00401c48   Data          20  app_hid.o(.bss)
    bt_tx_buff                               0x00401c5c   Data          48  app_key.o(.bss)
    key_flag                                 0x00401c8c   Data          15  app_key.o(.bss)
    Image$$RAM_STACK_UNUSED$$Base            0x0040330c   Number         0  anon$$obj.o ABSOLUTE
    Image$$RAM_STACK_SVC$$Base               0x0040332c   Number         0  anon$$obj.o ABSOLUTE
    Image$$RAM_STACK_IRQ$$Base               0x00403a1c   Number         0  anon$$obj.o ABSOLUTE
    Image$$RAM_STACK_FIQ$$Base               0x00403d0c   Number         0  anon$$obj.o ABSOLUTE



==============================================================================

Memory Map of the image

  Image Entry point : 0x000170a4

  Load Region SECTIONS (Base: 0x00017020, Size: 0x00007ad4, Max: 0xffffffff, ABSOLUTE)

    Execution Region ROM_SYS (Base: 0x00017020, Size: 0x00000280, Max: 0xffffffff, ABSOLUTE)

    Base Addr    Size         Type   Attr      Idx    E Section Name        Object

    0x00017020   0x0000005c   Code   RO           14  * SYS_BOOT            boot_vectors.o
    0x0001707c   0x000001f4   Code   RO           13  * SYS_BOOT            boot_handlers.o
    0x00017270   0x00000008   Ven    RO          135    Veneer$$Code        anon$$obj.o
    0x00017278   0x00000008   Ven    RO          136    Veneer$$Code        anon$$obj.o
    0x00017280   0x00000008   Ven    RO          137    Veneer$$Code        anon$$obj.o
    0x00017288   0x00000008   Ven    RO          138    Veneer$$Code        anon$$obj.o
    0x00017290   0x00000008   Ven    RO          139    Veneer$$Code        anon$$obj.o
    0x00017298   0x00000008   Ven    RO          140    Veneer$$Code        anon$$obj.o


    Execution Region FAST_CALL_SEG (Base: 0x00017300, Size: 0x00000030, Max: 0xffffffff, ABSOLUTE, FIXED)

    Base Addr    Size         Type   Attr      Idx    E Section Name        Object

    0x00017300   0x00000010   Code   RO           29    sys_fiq_entry       intc.o
    0x00017310   0x00000010   PAD
    0x00017320   0x00000010   Code   RO           30    sys_irq_entry       intc.o


    Execution Region ROM (Base: 0x00017330, Size: 0x000076f8, Max: 0xffffffff, ABSOLUTE)

    Base Addr    Size         Type   Attr      Idx    E Section Name        Object

    0x00017330   0x00000494   Code   RO            5    .text               arch_main.o
    0x000177c4   0x00000180   Code   RO           15    .text               rwble.o
    0x00017944   0x00000038   Code   RO           16    .text               rwble_hl.o
    0x0001797c   0x000002c0   Code   RO           17    .text               rwip.o
    0x00017c3c   0x00000018   Code   RO           19    .text               emi.o
    0x00017c54   0x00000228   Code   RO           20    .text               flash.o
    0x00017e7c   0x000001e8   Code   RO           23    .text               gpio.o
    0x00018064   0x00000154   Code   RO           26    .text               icu.o
    0x000181b8   0x000000b4   Code   RO           28    .text               intc.o
    0x0001826c   0x0000002c   Code   RO           31    .text               timer.o
    0x00018298   0x0000038c   Code   RO           32    .text               uart.o
    0x00018624   0x00000068   Code   RO           36    .text               wdt.o
    0x0001868c   0x00000480   Code   RO           38    .text               rf_xvr.o
    0x00018b0c   0x000003b4   Code   RO           40    .text               bass.o
    0x00018ec0   0x000002a4   Code   RO           42    .text               bass_task.o
    0x00019164   0x00000180   Code   RO           45    .text               diss.o
    0x000192e4   0x000001d0   Code   RO           47    .text               diss_task.o
    0x000194b4   0x00000810   Code   RO           50    .text               hogpd.o
    0x00019cc4   0x00000624   Code   RO           53    .text               hogpd_task.o
    0x0001a2e8   0x00000230   Code   RO           57    .text               prf.o
    0x0001a518   0x00000060   Code   RO           59    .text               prf_utils.o
    0x0001a578   0x00000494   Code   RO           60    .text               app.o
    0x0001aa0c   0x000000a4   Code   RO           64    .text               app_batt.o
    0x0001aab0   0x0000010c   Code   RO           68    .text               app_dis.o
    0x0001abbc   0x000008dc   Code   RO           71    .text               app_task.o
    0x0001b498   0x0000059c   Code   RO           77    .text               app_sec.o
    0x0001ba34   0x00000524   Code   RO           82    .text               app_hid.o
    0x0001bf58   0x00000634   Code   RO           87    .text               app_wlist.o
    0x0001c58c   0x00000b7c   Code   RO           89    .text               app_key.o
    0x0001d108   0x000000b6   Code   RO          113    .text               mf_5.l(fadd.o)
    0x0001d1be   0x0000007c   Code   RO          114    .text               mf_5.l(fdiv.o)
    0x0001d23a   0x00000016   Code   RO          115    .text               mf_5.l(fflti.o)
    0x0001d250   0x00000028   Code   RO          116    .text               mf_5.l(ffixui.o)
    0x0001d278   0x00000060   Code   RO          119    .text               mc_5.l(uldiv.o)
    0x0001d2d8   0x00000000   Code   RO          120    .text               mc_5.l(iusefp.o)
    0x0001d2d8   0x00000068   Code   RO          121    .text               mf_5.l(fepilogue.o)
    0x0001d340   0x00000164   Code   RO          123    .text               mf_5.l(dadd.o)
    0x0001d4a4   0x000000d0   Code   RO          124    .text               mf_5.l(dmul.o)
    0x0001d574   0x000000f0   Code   RO          125    .text               mf_5.l(ddiv.o)
    0x0001d664   0x00000040   Code   RO          126    .text               mf_5.l(dfixul.o)
    0x0001d6a4   0x00000028   Code   RO          127    .text               mf_5.l(cdrcmple.o)
    0x0001d6cc   0x00000020   Code   RO          129    .text               mc_5.l(llshl.o)
    0x0001d6ec   0x00000022   Code   RO          130    .text               mc_5.l(llushr.o)
    0x0001d70e   0x00000026   Code   RO          131    .text               mc_5.l(llsshr.o)
    0x0001d734   0x000000be   Code   RO          133    .text               mf_5.l(depilogue.o)
    0x0001d7f2   0x00000002   PAD
    0x0001d7f4   0x00000024   Code   RO          106    i.__0vsprintf       mc_5.l(printfa.o)
    0x0001d818   0x00000158   Code   RO          107    i._fp_digits        mc_5.l(printfa.o)
    0x0001d970   0x000006f4   Code   RO          108    i._printf_core      mc_5.l(printfa.o)
    0x0001e064   0x00000020   Code   RO          109    i._printf_post_padding  mc_5.l(printfa.o)
    0x0001e084   0x0000002c   Code   RO          110    i._printf_pre_padding  mc_5.l(printfa.o)
    0x0001e0b0   0x0000000a   Code   RO          112    i._sputc            mc_5.l(printfa.o)
    0x0001e0ba   0x0000002e   Data   RO            7    .constdata          arch_main.o
    0x0001e0e8   0x00000038   Data   RO           41    .constdata          bass.o
    0x0001e120   0x00000030   Data   RO           43    .constdata          bass_task.o
    0x0001e150   0x00000008   Data   RO           44    .constdata          bass_task.o
    0x0001e158   0x000000a8   Data   RO           46    .constdata          diss.o
    0x0001e200   0x00000018   Data   RO           48    .constdata          diss_task.o
    0x0001e218   0x00000008   Data   RO           49    .constdata          diss_task.o
    0x0001e220   0x000000c8   Data   RO           51    .constdata          hogpd.o
    0x0001e2e8   0x00000040   Data   RO           54    .constdata          hogpd_task.o
    0x0001e328   0x00000008   Data   RO           55    .constdata          hogpd_task.o
    0x0001e330   0x00000032   Data   RO           62    .constdata          app.o
    0x0001e362   0x00000002   PAD
    0x0001e364   0x00000020   Data   RO           65    .constdata          app_batt.o
    0x0001e384   0x00000008   Data   RO           66    .constdata          app_batt.o
    0x0001e38c   0x00000008   Data   RO           69    .constdata          app_dis.o
    0x0001e394   0x00000008   Data   RO           70    .constdata          app_dis.o
    0x0001e39c   0x000000c8   Data   RO           72    .constdata          app_task.o
    0x0001e464   0x00000008   Data   RO           73    .constdata          app_task.o
    0x0001e46c   0x000000e8   Data   RO           74    .constdata          app_task.o
    0x0001e554   0x00000028   Data   RO           78    .constdata          app_sec.o
    0x0001e57c   0x00000008   Data   RO           79    .constdata          app_sec.o
    0x0001e584   0x00000066   Data   RO           80    .constdata          app_sec.o
    0x0001e5ea   0x00000190   Data   RO           84    .constdata          app_hid.o
    0x0001e77a   0x00000002   PAD
    0x0001e77c   0x00000038   Data   RO           85    .constdata          app_hid.o
    0x0001e7b4   0x00000008   Data   RO           86    .constdata          app_hid.o
    0x0001e7bc   0x0000020b   Data   RO           88    .constdata          app_wlist.o
    0x0001e9c7   0x0000005e   Data   RO           91    .constdata          app_key.o


    Execution Region RAM_DATA (Base: 0x00400620, Size: 0x000000cc, Max: 0xffffffff, ABSOLUTE)

    Base Addr    Size         Type   Attr      Idx    E Section Name        Object

    0x00400620   0x00000004   Data   RW           22    .data               flash.o
    0x00400624   0x0000002c   Data   RW           25    .data               gpio.o
    0x00400650   0x00000002   Data   RW           27    .data               icu.o
    0x00400652   0x00000002   PAD
    0x00400654   0x00000010   Data   RW           35    .data               uart.o
    0x00400664   0x00000002   Data   RW           37    .data               wdt.o
    0x00400666   0x00000002   Data   RW           52    .data               hogpd.o
    0x00400668   0x00000001   Data   RW           63    .data               app.o
    0x00400669   0x00000002   Data   RW           67    .data               app_batt.o
    0x0040066b   0x00000001   PAD
    0x0040066c   0x00000004   Data   RW           75    .data               app_task.o
    0x00400670   0x00000001   Data   RW           76    .data               app_task.o
    0x00400671   0x00000005   Data   RW           81    .data               app_sec.o
    0x00400676   0x00000002   PAD
    0x00400678   0x00000071   Data   RW           92    .data               app_key.o


    Execution Region RAM_BSS (Base: 0x004006ec, Size: 0x000015b0, Max: 0xffffffff, ABSOLUTE)

    Base Addr    Size         Type   Attr      Idx    E Section Name        Object

    0x004006ec   0x00000010   Zero   RW            6    .bss                arch_main.o
    0x004006fc   0x00001314   Zero   RW           18    .bss                rwip.o
    0x00401a10   0x0000000c   Zero   RW           21    .bss                flash.o
    0x00401a1c   0x00000028   Zero   RW           24    .bss                gpio.o
    0x00401a44   0x00000094   Zero   RW           33    .bss                uart.o
    0x00401ad8   0x00000040   Zero   RW           39    .bss                rf_xvr.o
    0x00401b18   0x000000f0   Zero   RW           58    .bss                prf.o
    0x00401c08   0x00000040   Zero   RW           61    .bss                app.o
    0x00401c48   0x00000014   Zero   RW           83    .bss                app_hid.o
    0x00401c5c   0x0000003f   Zero   RW           90    .bss                app_key.o


    Execution Region RAM_STACK_UNUSED (Base: 0x0040330c, Size: 0x00000020, Max: 0x00000020, ABSOLUTE)

    Base Addr    Size         Type   Attr      Idx    E Section Name        Object

    0x0040330c   0x00000020   Zero   RW            1    RAM_STACK_UNUSED.bss  anon$$obj.o


    Execution Region RAM_STACK_SVC (Base: 0x0040332c, Size: 0x000006f0, Max: 0x000006f0, ABSOLUTE)

    Base Addr    Size         Type   Attr      Idx    E Section Name        Object

    0x0040332c   0x000006f0   Zero   RW            2    RAM_STACK_SVC.bss   anon$$obj.o


    Execution Region RAM_STACK_IRQ (Base: 0x00403a1c, Size: 0x000002f0, Max: 0x000002f0, ABSOLUTE)

    Base Addr    Size         Type   Attr      Idx    E Section Name        Object

    0x00403a1c   0x000002f0   Zero   RW            3    RAM_STACK_IRQ.bss   anon$$obj.o


    Execution Region RAM_STACK_FIQ (Base: 0x00403d0c, Size: 0x000002f0, Max: 0x000002f0, ABSOLUTE)

    Base Addr    Size         Type   Attr      Idx    E Section Name        Object

    0x00403d0c   0x000002f0   Zero   RW            4    RAM_STACK_FIQ.bss   anon$$obj.o


==============================================================================

Image component sizes


      Code (inc. data)   RO Data    RW Data    ZI Data      Debug   Object Name

      1172        260         50          1         64          0   app.o
       164         14         40          2          0          0   app_batt.o
       268        110         16          0          0          0   app_dis.o
      1316        106        464          0         20          0   app_hid.o
      2940        188         94        113         63          0   app_key.o
      1436        432        150          5          0          0   app_sec.o
      2268        806        440          5          0          0   app_task.o
      1588        230        523          0          0          0   app_wlist.o
      1172        544         46          0         16          0   arch_main.o
       948         16         56          0          0          0   bass.o
       676         12         56          0          0          0   bass_task.o
       500         76          0          0          0          0   boot_handlers.o
        92         32          0          0          0          0   boot_vectors.o
       384         12        168          0          0          0   diss.o
       464          8         32          0          0          0   diss_task.o
        24          4          0          0          0          0   emi.o
       552         24          0          4         12          0   flash.o
       488         24          0         44         40          0   gpio.o
      2064         24        200          2          0          0   hogpd.o
      1572         66         72          0          0          0   hogpd_task.o
       340         34          0          2          0          0   icu.o
       212         16          0          0          0          0   intc.o
       560          6          0          0        240          0   prf.o
        96          0          0          0          0          0   prf_utils.o
      1152        232          0          0         64          0   rf_xvr.o
       384          8          0          0          0          0   rwble.o
        56          0          0          0          0          0   rwble_hl.o
       704         92          0          0       4884          0   rwip.o
        44          4          0          0          0          0   timer.o
       908        144          0         16        148          0   uart.o
       104         10          0          2          0          0   wdt.o

    ----------------------------------------------------------------------
     24712       3558       2414        204       8864          0   Object Totals
        48         24          0          0       3312          0   (incl. Generated)
        16          0          7          8          1          0   (incl. Padding)

    ----------------------------------------------------------------------

      Code (inc. data)   RO Data    RW Data    ZI Data      Debug   Library Member Name

         0          0          0          0          0          0   iusefp.o
        32          0          0          0          0          0   llshl.o
        38          0          0          0          0          0   llsshr.o
        34          0          0          0          0          0   llushr.o
      2246         94          0          0          0          0   printfa.o
        96          0          0          0          0          0   uldiv.o
        40          2          0          0          0          0   cdrcmple.o
       356          4          0          0          0          0   dadd.o
       240          6          0          0          0          0   ddiv.o
       190          0          0          0          0          0   depilogue.o
        64         10          0          0          0          0   dfixul.o
       208          6          0          0          0          0   dmul.o
       182          0          0          0          0          0   fadd.o
       124          0          0          0          0          0   fdiv.o
       104          0          0          0          0          0   fepilogue.o
        40          0          0          0          0          0   ffixui.o
        22          0          0          0          0          0   fflti.o

    ----------------------------------------------------------------------
      4018        122          0          0          0          0   Library Totals
         2          0          0          0          0          0   (incl. Padding)

    ----------------------------------------------------------------------

      Code (inc. data)   RO Data    RW Data    ZI Data      Debug   Library Name

      2446         94          0          0          0          0   mc_5.l
      1570         28          0          0          0          0   mf_5.l

    ----------------------------------------------------------------------
      4018        122          0          0          0          0   Library Totals

    ----------------------------------------------------------------------

==============================================================================


      Code (inc. data)   RO Data    RW Data    ZI Data      Debug   

     28730       3680       2414        204       8864          0   Grand Totals
     28730       3680       2414        204       8864          0   ELF Image Totals
     28730       3680       2414        204          0          0   ROM Totals

==============================================================================

    Total RO  Size (Code + RO Data)                31144 (  30.41kB)
    Total RW  Size (RW Data + ZI Data)              9068 (   8.86kB)
    Total ROM Size (Code + RO Data + RW Data)      31348 (  30.61kB)

==============================================================================

