<!doctype html public "-//w3c//dtd html 4.0 transitional//en">
<html><head>
<title>Static Call Graph - [.\obj\bk3432_ble_app.axf]</title></head>
<body><HR>
<H1>Static Call Graph for image .\obj\bk3432_ble_app.axf</H1><HR>
<BR><P>#&#060CALLGRAPH&#062# ARM Linker, 5050041: Last Updated: Wed Jun 16 15:15:34 2021
<BR><P>
<H3>Maximum Stack Usage =          0 bytes + Unknown(Untraceable Function Pointers)</H3><H3>
Call chain for Maximum Stack Depth:</H3>

<P>
<H3>
Function Pointers
</H3><UL>
 <LI><a href="#[4]">DataAbort</a> from boot_vectors.o(SYS_BOOT) referenced from boot_vectors.o(SYS_BOOT)
 <LI><a href="#[7]">FIQ_Handler</a> from boot_vectors.o(SYS_BOOT) referenced from boot_vectors.o(SYS_BOOT)
 <LI><a href="#[6]">IRQ_Handler</a> from boot_vectors.o(SYS_BOOT) referenced from boot_vectors.o(SYS_BOOT)
 <LI><a href="#[3]">PrefetchAbort</a> from boot_vectors.o(SYS_BOOT) referenced from boot_vectors.o(SYS_BOOT)
 <LI><a href="#[19]">Read_Uart_Buf</a> from uart.o(.text) referenced from arch_main.o(.text)
 <LI><a href="#[2]">SoftwareInterrupt</a> from boot_vectors.o(SYS_BOOT) referenced from boot_vectors.o(SYS_BOOT)
 <LI><a href="#[1]">Undefined</a> from boot_vectors.o(SYS_BOOT) referenced from boot_vectors.o(SYS_BOOT)
 <LI><a href="#[2c]">_snputc</a> from printfa.o(i._snputc) referenced from printfa.o(i.__0snprintf)
 <LI><a href="#[2d]">_sputc</a> from printfa.o(i._sputc) referenced from printfa.o(i.__0vsprintf)
 <LI><a href="#[38]">app_add_ffe0s</a> from app.o(.text) referenced from app.o(.constdata)
 <LI><a href="#[47]">app_period_timer_handler</a> from app_task.o(.text) referenced from app_task.o(.constdata)
 <LI><a href="#[39]">appm_msg_handler</a> from app_task.o(.text) referenced from app_task.o(.constdata)
 <LI><a href="#[17]">assert_err</a> from arch_main.o(.text) referenced from arch_main.o(.text)
 <LI><a href="#[18]">assert_param</a> from arch_main.o(.text) referenced from arch_main.o(.text)
 <LI><a href="#[66]">ble_action_handle_t_action_input_cb</a> from ble_qiot_template.o(.text) referenced from ble_qiot_template.o(.data)
 <LI><a href="#[67]">ble_action_handle_t_action_output_cb</a> from ble_qiot_template.o(.text) referenced from ble_qiot_template.o(.data)
 <LI><a href="#[68]">ble_event_get_t_event_t_bool</a> from ble_qiot_template.o(.text) referenced from ble_qiot_template.o(.data)
 <LI><a href="#[6b]">ble_event_get_t_event_t_enum</a> from ble_qiot_template.o(.text) referenced from ble_qiot_template.o(.data)
 <LI><a href="#[6c]">ble_event_get_t_event_t_float</a> from ble_qiot_template.o(.text) referenced from ble_qiot_template.o(.data)
 <LI><a href="#[69]">ble_event_get_t_event_t_int</a> from ble_qiot_template.o(.text) referenced from ble_qiot_template.o(.data)
 <LI><a href="#[6a]">ble_event_get_t_event_t_str</a> from ble_qiot_template.o(.text) referenced from ble_qiot_template.o(.data)
 <LI><a href="#[6d]">ble_event_get_t_event_t_time</a> from ble_qiot_template.o(.text) referenced from ble_qiot_template.o(.data)
 <LI><a href="#[2a]">ble_ota_start_cb</a> from ble_qiot_ble_device.o(.text) referenced from ble_qiot_service.o(.text)
 <LI><a href="#[29]">ble_ota_stop_cb</a> from ble_qiot_ble_device.o(.text) referenced from ble_qiot_service.o(.text)
 <LI><a href="#[28]">ble_ota_valid_file_cb</a> from ble_qiot_ble_device.o(.text) referenced from ble_qiot_service.o(.text)
 <LI><a href="#[57]">ble_property_t_bool_get</a> from ble_qiot_template.o(.text) referenced from ble_qiot_template.o(.data)
 <LI><a href="#[56]">ble_property_t_bool_set</a> from ble_qiot_template.o(.text) referenced from ble_qiot_template.o(.data)
 <LI><a href="#[5f]">ble_property_t_enum_get</a> from ble_qiot_template.o(.text) referenced from ble_qiot_template.o(.data)
 <LI><a href="#[5e]">ble_property_t_enum_set</a> from ble_qiot_template.o(.text) referenced from ble_qiot_template.o(.data)
 <LI><a href="#[5d]">ble_property_t_float_get</a> from ble_qiot_template.o(.text) referenced from ble_qiot_template.o(.data)
 <LI><a href="#[5c]">ble_property_t_float_set</a> from ble_qiot_template.o(.text) referenced from ble_qiot_template.o(.data)
 <LI><a href="#[59]">ble_property_t_int_get</a> from ble_qiot_template.o(.text) referenced from ble_qiot_template.o(.data)
 <LI><a href="#[58]">ble_property_t_int_set</a> from ble_qiot_template.o(.text) referenced from ble_qiot_template.o(.data)
 <LI><a href="#[5b]">ble_property_t_str_get</a> from ble_qiot_template.o(.text) referenced from ble_qiot_template.o(.data)
 <LI><a href="#[5a]">ble_property_t_str_set</a> from ble_qiot_template.o(.text) referenced from ble_qiot_template.o(.data)
 <LI><a href="#[65]">ble_property_t_struct2_get</a> from ble_qiot_template.o(.text) referenced from ble_qiot_template.o(.data)
 <LI><a href="#[55]">ble_property_t_struct2_s_bool_get</a> from ble_qiot_template.o(.text) referenced from ble_qiot_template.o(.data)
 <LI><a href="#[54]">ble_property_t_struct2_s_bool_set</a> from ble_qiot_template.o(.text) referenced from ble_qiot_template.o(.data)
 <LI><a href="#[64]">ble_property_t_struct2_set</a> from ble_qiot_template.o(.text) referenced from ble_qiot_template.o(.data)
 <LI><a href="#[63]">ble_property_t_struct_get</a> from ble_qiot_template.o(.text) referenced from ble_qiot_template.o(.data)
 <LI><a href="#[49]">ble_property_t_struct_s_bool_get</a> from ble_qiot_template.o(.text) referenced from ble_qiot_template.o(.data)
 <LI><a href="#[48]">ble_property_t_struct_s_bool_set</a> from ble_qiot_template.o(.text) referenced from ble_qiot_template.o(.data)
 <LI><a href="#[51]">ble_property_t_struct_s_enum_get</a> from ble_qiot_template.o(.text) referenced from ble_qiot_template.o(.data)
 <LI><a href="#[50]">ble_property_t_struct_s_enum_set</a> from ble_qiot_template.o(.text) referenced from ble_qiot_template.o(.data)
 <LI><a href="#[4f]">ble_property_t_struct_s_float_get</a> from ble_qiot_template.o(.text) referenced from ble_qiot_template.o(.data)
 <LI><a href="#[4e]">ble_property_t_struct_s_float_set</a> from ble_qiot_template.o(.text) referenced from ble_qiot_template.o(.data)
 <LI><a href="#[4b]">ble_property_t_struct_s_int_get</a> from ble_qiot_template.o(.text) referenced from ble_qiot_template.o(.data)
 <LI><a href="#[4a]">ble_property_t_struct_s_int_set</a> from ble_qiot_template.o(.text) referenced from ble_qiot_template.o(.data)
 <LI><a href="#[4d]">ble_property_t_struct_s_str_get</a> from ble_qiot_template.o(.text) referenced from ble_qiot_template.o(.data)
 <LI><a href="#[4c]">ble_property_t_struct_s_str_set</a> from ble_qiot_template.o(.text) referenced from ble_qiot_template.o(.data)
 <LI><a href="#[53]">ble_property_t_struct_s_time_get</a> from ble_qiot_template.o(.text) referenced from ble_qiot_template.o(.data)
 <LI><a href="#[52]">ble_property_t_struct_s_time_set</a> from ble_qiot_template.o(.text) referenced from ble_qiot_template.o(.data)
 <LI><a href="#[62]">ble_property_t_struct_set</a> from ble_qiot_template.o(.text) referenced from ble_qiot_template.o(.data)
 <LI><a href="#[61]">ble_property_t_time_get</a> from ble_qiot_template.o(.text) referenced from ble_qiot_template.o(.data)
 <LI><a href="#[60]">ble_property_t_time_set</a> from ble_qiot_template.o(.text) referenced from ble_qiot_template.o(.data)
 <LI><a href="#[31]">ffe0s_cleanup</a> from ffe0s.o(.text) referenced from ffe0s.o(.constdata)
 <LI><a href="#[30]">ffe0s_create</a> from ffe0s.o(.text) referenced from ffe0s.o(.constdata)
 <LI><a href="#[2f]">ffe0s_destroy</a> from ffe0s.o(.text) referenced from ffe0s.o(.constdata)
 <LI><a href="#[32]">ffe0s_enable_req_handler</a> from ffe0s_task.o(.text) referenced from ffe0s_task.o(.constdata)
 <LI><a href="#[33]">ffe0s_ffe1_value_upd_req_handler</a> from ffe0s_task.o(.text) referenced from ffe0s_task.o(.constdata)
 <LI><a href="#[2e]">ffe0s_init</a> from ffe0s.o(.text) referenced from ffe0s.o(.constdata)
 <LI><a href="#[2b]">fputc</a> from fputc.o(i.fputc) referenced from printfa.o(i.__0printf)
 <LI><a href="#[3f]">gapc_cmp_evt_handler</a> from app_task.o(.text) referenced from app_task.o(.constdata)
 <LI><a href="#[3e]">gapc_connection_req_ind_handler</a> from app_task.o(.text) referenced from app_task.o(.constdata)
 <LI><a href="#[40]">gapc_disconnect_ind_handler</a> from app_task.o(.text) referenced from app_task.o(.constdata)
 <LI><a href="#[3c]">gapc_get_dev_info_req_ind_handler</a> from app_task.o(.text) referenced from app_task.o(.constdata)
 <LI><a href="#[42]">gapc_le_pkt_size_ind_handler</a> from app_task.o(.text) referenced from app_task.o(.constdata)
 <LI><a href="#[45]">gapc_param_update_req_ind_handler</a> from app_task.o(.text) referenced from app_task.o(.constdata)
 <LI><a href="#[43]">gapc_param_updated_ind_handler</a> from app_task.o(.text) referenced from app_task.o(.constdata)
 <LI><a href="#[3d]">gapc_set_dev_info_req_ind_handler</a> from app_task.o(.text) referenced from app_task.o(.constdata)
 <LI><a href="#[46]">gapc_update_conn_param_req_ind_handler</a> from app_task.o(.text) referenced from app_task.o(.constdata)
 <LI><a href="#[3b]">gapm_cmp_evt_handler</a> from app_task.o(.text) referenced from app_task.o(.constdata)
 <LI><a href="#[3a]">gapm_device_ready_ind_handler</a> from app_task.o(.text) referenced from app_task.o(.constdata)
 <LI><a href="#[41]">gapm_profile_added_ind_handler</a> from app_task.o(.text) referenced from app_task.o(.constdata)
 <LI><a href="#[34]">gattc_att_info_req_ind_handler</a> from ffe0s_task.o(.text) referenced from ffe0s_task.o(.constdata)
 <LI><a href="#[37]">gattc_cmp_evt_handler</a> from ffe0s_task.o(.text) referenced from ffe0s_task.o(.constdata)
 <LI><a href="#[44]">gattc_mtu_changed_ind_handler</a> from app_task.o(.text) referenced from app_task.o(.constdata)
 <LI><a href="#[36]">gattc_read_req_ind_handler</a> from ffe0s_task.o(.text) referenced from ffe0s_task.o(.constdata)
 <LI><a href="#[35]">gattc_write_req_ind_handler</a> from ffe0s_task.o(.text) referenced from ffe0s_task.o(.constdata)
 <LI><a href="#[16]">platform_reset</a> from arch_main.o(.text) referenced from arch_main.o(.text)
 <LI><a href="#[e]">prf_add_profile</a> from prf.o(.text) referenced from arch_main.o(.text)
 <LI><a href="#[d]">prf_cleanup</a> from prf.o(.text) referenced from arch_main.o(.text)
 <LI><a href="#[c]">prf_create</a> from prf.o(.text) referenced from arch_main.o(.text)
 <LI><a href="#[9]">prf_get_id_from_task</a> from prf.o(.text) referenced from arch_main.o(.text)
 <LI><a href="#[a]">prf_get_task_from_id</a> from prf.o(.text) referenced from arch_main.o(.text)
 <LI><a href="#[b]">prf_init</a> from prf.o(.text) referenced from arch_main.o(.text)
 <LI><a href="#[26]">rf_force_agc_enable</a> from rf_xvr.o(.text) referenced from rf_xvr.o(.text)
 <LI><a href="#[25]">rf_reset</a> from rf_xvr.o(.text) referenced from rf_xvr.o(.text)
 <LI><a href="#[21]">rf_rpl_reg_rd</a> from rf_xvr.o(.text) referenced from rf_xvr.o(.text)
 <LI><a href="#[22]">rf_rpl_reg_wr</a> from rf_xvr.o(.text) referenced from rf_xvr.o(.text)
 <LI><a href="#[27]">rf_rssi_convert</a> from rf_xvr.o(.text) referenced from rf_xvr.o(.text)
 <LI><a href="#[24]">rf_sleep</a> from rf_xvr.o(.text) referenced from rf_xvr.o(.text)
 <LI><a href="#[23]">rf_txpwr_dbm_get</a> from rf_xvr.o(.text) referenced from rf_xvr.o(.text)
 <LI><a href="#[f]">rwble_hl_reset</a> from rwble_hl.o(.text) referenced from arch_main.o(.text)
 <LI><a href="#[12]">rwip_prevent_sleep_clear</a> from rwip.o(.text) referenced from arch_main.o(.text)
 <LI><a href="#[11]">rwip_prevent_sleep_set</a> from rwip.o(.text) referenced from arch_main.o(.text)
 <LI><a href="#[10]">rwip_reset</a> from rwip.o(.text) referenced from arch_main.o(.text)
 <LI><a href="#[13]">rwip_sleep_lpcycles_2_us</a> from rwip.o(.text) referenced from arch_main.o(.text)
 <LI><a href="#[14]">rwip_us_2_lpcycles</a> from rwip.o(.text) referenced from arch_main.o(.text)
 <LI><a href="#[15]">rwip_wakeup_delay_set</a> from rwip.o(.text) referenced from arch_main.o(.text)
 <LI><a href="#[6e]">sys_Reset</a> from boot_handlers.o(SYS_BOOT) referenced from boot_vectors.o(SYS_BOOT)
 <LI><a href="#[5]">sys_reserved</a> from boot_vectors.o(SYS_BOOT) referenced from boot_vectors.o(SYS_BOOT)
 <LI><a href="#[1a]">uart_clear_rxfifo</a> from uart.o(.text) referenced from arch_main.o(.text)
 <LI><a href="#[1e]">uart_flow_off</a> from uart.o(.text) referenced from arch_main.o(.text)
 <LI><a href="#[1d]">uart_flow_on</a> from uart.o(.text) referenced from arch_main.o(.text)
 <LI><a href="#[20]">uart_printf</a> from uart.o(.text) referenced from uart.o(.text)
 <LI><a href="#[1b]">uart_read</a> from uart.o(.text) referenced from arch_main.o(.text)
 <LI><a href="#[1f]">uart_rx_handler</a> from arch_main.o(.text) referenced from arch_main.o(.text)
 <LI><a href="#[1c]">uart_write</a> from uart.o(.text) referenced from arch_main.o(.text)
 <LI><a href="#[8]">user_timer_cb</a> from arch_main.o(.text) referenced from arch_main.o(.text)
</UL>
<P>
<H3>
Global Symbols
</H3>
<P><STRONG><a name="[e3]"></a>uart_stack_register</STRONG> (Thumb, 0 bytes, Stack size 0 bytes, stack_rom_symbol_1.txt(ABSOLUTE))
<BR><BR>[Called By]<UL><LI><a href="#[8f]">&gt;&gt;</a>&nbsp;&nbsp;&nbsp;uart_init
</UL>

<P><STRONG><a name="[18d]"></a>Undefined_Exception</STRONG> (Thumb, 0 bytes, Stack size 0 bytes, stack_rom_symbol_1.txt(ABSOLUTE))
<BR><BR>[Called By]<UL><LI><a href="#[1]">&gt;&gt;</a>&nbsp;&nbsp;&nbsp;Undefined (via Veneer)
</UL>

<P><STRONG><a name="[18e]"></a>SoftwareInterrupt_Exception</STRONG> (Thumb, 0 bytes, Stack size 0 bytes, stack_rom_symbol_1.txt(ABSOLUTE))
<BR><BR>[Called By]<UL><LI><a href="#[2]">&gt;&gt;</a>&nbsp;&nbsp;&nbsp;SoftwareInterrupt (via Veneer)
</UL>

<P><STRONG><a name="[18f]"></a>PrefetchAbort_Exception</STRONG> (Thumb, 0 bytes, Stack size 0 bytes, stack_rom_symbol_1.txt(ABSOLUTE))
<BR><BR>[Called By]<UL><LI><a href="#[3]">&gt;&gt;</a>&nbsp;&nbsp;&nbsp;PrefetchAbort (via Veneer)
</UL>

<P><STRONG><a name="[190]"></a>DataAbort_Exception</STRONG> (Thumb, 0 bytes, Stack size 0 bytes, stack_rom_symbol_1.txt(ABSOLUTE))
<BR><BR>[Called By]<UL><LI><a href="#[4]">&gt;&gt;</a>&nbsp;&nbsp;&nbsp;DataAbort (via Veneer)
</UL>

<P><STRONG><a name="[191]"></a>Reserved_Exception</STRONG> (Thumb, 0 bytes, Stack size 0 bytes, stack_rom_symbol_1.txt(ABSOLUTE))
<BR><BR>[Called By]<UL><LI><a href="#[5]">&gt;&gt;</a>&nbsp;&nbsp;&nbsp;sys_reserved (via Veneer)
</UL>

<P><STRONG><a name="[b7]"></a>ke_init</STRONG> (Thumb, 0 bytes, Stack size 0 bytes, stack_rom_symbol_1.txt(ABSOLUTE))
<BR><BR>[Called By]<UL><LI><a href="#[92]">&gt;&gt;</a>&nbsp;&nbsp;&nbsp;rwip_init
</UL>

<P><STRONG><a name="[bd]"></a>ke_flush</STRONG> (Thumb, 0 bytes, Stack size 0 bytes, stack_rom_symbol_1.txt(ABSOLUTE))
<BR><BR>[Called By]<UL><LI><a href="#[10]">&gt;&gt;</a>&nbsp;&nbsp;&nbsp;rwip_reset
</UL>

<P><STRONG><a name="[c2]"></a>ke_sleep_check</STRONG> (Thumb, 0 bytes, Stack size 0 bytes, stack_rom_symbol_1.txt(ABSOLUTE))
<BR><BR>[Called By]<UL><LI><a href="#[99]">&gt;&gt;</a>&nbsp;&nbsp;&nbsp;rwip_sleep
</UL>

<P><STRONG><a name="[cc]"></a>ke_event_set</STRONG> (Thumb, 0 bytes, Stack size 0 bytes, stack_rom_symbol_1.txt(ABSOLUTE))
<BR><BR>[Called By]<UL><LI><a href="#[de]">&gt;&gt;</a>&nbsp;&nbsp;&nbsp;timer_isr
<LI><a href="#[af]">&gt;&gt;</a>&nbsp;&nbsp;&nbsp;rwip_wakeup_end
</UL>

<P><STRONG><a name="[c1]"></a>ke_event_schedule</STRONG> (Thumb, 0 bytes, Stack size 0 bytes, stack_rom_symbol_1.txt(ABSOLUTE))
<BR><BR>[Called By]<UL><LI><a href="#[96]">&gt;&gt;</a>&nbsp;&nbsp;&nbsp;rwip_schedule
</UL>

<P><STRONG><a name="[b8]"></a>ke_mem_init</STRONG> (Thumb, 0 bytes, Stack size 0 bytes, stack_rom_symbol_1.txt(ABSOLUTE))
<BR><BR>[Called By]<UL><LI><a href="#[92]">&gt;&gt;</a>&nbsp;&nbsp;&nbsp;rwip_init
</UL>

<P><STRONG><a name="[f0]"></a>ke_malloc</STRONG> (Thumb, 0 bytes, Stack size 0 bytes, stack_rom_symbol_1.txt(ABSOLUTE))
<BR><BR>[Called By]<UL><LI><a href="#[f1]">&gt;&gt;</a>&nbsp;&nbsp;&nbsp;attm_util_svc_create_db128
<LI><a href="#[2e]">&gt;&gt;</a>&nbsp;&nbsp;&nbsp;ffe0s_init
</UL>

<P><STRONG><a name="[f2]"></a>ke_free</STRONG> (Thumb, 0 bytes, Stack size 0 bytes, stack_rom_symbol_1.txt(ABSOLUTE))
<BR><BR>[Called By]<UL><LI><a href="#[f1]">&gt;&gt;</a>&nbsp;&nbsp;&nbsp;attm_util_svc_create_db128
<LI><a href="#[2f]">&gt;&gt;</a>&nbsp;&nbsp;&nbsp;ffe0s_destroy
<LI><a href="#[2e]">&gt;&gt;</a>&nbsp;&nbsp;&nbsp;ffe0s_init
</UL>

<P><STRONG><a name="[f9]"></a>ke_msg_alloc</STRONG> (Thumb, 0 bytes, Stack size 0 bytes, stack_rom_symbol_1.txt(ABSOLUTE))
<BR><BR>[Called By]<UL><LI><a href="#[155]">&gt;&gt;</a>&nbsp;&nbsp;&nbsp;ble_advertising_stop
<LI><a href="#[156]">&gt;&gt;</a>&nbsp;&nbsp;&nbsp;ble_advertising_start
<LI><a href="#[45]">&gt;&gt;</a>&nbsp;&nbsp;&nbsp;gapc_param_update_req_ind_handler
<LI><a href="#[3e]">&gt;&gt;</a>&nbsp;&nbsp;&nbsp;gapc_connection_req_ind_handler
<LI><a href="#[3d]">&gt;&gt;</a>&nbsp;&nbsp;&nbsp;gapc_set_dev_info_req_ind_handler
<LI><a href="#[3c]">&gt;&gt;</a>&nbsp;&nbsp;&nbsp;gapc_get_dev_info_req_ind_handler
<LI><a href="#[3b]">&gt;&gt;</a>&nbsp;&nbsp;&nbsp;gapm_cmp_evt_handler
<LI><a href="#[3a]">&gt;&gt;</a>&nbsp;&nbsp;&nbsp;gapm_device_ready_ind_handler
<LI><a href="#[108]">&gt;&gt;</a>&nbsp;&nbsp;&nbsp;appm_update_adv_data
<LI><a href="#[107]">&gt;&gt;</a>&nbsp;&nbsp;&nbsp;appm_update_param
<LI><a href="#[106]">&gt;&gt;</a>&nbsp;&nbsp;&nbsp;appm_disconnect
<LI><a href="#[38]">&gt;&gt;</a>&nbsp;&nbsp;&nbsp;app_add_ffe0s
<LI><a href="#[36]">&gt;&gt;</a>&nbsp;&nbsp;&nbsp;gattc_read_req_ind_handler
<LI><a href="#[35]">&gt;&gt;</a>&nbsp;&nbsp;&nbsp;gattc_write_req_ind_handler
<LI><a href="#[34]">&gt;&gt;</a>&nbsp;&nbsp;&nbsp;gattc_att_info_req_ind_handler
<LI><a href="#[fb]">&gt;&gt;</a>&nbsp;&nbsp;&nbsp;ffe0s_notify_ffe1_val
<LI><a href="#[32]">&gt;&gt;</a>&nbsp;&nbsp;&nbsp;ffe0s_enable_req_handler
</UL>

<P><STRONG><a name="[fa]"></a>ke_msg_send</STRONG> (Thumb, 0 bytes, Stack size 0 bytes, stack_rom_symbol_1.txt(ABSOLUTE))
<BR><BR>[Called By]<UL><LI><a href="#[155]">&gt;&gt;</a>&nbsp;&nbsp;&nbsp;ble_advertising_stop
<LI><a href="#[156]">&gt;&gt;</a>&nbsp;&nbsp;&nbsp;ble_advertising_start
<LI><a href="#[45]">&gt;&gt;</a>&nbsp;&nbsp;&nbsp;gapc_param_update_req_ind_handler
<LI><a href="#[3e]">&gt;&gt;</a>&nbsp;&nbsp;&nbsp;gapc_connection_req_ind_handler
<LI><a href="#[3d]">&gt;&gt;</a>&nbsp;&nbsp;&nbsp;gapc_set_dev_info_req_ind_handler
<LI><a href="#[3c]">&gt;&gt;</a>&nbsp;&nbsp;&nbsp;gapc_get_dev_info_req_ind_handler
<LI><a href="#[3b]">&gt;&gt;</a>&nbsp;&nbsp;&nbsp;gapm_cmp_evt_handler
<LI><a href="#[3a]">&gt;&gt;</a>&nbsp;&nbsp;&nbsp;gapm_device_ready_ind_handler
<LI><a href="#[108]">&gt;&gt;</a>&nbsp;&nbsp;&nbsp;appm_update_adv_data
<LI><a href="#[107]">&gt;&gt;</a>&nbsp;&nbsp;&nbsp;appm_update_param
<LI><a href="#[106]">&gt;&gt;</a>&nbsp;&nbsp;&nbsp;appm_disconnect
<LI><a href="#[38]">&gt;&gt;</a>&nbsp;&nbsp;&nbsp;app_add_ffe0s
<LI><a href="#[36]">&gt;&gt;</a>&nbsp;&nbsp;&nbsp;gattc_read_req_ind_handler
<LI><a href="#[35]">&gt;&gt;</a>&nbsp;&nbsp;&nbsp;gattc_write_req_ind_handler
<LI><a href="#[34]">&gt;&gt;</a>&nbsp;&nbsp;&nbsp;gattc_att_info_req_ind_handler
<LI><a href="#[fb]">&gt;&gt;</a>&nbsp;&nbsp;&nbsp;ffe0s_notify_ffe1_val
<LI><a href="#[32]">&gt;&gt;</a>&nbsp;&nbsp;&nbsp;ffe0s_enable_req_handler
</UL>

<P><STRONG><a name="[ee]"></a>ke_task_create</STRONG> (Thumb, 0 bytes, Stack size 0 bytes, stack_rom_symbol_1.txt(ABSOLUTE))
<BR><BR>[Called By]<UL><LI><a href="#[bc]">&gt;&gt;</a>&nbsp;&nbsp;&nbsp;appm_init
<LI><a href="#[b]">&gt;&gt;</a>&nbsp;&nbsp;&nbsp;prf_init
</UL>

<P><STRONG><a name="[f3]"></a>ke_state_set</STRONG> (Thumb, 0 bytes, Stack size 0 bytes, stack_rom_symbol_1.txt(ABSOLUTE))
<BR><BR>[Called By]<UL><LI><a href="#[155]">&gt;&gt;</a>&nbsp;&nbsp;&nbsp;ble_advertising_stop
<LI><a href="#[156]">&gt;&gt;</a>&nbsp;&nbsp;&nbsp;ble_advertising_start
<LI><a href="#[40]">&gt;&gt;</a>&nbsp;&nbsp;&nbsp;gapc_disconnect_ind_handler
<LI><a href="#[3e]">&gt;&gt;</a>&nbsp;&nbsp;&nbsp;gapc_connection_req_ind_handler
<LI><a href="#[3b]">&gt;&gt;</a>&nbsp;&nbsp;&nbsp;gapm_cmp_evt_handler
<LI><a href="#[fd]">&gt;&gt;</a>&nbsp;&nbsp;&nbsp;ble_send_notify
<LI><a href="#[37]">&gt;&gt;</a>&nbsp;&nbsp;&nbsp;gattc_cmp_evt_handler
<LI><a href="#[33]">&gt;&gt;</a>&nbsp;&nbsp;&nbsp;ffe0s_ffe1_value_upd_req_handler
<LI><a href="#[2e]">&gt;&gt;</a>&nbsp;&nbsp;&nbsp;ffe0s_init
<LI><a href="#[bc]">&gt;&gt;</a>&nbsp;&nbsp;&nbsp;appm_init
</UL>

<P><STRONG><a name="[f7]"></a>ke_state_get</STRONG> (Thumb, 0 bytes, Stack size 0 bytes, stack_rom_symbol_1.txt(ABSOLUTE))
<BR><BR>[Called By]<UL><LI><a href="#[155]">&gt;&gt;</a>&nbsp;&nbsp;&nbsp;ble_advertising_stop
<LI><a href="#[156]">&gt;&gt;</a>&nbsp;&nbsp;&nbsp;ble_advertising_start
<LI><a href="#[41]">&gt;&gt;</a>&nbsp;&nbsp;&nbsp;gapm_profile_added_ind_handler
<LI><a href="#[108]">&gt;&gt;</a>&nbsp;&nbsp;&nbsp;appm_update_adv_data
<LI><a href="#[fd]">&gt;&gt;</a>&nbsp;&nbsp;&nbsp;ble_send_notify
<LI><a href="#[33]">&gt;&gt;</a>&nbsp;&nbsp;&nbsp;ffe0s_ffe1_value_upd_req_handler
<LI><a href="#[32]">&gt;&gt;</a>&nbsp;&nbsp;&nbsp;ffe0s_enable_req_handler
</UL>

<P><STRONG><a name="[ed]"></a>ke_task_msg_flush</STRONG> (Thumb, 0 bytes, Stack size 0 bytes, stack_rom_symbol_1.txt(ABSOLUTE))
<BR><BR>[Called By]<UL><LI><a href="#[b]">&gt;&gt;</a>&nbsp;&nbsp;&nbsp;prf_init
</UL>

<P><STRONG><a name="[10f]"></a>ke_timer_set</STRONG> (Thumb, 0 bytes, Stack size 0 bytes, stack_rom_symbol_1.txt(ABSOLUTE))
<BR><BR>[Called By]<UL><LI><a href="#[14c]">&gt;&gt;</a>&nbsp;&nbsp;&nbsp;ble_ota_timer_start
<LI><a href="#[47]">&gt;&gt;</a>&nbsp;&nbsp;&nbsp;app_period_timer_handler
</UL>

<P><STRONG><a name="[152]"></a>ke_timer_clear</STRONG> (Thumb, 0 bytes, Stack size 0 bytes, stack_rom_symbol_1.txt(ABSOLUTE))
<BR><BR>[Called By]<UL><LI><a href="#[147]">&gt;&gt;</a>&nbsp;&nbsp;&nbsp;ble_ota_timer_delete
</UL>

<P><STRONG><a name="[c4]"></a>ke_timer_sleep_check</STRONG> (Thumb, 0 bytes, Stack size 0 bytes, stack_rom_symbol_1.txt(ABSOLUTE))
<BR><BR>[Called By]<UL><LI><a href="#[99]">&gt;&gt;</a>&nbsp;&nbsp;&nbsp;rwip_sleep
</UL>

<P><STRONG><a name="[a5]"></a>em_buf_init</STRONG> (Thumb, 0 bytes, Stack size 0 bytes, stack_rom_symbol_1.txt(ABSOLUTE))
<BR><BR>[Called By]<UL><LI><a href="#[aa]">&gt;&gt;</a>&nbsp;&nbsp;&nbsp;rwble_reset
<LI><a href="#[a4]">&gt;&gt;</a>&nbsp;&nbsp;&nbsp;rwble_init
</UL>

<P><STRONG><a name="[a7]"></a>llc_init</STRONG> (Thumb, 0 bytes, Stack size 0 bytes, stack_rom_symbol_1.txt(ABSOLUTE))
<BR><BR>[Called By]<UL><LI><a href="#[a4]">&gt;&gt;</a>&nbsp;&nbsp;&nbsp;rwble_init
</UL>

<P><STRONG><a name="[ac]"></a>llc_reset</STRONG> (Thumb, 0 bytes, Stack size 0 bytes, stack_rom_symbol_1.txt(ABSOLUTE))
<BR><BR>[Called By]<UL><LI><a href="#[aa]">&gt;&gt;</a>&nbsp;&nbsp;&nbsp;rwble_reset
</UL>

<P><STRONG><a name="[a6]"></a>lld_init</STRONG> (Thumb, 0 bytes, Stack size 0 bytes, stack_rom_symbol_1.txt(ABSOLUTE))
<BR><BR>[Called By]<UL><LI><a href="#[aa]">&gt;&gt;</a>&nbsp;&nbsp;&nbsp;rwble_reset
<LI><a href="#[a4]">&gt;&gt;</a>&nbsp;&nbsp;&nbsp;rwble_init
</UL>

<P><STRONG><a name="[ab]"></a>lld_core_reset</STRONG> (Thumb, 0 bytes, Stack size 0 bytes, stack_rom_symbol_1.txt(ABSOLUTE))
<BR><BR>[Called By]<UL><LI><a href="#[aa]">&gt;&gt;</a>&nbsp;&nbsp;&nbsp;rwble_reset
</UL>

<P><STRONG><a name="[b6]"></a>lld_crypt_isr</STRONG> (Thumb, 0 bytes, Stack size 0 bytes, stack_rom_symbol_1.txt(ABSOLUTE))
<BR><BR>[Called By]<UL><LI><a href="#[ad]">&gt;&gt;</a>&nbsp;&nbsp;&nbsp;rwble_isr
</UL>

<P><STRONG><a name="[b5]"></a>lld_evt_timer_isr</STRONG> (Thumb, 0 bytes, Stack size 0 bytes, stack_rom_symbol_1.txt(ABSOLUTE))
<BR><BR>[Called By]<UL><LI><a href="#[ad]">&gt;&gt;</a>&nbsp;&nbsp;&nbsp;rwble_isr
</UL>

<P><STRONG><a name="[b1]"></a>lld_evt_end_isr</STRONG> (Thumb, 0 bytes, Stack size 0 bytes, stack_rom_symbol_1.txt(ABSOLUTE))
<BR><BR>[Called By]<UL><LI><a href="#[ad]">&gt;&gt;</a>&nbsp;&nbsp;&nbsp;rwble_isr
</UL>

<P><STRONG><a name="[b3]"></a>lld_evt_rx_isr</STRONG> (Thumb, 0 bytes, Stack size 0 bytes, stack_rom_symbol_1.txt(ABSOLUTE))
<BR><BR>[Called By]<UL><LI><a href="#[ad]">&gt;&gt;</a>&nbsp;&nbsp;&nbsp;rwble_isr
</UL>

<P><STRONG><a name="[c9]"></a>lld_sleep_enter</STRONG> (Thumb, 0 bytes, Stack size 0 bytes, stack_rom_symbol_1.txt(ABSOLUTE))
<BR><BR>[Called By]<UL><LI><a href="#[99]">&gt;&gt;</a>&nbsp;&nbsp;&nbsp;rwip_sleep
</UL>

<P><STRONG><a name="[ca]"></a>lld_sleep_wakeup</STRONG> (Thumb, 0 bytes, Stack size 0 bytes, stack_rom_symbol_1.txt(ABSOLUTE))
<BR><BR>[Called By]<UL><LI><a href="#[ae]">&gt;&gt;</a>&nbsp;&nbsp;&nbsp;rwip_wakeup
</UL>

<P><STRONG><a name="[cb]"></a>lld_sleep_wakeup_end</STRONG> (Thumb, 0 bytes, Stack size 0 bytes, stack_rom_symbol_1.txt(ABSOLUTE))
<BR><BR>[Called By]<UL><LI><a href="#[af]">&gt;&gt;</a>&nbsp;&nbsp;&nbsp;rwip_wakeup_end
</UL>

<P><STRONG><a name="[a8]"></a>llm_init</STRONG> (Thumb, 0 bytes, Stack size 0 bytes, stack_rom_symbol_1.txt(ABSOLUTE))
<BR><BR>[Called By]<UL><LI><a href="#[aa]">&gt;&gt;</a>&nbsp;&nbsp;&nbsp;rwble_reset
<LI><a href="#[a4]">&gt;&gt;</a>&nbsp;&nbsp;&nbsp;rwble_init
</UL>

<P><STRONG><a name="[a9]"></a>llm_ble_ready</STRONG> (Thumb, 0 bytes, Stack size 0 bytes, stack_rom_symbol_1.txt(ABSOLUTE))
<BR><BR>[Called By]<UL><LI><a href="#[a4]">&gt;&gt;</a>&nbsp;&nbsp;&nbsp;rwble_init
</UL>

<P><STRONG><a name="[bb]"></a>ea_init</STRONG> (Thumb, 0 bytes, Stack size 0 bytes, stack_rom_symbol_1.txt(ABSOLUTE))
<BR><BR>[Called By]<UL><LI><a href="#[10]">&gt;&gt;</a>&nbsp;&nbsp;&nbsp;rwip_reset
<LI><a href="#[92]">&gt;&gt;</a>&nbsp;&nbsp;&nbsp;rwip_init
</UL>

<P><STRONG><a name="[b0]"></a>ea_finetimer_isr</STRONG> (Thumb, 0 bytes, Stack size 0 bytes, stack_rom_symbol_1.txt(ABSOLUTE))
<BR><BR>[Called By]<UL><LI><a href="#[ad]">&gt;&gt;</a>&nbsp;&nbsp;&nbsp;rwble_isr
</UL>

<P><STRONG><a name="[b4]"></a>ea_sw_isr</STRONG> (Thumb, 0 bytes, Stack size 0 bytes, stack_rom_symbol_1.txt(ABSOLUTE))
<BR><BR>[Called By]<UL><LI><a href="#[ad]">&gt;&gt;</a>&nbsp;&nbsp;&nbsp;rwble_isr
</UL>

<P><STRONG><a name="[c6]"></a>ea_sleep_check</STRONG> (Thumb, 0 bytes, Stack size 0 bytes, stack_rom_symbol_1.txt(ABSOLUTE))
<BR><BR>[Called By]<UL><LI><a href="#[99]">&gt;&gt;</a>&nbsp;&nbsp;&nbsp;rwip_sleep
</UL>

<P><STRONG><a name="[f8]"></a>gapc_get_conhdl</STRONG> (Thumb, 0 bytes, Stack size 0 bytes, stack_rom_symbol_1.txt(ABSOLUTE))
<BR><BR>[Called By]<UL><LI><a href="#[32]">&gt;&gt;</a>&nbsp;&nbsp;&nbsp;ffe0s_enable_req_handler
</UL>

<P><STRONG><a name="[a1]"></a>gapm_init</STRONG> (Thumb, 0 bytes, Stack size 0 bytes, stack_rom_symbol_1.txt(ABSOLUTE))
<BR><BR>[Called By]<UL><LI><a href="#[9f]">&gt;&gt;</a>&nbsp;&nbsp;&nbsp;rwble_hl_init
<LI><a href="#[f]">&gt;&gt;</a>&nbsp;&nbsp;&nbsp;rwble_hl_reset
</UL>

<P><STRONG><a name="[a0]"></a>attm_init</STRONG> (Thumb, 0 bytes, Stack size 0 bytes, stack_rom_symbol_1.txt(ABSOLUTE))
<BR><BR>[Called By]<UL><LI><a href="#[9f]">&gt;&gt;</a>&nbsp;&nbsp;&nbsp;rwble_hl_init
<LI><a href="#[f]">&gt;&gt;</a>&nbsp;&nbsp;&nbsp;rwble_hl_reset
</UL>

<P><STRONG><a name="[103]"></a>attmdb_add_service</STRONG> (Thumb, 0 bytes, Stack size 0 bytes, stack_rom_symbol_1.txt(ABSOLUTE))
<BR><BR>[Called By]<UL><LI><a href="#[f1]">&gt;&gt;</a>&nbsp;&nbsp;&nbsp;attm_util_svc_create_db128
</UL>

<P><STRONG><a name="[a2]"></a>gattm_init</STRONG> (Thumb, 0 bytes, Stack size 0 bytes, stack_rom_symbol_1.txt(ABSOLUTE))
<BR><BR>[Called By]<UL><LI><a href="#[9f]">&gt;&gt;</a>&nbsp;&nbsp;&nbsp;rwble_hl_init
<LI><a href="#[f]">&gt;&gt;</a>&nbsp;&nbsp;&nbsp;rwble_hl_reset
</UL>

<P><STRONG><a name="[a3]"></a>l2cm_init</STRONG> (Thumb, 0 bytes, Stack size 0 bytes, stack_rom_symbol_1.txt(ABSOLUTE))
<BR><BR>[Called By]<UL><LI><a href="#[9f]">&gt;&gt;</a>&nbsp;&nbsp;&nbsp;rwble_hl_init
<LI><a href="#[f]">&gt;&gt;</a>&nbsp;&nbsp;&nbsp;rwble_hl_reset
</UL>

<P><STRONG><a name="[ba]"></a>hci_init</STRONG> (Thumb, 0 bytes, Stack size 0 bytes, stack_rom_symbol_1.txt(ABSOLUTE))
<BR><BR>[Called By]<UL><LI><a href="#[92]">&gt;&gt;</a>&nbsp;&nbsp;&nbsp;rwip_init
</UL>

<P><STRONG><a name="[be]"></a>hci_reset</STRONG> (Thumb, 0 bytes, Stack size 0 bytes, stack_rom_symbol_1.txt(ABSOLUTE))
<BR><BR>[Called By]<UL><LI><a href="#[10]">&gt;&gt;</a>&nbsp;&nbsp;&nbsp;rwip_reset
</UL>

<P><STRONG><a name="[c8]"></a>__aeabi_uidivmod</STRONG> (Thumb, 0 bytes, Stack size 0 bytes, stack_rom_symbol_1.txt(ABSOLUTE))
<BR><BR>[Called By]<UL><LI><a href="#[150]">&gt;&gt;</a>&nbsp;&nbsp;&nbsp;ble_qiot_ota_data_saved
<LI><a href="#[e4]">&gt;&gt;</a>&nbsp;&nbsp;&nbsp;kmod_calibration
<LI><a href="#[14]">&gt;&gt;</a>&nbsp;&nbsp;&nbsp;rwip_us_2_lpcycles
<LI><a href="#[99]">&gt;&gt;</a>&nbsp;&nbsp;&nbsp;rwip_sleep
<LI><a href="#[186]">&gt;&gt;</a>&nbsp;&nbsp;&nbsp;_printf_core
<LI><a href="#[15f]">&gt;&gt;</a>&nbsp;&nbsp;&nbsp;qcloud_iot_utils_base64encode
</UL>

<P><STRONG><a name="[105]"></a>rand</STRONG> (Thumb, 0 bytes, Stack size 0 bytes, stack_rom_symbol_1.txt(ABSOLUTE))
<BR><BR>[Called By]<UL><LI><a href="#[bc]">&gt;&gt;</a>&nbsp;&nbsp;&nbsp;appm_init
</UL>

<P><STRONG><a name="[84]"></a>srand</STRONG> (Thumb, 0 bytes, Stack size 0 bytes, stack_rom_symbol_1.txt(ABSOLUTE))
<BR><BR>[Called By]<UL><LI><a href="#[aa]">&gt;&gt;</a>&nbsp;&nbsp;&nbsp;rwble_reset
<LI><a href="#[82]">&gt;&gt;</a>&nbsp;&nbsp;&nbsp;rw_main
</UL>

<P><STRONG><a name="[7b]"></a>__aeabi_memcpy</STRONG> (Thumb, 0 bytes, Stack size 0 bytes, stack_rom_symbol_1.txt(ABSOLUTE))
<BR><BR>[Called By]<UL><LI><a href="#[156]">&gt;&gt;</a>&nbsp;&nbsp;&nbsp;ble_advertising_start
<LI><a href="#[15a]">&gt;&gt;</a>&nbsp;&nbsp;&nbsp;ble_package_slice_data
<LI><a href="#[149]">&gt;&gt;</a>&nbsp;&nbsp;&nbsp;ble_ota_request_handle
<LI><a href="#[150]">&gt;&gt;</a>&nbsp;&nbsp;&nbsp;ble_qiot_ota_data_saved
<LI><a href="#[138]">&gt;&gt;</a>&nbsp;&nbsp;&nbsp;ble_event_notify2
<LI><a href="#[130]">&gt;&gt;</a>&nbsp;&nbsp;&nbsp;utils_hmac_sha1
<LI><a href="#[129]">&gt;&gt;</a>&nbsp;&nbsp;&nbsp;ble_write_flash
<LI><a href="#[127]">&gt;&gt;</a>&nbsp;&nbsp;&nbsp;ble_get_device_info
<LI><a href="#[135]">&gt;&gt;</a>&nbsp;&nbsp;&nbsp;ble_unbind_get_authcode
<LI><a href="#[133]">&gt;&gt;</a>&nbsp;&nbsp;&nbsp;ble_conn_get_authcode
<LI><a href="#[12d]">&gt;&gt;</a>&nbsp;&nbsp;&nbsp;ble_bind_get_authcode
<LI><a href="#[12a]">&gt;&gt;</a>&nbsp;&nbsp;&nbsp;ble_get_my_broadcast_data
<LI><a href="#[128]">&gt;&gt;</a>&nbsp;&nbsp;&nbsp;ble_write_core_data
<LI><a href="#[3b]">&gt;&gt;</a>&nbsp;&nbsp;&nbsp;gapm_cmp_evt_handler
<LI><a href="#[109]">&gt;&gt;</a>&nbsp;&nbsp;&nbsp;appm_get_dev_name
<LI><a href="#[108]">&gt;&gt;</a>&nbsp;&nbsp;&nbsp;appm_update_adv_data
<LI><a href="#[102]">&gt;&gt;</a>&nbsp;&nbsp;&nbsp;attm_char_convert_to128
<LI><a href="#[101]">&gt;&gt;</a>&nbsp;&nbsp;&nbsp;attm_serv_convert_to128
<LI><a href="#[fd]">&gt;&gt;</a>&nbsp;&nbsp;&nbsp;ble_send_notify
<LI><a href="#[fb]">&gt;&gt;</a>&nbsp;&nbsp;&nbsp;ffe0s_notify_ffe1_val
<LI><a href="#[bc]">&gt;&gt;</a>&nbsp;&nbsp;&nbsp;appm_init
<LI><a href="#[7a]">&gt;&gt;</a>&nbsp;&nbsp;&nbsp;flash_read
<LI><a href="#[79]">&gt;&gt;</a>&nbsp;&nbsp;&nbsp;bdaddr_env_init
<LI><a href="#[67]">&gt;&gt;</a>&nbsp;&nbsp;&nbsp;ble_action_handle_t_action_output_cb
<LI><a href="#[66]">&gt;&gt;</a>&nbsp;&nbsp;&nbsp;ble_action_handle_t_action_input_cb
<LI><a href="#[6d]">&gt;&gt;</a>&nbsp;&nbsp;&nbsp;ble_event_get_t_event_t_time
<LI><a href="#[6c]">&gt;&gt;</a>&nbsp;&nbsp;&nbsp;ble_event_get_t_event_t_float
<LI><a href="#[6a]">&gt;&gt;</a>&nbsp;&nbsp;&nbsp;ble_event_get_t_event_t_str
<LI><a href="#[69]">&gt;&gt;</a>&nbsp;&nbsp;&nbsp;ble_event_get_t_event_t_int
<LI><a href="#[53]">&gt;&gt;</a>&nbsp;&nbsp;&nbsp;ble_property_t_struct_s_time_get
<LI><a href="#[52]">&gt;&gt;</a>&nbsp;&nbsp;&nbsp;ble_property_t_struct_s_time_set
<LI><a href="#[4f]">&gt;&gt;</a>&nbsp;&nbsp;&nbsp;ble_property_t_struct_s_float_get
<LI><a href="#[4e]">&gt;&gt;</a>&nbsp;&nbsp;&nbsp;ble_property_t_struct_s_float_set
<LI><a href="#[4d]">&gt;&gt;</a>&nbsp;&nbsp;&nbsp;ble_property_t_struct_s_str_get
<LI><a href="#[4c]">&gt;&gt;</a>&nbsp;&nbsp;&nbsp;ble_property_t_struct_s_str_set
<LI><a href="#[4b]">&gt;&gt;</a>&nbsp;&nbsp;&nbsp;ble_property_t_struct_s_int_get
<LI><a href="#[4a]">&gt;&gt;</a>&nbsp;&nbsp;&nbsp;ble_property_t_struct_s_int_set
<LI><a href="#[61]">&gt;&gt;</a>&nbsp;&nbsp;&nbsp;ble_property_t_time_get
<LI><a href="#[60]">&gt;&gt;</a>&nbsp;&nbsp;&nbsp;ble_property_t_time_set
<LI><a href="#[5d]">&gt;&gt;</a>&nbsp;&nbsp;&nbsp;ble_property_t_float_get
<LI><a href="#[5c]">&gt;&gt;</a>&nbsp;&nbsp;&nbsp;ble_property_t_float_set
<LI><a href="#[5b]">&gt;&gt;</a>&nbsp;&nbsp;&nbsp;ble_property_t_str_get
<LI><a href="#[5a]">&gt;&gt;</a>&nbsp;&nbsp;&nbsp;ble_property_t_str_set
<LI><a href="#[59]">&gt;&gt;</a>&nbsp;&nbsp;&nbsp;ble_property_t_int_get
<LI><a href="#[58]">&gt;&gt;</a>&nbsp;&nbsp;&nbsp;ble_property_t_int_set
<LI><a href="#[166]">&gt;&gt;</a>&nbsp;&nbsp;&nbsp;utils_md5_update
<LI><a href="#[162]">&gt;&gt;</a>&nbsp;&nbsp;&nbsp;utils_sha1_update
</UL>

<P><STRONG><a name="[e1]"></a>__aeabi_memcpy4</STRONG> (Thumb, 0 bytes, Stack size 0 bytes, stack_rom_symbol_1.txt(ABSOLUTE))
<BR><BR>[Called By]<UL><LI><a href="#[135]">&gt;&gt;</a>&nbsp;&nbsp;&nbsp;ble_unbind_get_authcode
<LI><a href="#[e0]">&gt;&gt;</a>&nbsp;&nbsp;&nbsp;hex2Str
<LI><a href="#[16b]">&gt;&gt;</a>&nbsp;&nbsp;&nbsp;utils_sha1_clone
<LI><a href="#[165]">&gt;&gt;</a>&nbsp;&nbsp;&nbsp;utils_md5_clone
</UL>

<P><STRONG><a name="[104]"></a>__aeabi_memclr</STRONG> (Thumb, 0 bytes, Stack size 0 bytes, stack_rom_symbol_1.txt(ABSOLUTE))
<BR><BR>[Called By]<UL><LI><a href="#[15e]">&gt;&gt;</a>&nbsp;&nbsp;&nbsp;ble_ota_msg_handle
<LI><a href="#[15d]">&gt;&gt;</a>&nbsp;&nbsp;&nbsp;ble_lldata_msg_handle
<LI><a href="#[15b]">&gt;&gt;</a>&nbsp;&nbsp;&nbsp;ble_device_info_msg_handle
<LI><a href="#[15a]">&gt;&gt;</a>&nbsp;&nbsp;&nbsp;ble_package_slice_data
<LI><a href="#[135]">&gt;&gt;</a>&nbsp;&nbsp;&nbsp;ble_unbind_get_authcode
<LI><a href="#[133]">&gt;&gt;</a>&nbsp;&nbsp;&nbsp;ble_conn_get_authcode
<LI><a href="#[12d]">&gt;&gt;</a>&nbsp;&nbsp;&nbsp;ble_bind_get_authcode
<LI><a href="#[124]">&gt;&gt;</a>&nbsp;&nbsp;&nbsp;ble_init_flash_data
<LI><a href="#[bc]">&gt;&gt;</a>&nbsp;&nbsp;&nbsp;appm_init
</UL>

<P><STRONG><a name="[81]"></a>__aeabi_memclr4</STRONG> (Thumb, 0 bytes, Stack size 0 bytes, stack_rom_symbol_1.txt(ABSOLUTE))
<BR><BR>[Called By]<UL><LI><a href="#[156]">&gt;&gt;</a>&nbsp;&nbsp;&nbsp;ble_advertising_start
<LI><a href="#[15b]">&gt;&gt;</a>&nbsp;&nbsp;&nbsp;ble_device_info_msg_handle
<LI><a href="#[14d]">&gt;&gt;</a>&nbsp;&nbsp;&nbsp;ble_ota_file_end_handle
<LI><a href="#[14a]">&gt;&gt;</a>&nbsp;&nbsp;&nbsp;ble_ota_init
<LI><a href="#[150]">&gt;&gt;</a>&nbsp;&nbsp;&nbsp;ble_qiot_ota_data_saved
<LI><a href="#[13f]">&gt;&gt;</a>&nbsp;&nbsp;&nbsp;ble_event_post
<LI><a href="#[138]">&gt;&gt;</a>&nbsp;&nbsp;&nbsp;ble_event_notify2
<LI><a href="#[130]">&gt;&gt;</a>&nbsp;&nbsp;&nbsp;utils_hmac_sha1
<LI><a href="#[129]">&gt;&gt;</a>&nbsp;&nbsp;&nbsp;ble_write_flash
<LI><a href="#[135]">&gt;&gt;</a>&nbsp;&nbsp;&nbsp;ble_unbind_get_authcode
<LI><a href="#[133]">&gt;&gt;</a>&nbsp;&nbsp;&nbsp;ble_conn_get_authcode
<LI><a href="#[12d]">&gt;&gt;</a>&nbsp;&nbsp;&nbsp;ble_bind_get_authcode
<LI><a href="#[12a]">&gt;&gt;</a>&nbsp;&nbsp;&nbsp;ble_get_my_broadcast_data
<LI><a href="#[11d]">&gt;&gt;</a>&nbsp;&nbsp;&nbsp;ble_lldata_action_handle
<LI><a href="#[115]">&gt;&gt;</a>&nbsp;&nbsp;&nbsp;ble_user_property_get_report_data
<LI><a href="#[10b]">&gt;&gt;</a>&nbsp;&nbsp;&nbsp;ble_qiot_advertising_start
<LI><a href="#[2e]">&gt;&gt;</a>&nbsp;&nbsp;&nbsp;ffe0s_init
<LI><a href="#[e9]">&gt;&gt;</a>&nbsp;&nbsp;&nbsp;uart2_clear_rxfifo
<LI><a href="#[1a]">&gt;&gt;</a>&nbsp;&nbsp;&nbsp;uart_clear_rxfifo
<LI><a href="#[80]">&gt;&gt;</a>&nbsp;&nbsp;&nbsp;rom_env_init
<LI><a href="#[164]">&gt;&gt;</a>&nbsp;&nbsp;&nbsp;utils_md5_init
<LI><a href="#[160]">&gt;&gt;</a>&nbsp;&nbsp;&nbsp;utils_sha1_init
</UL>

<P><STRONG><a name="[134]"></a>memcmp</STRONG> (Thumb, 0 bytes, Stack size 0 bytes, stack_rom_symbol_1.txt(ABSOLUTE))
<BR><BR>[Called By]<UL><LI><a href="#[135]">&gt;&gt;</a>&nbsp;&nbsp;&nbsp;ble_unbind_get_authcode
<LI><a href="#[133]">&gt;&gt;</a>&nbsp;&nbsp;&nbsp;ble_conn_get_authcode
</UL>

<P><STRONG><a name="[184]"></a>__ARM_clz</STRONG> (ARM, 0 bytes, Stack size 0 bytes, stack_rom_symbol_1.txt(ABSOLUTE), UNUSED)
<BR><BR>[Called By]<UL><LI><a href="#[17d]">&gt;&gt;</a>&nbsp;&nbsp;&nbsp;_double_epilogue (via BLX)
</UL>

<P><STRONG><a name="[75]"></a>__ARM_common_disable_fiq</STRONG> (ARM, 0 bytes, Stack size 0 bytes, stack_rom_symbol_1.txt(ABSOLUTE))
<BR><BR>[Called By]<UL><LI><a href="#[aa]">&gt;&gt;</a>&nbsp;&nbsp;&nbsp;rwble_reset (via BLX)
<LI><a href="#[10]">&gt;&gt;</a>&nbsp;&nbsp;&nbsp;rwip_reset (via BLX)
<LI><a href="#[11]">&gt;&gt;</a>&nbsp;&nbsp;&nbsp;rwip_prevent_sleep_set (via BLX)
<LI><a href="#[12]">&gt;&gt;</a>&nbsp;&nbsp;&nbsp;rwip_prevent_sleep_clear (via BLX)
<LI><a href="#[82]">&gt;&gt;</a>&nbsp;&nbsp;&nbsp;rw_main (via BLX)
<LI><a href="#[16]">&gt;&gt;</a>&nbsp;&nbsp;&nbsp;platform_reset (via BLX)
</UL>

<P><STRONG><a name="[76]"></a>__ARM_common_disable_irq</STRONG> (ARM, 0 bytes, Stack size 0 bytes, stack_rom_symbol_1.txt(ABSOLUTE))
<BR><BR>[Called By]<UL><LI><a href="#[aa]">&gt;&gt;</a>&nbsp;&nbsp;&nbsp;rwble_reset (via BLX)
<LI><a href="#[10]">&gt;&gt;</a>&nbsp;&nbsp;&nbsp;rwip_reset (via BLX)
<LI><a href="#[11]">&gt;&gt;</a>&nbsp;&nbsp;&nbsp;rwip_prevent_sleep_set (via BLX)
<LI><a href="#[12]">&gt;&gt;</a>&nbsp;&nbsp;&nbsp;rwip_prevent_sleep_clear (via BLX)
<LI><a href="#[82]">&gt;&gt;</a>&nbsp;&nbsp;&nbsp;rw_main (via BLX)
<LI><a href="#[16]">&gt;&gt;</a>&nbsp;&nbsp;&nbsp;platform_reset (via BLX)
</UL>

<P><STRONG><a name="[94]"></a>__ARM_common_enable_fiq</STRONG> (ARM, 0 bytes, Stack size 0 bytes, stack_rom_symbol_1.txt(ABSOLUTE))
<BR><BR>[Called By]<UL><LI><a href="#[aa]">&gt;&gt;</a>&nbsp;&nbsp;&nbsp;rwble_reset (via BLX)
<LI><a href="#[10]">&gt;&gt;</a>&nbsp;&nbsp;&nbsp;rwip_reset (via BLX)
<LI><a href="#[11]">&gt;&gt;</a>&nbsp;&nbsp;&nbsp;rwip_prevent_sleep_set (via BLX)
<LI><a href="#[12]">&gt;&gt;</a>&nbsp;&nbsp;&nbsp;rwip_prevent_sleep_clear (via BLX)
<LI><a href="#[82]">&gt;&gt;</a>&nbsp;&nbsp;&nbsp;rw_main (via BLX)
</UL>

<P><STRONG><a name="[95]"></a>__ARM_common_enable_irq</STRONG> (ARM, 0 bytes, Stack size 0 bytes, stack_rom_symbol_1.txt(ABSOLUTE))
<BR><BR>[Called By]<UL><LI><a href="#[aa]">&gt;&gt;</a>&nbsp;&nbsp;&nbsp;rwble_reset (via BLX)
<LI><a href="#[10]">&gt;&gt;</a>&nbsp;&nbsp;&nbsp;rwip_reset (via BLX)
<LI><a href="#[11]">&gt;&gt;</a>&nbsp;&nbsp;&nbsp;rwip_prevent_sleep_set (via BLX)
<LI><a href="#[12]">&gt;&gt;</a>&nbsp;&nbsp;&nbsp;rwip_prevent_sleep_clear (via BLX)
<LI><a href="#[82]">&gt;&gt;</a>&nbsp;&nbsp;&nbsp;rw_main (via BLX)
</UL>

<P><STRONG><a name="[111]"></a>__ARM_common_switch8</STRONG> (ARM, 0 bytes, Stack size 0 bytes, stack_rom_symbol_1.txt(ABSOLUTE))
<BR><BR>[Called By]<UL><LI><a href="#[15b]">&gt;&gt;</a>&nbsp;&nbsp;&nbsp;ble_device_info_msg_handle (via BLX)
<LI><a href="#[110]">&gt;&gt;</a>&nbsp;&nbsp;&nbsp;ble_lldata_parse_tlv (via BLX)
<LI><a href="#[173]">&gt;&gt;</a>&nbsp;&nbsp;&nbsp;ble_check_ret_value_by_type (via BLX)
<LI><a href="#[172]">&gt;&gt;</a>&nbsp;&nbsp;&nbsp;ble_check_space_enough_by_type (via BLX)
</UL>

<P><STRONG><a name="[6e]"></a>sys_Reset</STRONG> (ARM, 0 bytes, Stack size 0 bytes, boot_handlers.o(SYS_BOOT))
<BR><BR>[Calls]<UL><LI><a href="#[82]">&gt;&gt;</a>&nbsp;&nbsp;&nbsp;rw_main (via Veneer)
</UL>

<P><STRONG><a name="[6f]"></a>SYSirq_FIQ_Handler</STRONG> (ARM, 16 bytes, Stack size 0 bytes, intc.o(sys_fiq_entry))
<BR><BR>[Calls]<UL><LI><a href="#[70]">&gt;&gt;</a>&nbsp;&nbsp;&nbsp;FIQ_Exception (via BLX)
</UL>
<BR>[Called By]<UL><LI><a href="#[7]">&gt;&gt;</a>&nbsp;&nbsp;&nbsp;FIQ_Handler
</UL>

<P><STRONG><a name="[71]"></a>SYSirq_IRQ_Handler</STRONG> (ARM, 16 bytes, Stack size 0 bytes, intc.o(sys_irq_entry))
<BR><BR>[Calls]<UL><LI><a href="#[72]">&gt;&gt;</a>&nbsp;&nbsp;&nbsp;IRQ_Exception (via BLX)
</UL>
<BR>[Called By]<UL><LI><a href="#[6]">&gt;&gt;</a>&nbsp;&nbsp;&nbsp;IRQ_Handler
</UL>

<P><STRONG><a name="[17]"></a>assert_err</STRONG> (Thumb, 18 bytes, Stack size 0 bytes, arch_main.o(.text))
<BR><BR>[Calls]<UL><LI><a href="#[20]">&gt;&gt;</a>&nbsp;&nbsp;&nbsp;uart_printf
</UL>
<BR>[Called By]<UL><LI><a href="#[eb]">&gt;&gt;</a>&nbsp;&nbsp;&nbsp;uart2_write
<LI><a href="#[ea]">&gt;&gt;</a>&nbsp;&nbsp;&nbsp;uart2_read
<LI><a href="#[1c]">&gt;&gt;</a>&nbsp;&nbsp;&nbsp;uart_write
<LI><a href="#[1b]">&gt;&gt;</a>&nbsp;&nbsp;&nbsp;uart_read
<LI><a href="#[13]">&gt;&gt;</a>&nbsp;&nbsp;&nbsp;rwip_sleep_lpcycles_2_us
<LI><a href="#[99]">&gt;&gt;</a>&nbsp;&nbsp;&nbsp;rwip_sleep
</UL>
<BR>[Address Reference Count : 1]<UL><LI> arch_main.o(.text)
</UL>
<P><STRONG><a name="[18]"></a>assert_param</STRONG> (Thumb, 22 bytes, Stack size 0 bytes, arch_main.o(.text))
<BR><BR>[Calls]<UL><LI><a href="#[20]">&gt;&gt;</a>&nbsp;&nbsp;&nbsp;uart_printf
</UL>
<BR>[Address Reference Count : 1]<UL><LI> arch_main.o(.text)
</UL>
<P><STRONG><a name="[73]"></a>assert_warn</STRONG> (Thumb, 22 bytes, Stack size 0 bytes, arch_main.o(.text), UNUSED)
<BR><BR>[Calls]<UL><LI><a href="#[20]">&gt;&gt;</a>&nbsp;&nbsp;&nbsp;uart_printf
</UL>

<P><STRONG><a name="[74]"></a>dump_data</STRONG> (Thumb, 18 bytes, Stack size 0 bytes, arch_main.o(.text), UNUSED)
<BR><BR>[Calls]<UL><LI><a href="#[20]">&gt;&gt;</a>&nbsp;&nbsp;&nbsp;uart_printf
</UL>

<P><STRONG><a name="[16]"></a>platform_reset</STRONG> (Thumb, 46 bytes, Stack size 0 bytes, arch_main.o(.text))
<BR><BR>[Calls]<UL><LI><a href="#[76]">&gt;&gt;</a>&nbsp;&nbsp;&nbsp;__ARM_common_disable_irq (via BLX)
<LI><a href="#[75]">&gt;&gt;</a>&nbsp;&nbsp;&nbsp;__ARM_common_disable_fiq (via BLX)
<LI><a href="#[78]">&gt;&gt;</a>&nbsp;&nbsp;&nbsp;wdt_enable
<LI><a href="#[20]">&gt;&gt;</a>&nbsp;&nbsp;&nbsp;uart_printf
<LI><a href="#[77]">&gt;&gt;</a>&nbsp;&nbsp;&nbsp;uart_finish_transfers
</UL>
<BR>[Address Reference Count : 1]<UL><LI> arch_main.o(.text)
</UL>
<P><STRONG><a name="[79]"></a>bdaddr_env_init</STRONG> (Thumb, 74 bytes, Stack size 0 bytes, arch_main.o(.text))
<BR><BR>[Calls]<UL><LI><a href="#[7a]">&gt;&gt;</a>&nbsp;&nbsp;&nbsp;flash_read
<LI><a href="#[7b]">&gt;&gt;</a>&nbsp;&nbsp;&nbsp;__aeabi_memcpy
</UL>
<BR>[Called By]<UL><LI><a href="#[82]">&gt;&gt;</a>&nbsp;&nbsp;&nbsp;rw_main
</UL>

<P><STRONG><a name="[8]"></a>user_timer_cb</STRONG> (Thumb, 10 bytes, Stack size 0 bytes, arch_main.o(.text))
<BR><BR>[Calls]<UL><LI><a href="#[7c]">&gt;&gt;</a>&nbsp;&nbsp;&nbsp;gpio_triger
</UL>
<BR>[Address Reference Count : 1]<UL><LI> arch_main.o(.text)
</UL>
<P><STRONG><a name="[7d]"></a>user_timer_init</STRONG> (Thumb, 78 bytes, Stack size 0 bytes, arch_main.o(.text), UNUSED)
<BR><BR>[Calls]<UL><LI><a href="#[11]">&gt;&gt;</a>&nbsp;&nbsp;&nbsp;rwip_prevent_sleep_set
<LI><a href="#[7f]">&gt;&gt;</a>&nbsp;&nbsp;&nbsp;pwm_init
<LI><a href="#[7e]">&gt;&gt;</a>&nbsp;&nbsp;&nbsp;icu_set_sleep_mode
</UL>

<P><STRONG><a name="[80]"></a>rom_env_init</STRONG> (Thumb, 86 bytes, Stack size 0 bytes, arch_main.o(.text))
<BR><BR>[Calls]<UL><LI><a href="#[81]">&gt;&gt;</a>&nbsp;&nbsp;&nbsp;__aeabi_memclr4
</UL>
<BR>[Called By]<UL><LI><a href="#[82]">&gt;&gt;</a>&nbsp;&nbsp;&nbsp;rw_main
</UL>

<P><STRONG><a name="[88]"></a>rwip_eif_api_init</STRONG> (Thumb, 20 bytes, Stack size 0 bytes, arch_main.o(.text))
<BR><BR>[Called By]<UL><LI><a href="#[82]">&gt;&gt;</a>&nbsp;&nbsp;&nbsp;rw_main
</UL>

<P><STRONG><a name="[82]"></a>rw_main</STRONG> (Thumb, 304 bytes, Stack size 0 bytes, arch_main.o(.text))
<BR><BR>[Calls]<UL><LI><a href="#[95]">&gt;&gt;</a>&nbsp;&nbsp;&nbsp;__ARM_common_enable_irq (via BLX)
<LI><a href="#[94]">&gt;&gt;</a>&nbsp;&nbsp;&nbsp;__ARM_common_enable_fiq (via BLX)
<LI><a href="#[76]">&gt;&gt;</a>&nbsp;&nbsp;&nbsp;__ARM_common_disable_irq (via BLX)
<LI><a href="#[75]">&gt;&gt;</a>&nbsp;&nbsp;&nbsp;__ARM_common_disable_fiq (via BLX)
<LI><a href="#[78]">&gt;&gt;</a>&nbsp;&nbsp;&nbsp;wdt_enable
<LI><a href="#[98]">&gt;&gt;</a>&nbsp;&nbsp;&nbsp;wdt_disable
<LI><a href="#[20]">&gt;&gt;</a>&nbsp;&nbsp;&nbsp;uart_printf
<LI><a href="#[8f]">&gt;&gt;</a>&nbsp;&nbsp;&nbsp;uart_init
<LI><a href="#[90]">&gt;&gt;</a>&nbsp;&nbsp;&nbsp;uart_cb_register
<LI><a href="#[87]">&gt;&gt;</a>&nbsp;&nbsp;&nbsp;timer_init
<LI><a href="#[85]">&gt;&gt;</a>&nbsp;&nbsp;&nbsp;system_sleep_init
<LI><a href="#[84]">&gt;&gt;</a>&nbsp;&nbsp;&nbsp;srand
<LI><a href="#[99]">&gt;&gt;</a>&nbsp;&nbsp;&nbsp;rwip_sleep
<LI><a href="#[96]">&gt;&gt;</a>&nbsp;&nbsp;&nbsp;rwip_schedule
<LI><a href="#[92]">&gt;&gt;</a>&nbsp;&nbsp;&nbsp;rwip_init
<LI><a href="#[89]">&gt;&gt;</a>&nbsp;&nbsp;&nbsp;intc_init
<LI><a href="#[83]">&gt;&gt;</a>&nbsp;&nbsp;&nbsp;icu_init
<LI><a href="#[9a]">&gt;&gt;</a>&nbsp;&nbsp;&nbsp;icu_get_sleep_mode
<LI><a href="#[8b]">&gt;&gt;</a>&nbsp;&nbsp;&nbsp;gpio_set
<LI><a href="#[8d]">&gt;&gt;</a>&nbsp;&nbsp;&nbsp;gpio_get_input
<LI><a href="#[8a]">&gt;&gt;</a>&nbsp;&nbsp;&nbsp;gpio_config
<LI><a href="#[91]">&gt;&gt;</a>&nbsp;&nbsp;&nbsp;flash_init
<LI><a href="#[8e]">&gt;&gt;</a>&nbsp;&nbsp;&nbsp;flash_erase_sector
<LI><a href="#[86]">&gt;&gt;</a>&nbsp;&nbsp;&nbsp;emi_init
<LI><a href="#[9b]">&gt;&gt;</a>&nbsp;&nbsp;&nbsp;cpu_reduce_voltage_sleep
<LI><a href="#[9c]">&gt;&gt;</a>&nbsp;&nbsp;&nbsp;cpu_idle_sleep
<LI><a href="#[93]">&gt;&gt;</a>&nbsp;&nbsp;&nbsp;ble_qiot_explorer_init
<LI><a href="#[97]">&gt;&gt;</a>&nbsp;&nbsp;&nbsp;ble_event_report_property
<LI><a href="#[8c]">&gt;&gt;</a>&nbsp;&nbsp;&nbsp;Delay_ms
<LI><a href="#[88]">&gt;&gt;</a>&nbsp;&nbsp;&nbsp;rwip_eif_api_init
<LI><a href="#[80]">&gt;&gt;</a>&nbsp;&nbsp;&nbsp;rom_env_init
<LI><a href="#[79]">&gt;&gt;</a>&nbsp;&nbsp;&nbsp;bdaddr_env_init
<LI><a href="#[9d]">&gt;&gt;</a>&nbsp;&nbsp;&nbsp;Stack_Integrity_Check
</UL>
<BR>[Called By]<UL><LI><a href="#[6e]">&gt;&gt;</a>&nbsp;&nbsp;&nbsp;sys_Reset (via Veneer)
</UL>

<P><STRONG><a name="[9f]"></a>rwble_hl_init</STRONG> (Thumb, 28 bytes, Stack size 0 bytes, rwble_hl.o(.text))
<BR><BR>[Calls]<UL><LI><a href="#[a3]">&gt;&gt;</a>&nbsp;&nbsp;&nbsp;l2cm_init
<LI><a href="#[a0]">&gt;&gt;</a>&nbsp;&nbsp;&nbsp;attm_init
<LI><a href="#[a2]">&gt;&gt;</a>&nbsp;&nbsp;&nbsp;gattm_init
<LI><a href="#[a1]">&gt;&gt;</a>&nbsp;&nbsp;&nbsp;gapm_init
</UL>
<BR>[Called By]<UL><LI><a href="#[92]">&gt;&gt;</a>&nbsp;&nbsp;&nbsp;rwip_init
</UL>

<P><STRONG><a name="[f]"></a>rwble_hl_reset</STRONG> (Thumb, 28 bytes, Stack size 0 bytes, rwble_hl.o(.text))
<BR><BR>[Calls]<UL><LI><a href="#[a3]">&gt;&gt;</a>&nbsp;&nbsp;&nbsp;l2cm_init
<LI><a href="#[a0]">&gt;&gt;</a>&nbsp;&nbsp;&nbsp;attm_init
<LI><a href="#[a2]">&gt;&gt;</a>&nbsp;&nbsp;&nbsp;gattm_init
<LI><a href="#[a1]">&gt;&gt;</a>&nbsp;&nbsp;&nbsp;gapm_init
</UL>
<BR>[Address Reference Count : 1]<UL><LI> arch_main.o(.text)
</UL>
<P><STRONG><a name="[a4]"></a>rwble_init</STRONG> (Thumb, 28 bytes, Stack size 0 bytes, rwble.o(.text))
<BR><BR>[Calls]<UL><LI><a href="#[a9]">&gt;&gt;</a>&nbsp;&nbsp;&nbsp;llm_ble_ready
<LI><a href="#[a8]">&gt;&gt;</a>&nbsp;&nbsp;&nbsp;llm_init
<LI><a href="#[a6]">&gt;&gt;</a>&nbsp;&nbsp;&nbsp;lld_init
<LI><a href="#[a7]">&gt;&gt;</a>&nbsp;&nbsp;&nbsp;llc_init
<LI><a href="#[a5]">&gt;&gt;</a>&nbsp;&nbsp;&nbsp;em_buf_init
</UL>
<BR>[Called By]<UL><LI><a href="#[92]">&gt;&gt;</a>&nbsp;&nbsp;&nbsp;rwip_init
</UL>

<P><STRONG><a name="[aa]"></a>rwble_reset</STRONG> (Thumb, 86 bytes, Stack size 0 bytes, rwble.o(.text))
<BR><BR>[Calls]<UL><LI><a href="#[95]">&gt;&gt;</a>&nbsp;&nbsp;&nbsp;__ARM_common_enable_irq (via BLX)
<LI><a href="#[94]">&gt;&gt;</a>&nbsp;&nbsp;&nbsp;__ARM_common_enable_fiq (via BLX)
<LI><a href="#[76]">&gt;&gt;</a>&nbsp;&nbsp;&nbsp;__ARM_common_disable_irq (via BLX)
<LI><a href="#[75]">&gt;&gt;</a>&nbsp;&nbsp;&nbsp;__ARM_common_disable_fiq (via BLX)
<LI><a href="#[a8]">&gt;&gt;</a>&nbsp;&nbsp;&nbsp;llm_init
<LI><a href="#[ab]">&gt;&gt;</a>&nbsp;&nbsp;&nbsp;lld_core_reset
<LI><a href="#[a6]">&gt;&gt;</a>&nbsp;&nbsp;&nbsp;lld_init
<LI><a href="#[ac]">&gt;&gt;</a>&nbsp;&nbsp;&nbsp;llc_reset
<LI><a href="#[a5]">&gt;&gt;</a>&nbsp;&nbsp;&nbsp;em_buf_init
<LI><a href="#[84]">&gt;&gt;</a>&nbsp;&nbsp;&nbsp;srand
</UL>
<BR>[Called By]<UL><LI><a href="#[10]">&gt;&gt;</a>&nbsp;&nbsp;&nbsp;rwip_reset
</UL>

<P><STRONG><a name="[c5]"></a>rwble_sleep_check</STRONG> (Thumb, 16 bytes, Stack size 0 bytes, rwble.o(.text))
<BR><BR>[Called By]<UL><LI><a href="#[99]">&gt;&gt;</a>&nbsp;&nbsp;&nbsp;rwip_sleep
</UL>

<P><STRONG><a name="[c0]"></a>rwble_version</STRONG> (Thumb, 44 bytes, Stack size 0 bytes, rwble.o(.text), UNUSED)
<BR><BR>[Called By]<UL><LI><a href="#[bf]">&gt;&gt;</a>&nbsp;&nbsp;&nbsp;rwip_version
</UL>

<P><STRONG><a name="[ad]"></a>rwble_isr</STRONG> (Thumb, 172 bytes, Stack size 0 bytes, rwble.o(.text))
<BR><BR>[Calls]<UL><LI><a href="#[b2]">&gt;&gt;</a>&nbsp;&nbsp;&nbsp;wdt_feed
<LI><a href="#[af]">&gt;&gt;</a>&nbsp;&nbsp;&nbsp;rwip_wakeup_end
<LI><a href="#[ae]">&gt;&gt;</a>&nbsp;&nbsp;&nbsp;rwip_wakeup
<LI><a href="#[b4]">&gt;&gt;</a>&nbsp;&nbsp;&nbsp;ea_sw_isr
<LI><a href="#[b0]">&gt;&gt;</a>&nbsp;&nbsp;&nbsp;ea_finetimer_isr
<LI><a href="#[b3]">&gt;&gt;</a>&nbsp;&nbsp;&nbsp;lld_evt_rx_isr
<LI><a href="#[b1]">&gt;&gt;</a>&nbsp;&nbsp;&nbsp;lld_evt_end_isr
<LI><a href="#[b5]">&gt;&gt;</a>&nbsp;&nbsp;&nbsp;lld_evt_timer_isr
<LI><a href="#[b6]">&gt;&gt;</a>&nbsp;&nbsp;&nbsp;lld_crypt_isr
</UL>
<BR>[Called By]<UL><LI><a href="#[70]">&gt;&gt;</a>&nbsp;&nbsp;&nbsp;FIQ_Exception
</UL>

<P><STRONG><a name="[c3]"></a>rwip_check_wakeup_boundary</STRONG> (Thumb, 34 bytes, Stack size 0 bytes, rwip.o(.text))
<BR><BR>[Called By]<UL><LI><a href="#[99]">&gt;&gt;</a>&nbsp;&nbsp;&nbsp;rwip_sleep
</UL>

<P><STRONG><a name="[92]"></a>rwip_init</STRONG> (Thumb, 108 bytes, Stack size 0 bytes, rwip.o(.text))
<BR><BR>[Calls]<UL><LI><a href="#[b9]">&gt;&gt;</a>&nbsp;&nbsp;&nbsp;rf_init
<LI><a href="#[bc]">&gt;&gt;</a>&nbsp;&nbsp;&nbsp;appm_init
<LI><a href="#[a4]">&gt;&gt;</a>&nbsp;&nbsp;&nbsp;rwble_init
<LI><a href="#[9f]">&gt;&gt;</a>&nbsp;&nbsp;&nbsp;rwble_hl_init
<LI><a href="#[ba]">&gt;&gt;</a>&nbsp;&nbsp;&nbsp;hci_init
<LI><a href="#[bb]">&gt;&gt;</a>&nbsp;&nbsp;&nbsp;ea_init
<LI><a href="#[b8]">&gt;&gt;</a>&nbsp;&nbsp;&nbsp;ke_mem_init
<LI><a href="#[b7]">&gt;&gt;</a>&nbsp;&nbsp;&nbsp;ke_init
</UL>
<BR>[Called By]<UL><LI><a href="#[82]">&gt;&gt;</a>&nbsp;&nbsp;&nbsp;rw_main
</UL>

<P><STRONG><a name="[10]"></a>rwip_reset</STRONG> (Thumb, 56 bytes, Stack size 0 bytes, rwip.o(.text))
<BR><BR>[Calls]<UL><LI><a href="#[aa]">&gt;&gt;</a>&nbsp;&nbsp;&nbsp;rwble_reset
<LI><a href="#[95]">&gt;&gt;</a>&nbsp;&nbsp;&nbsp;__ARM_common_enable_irq (via BLX)
<LI><a href="#[94]">&gt;&gt;</a>&nbsp;&nbsp;&nbsp;__ARM_common_enable_fiq (via BLX)
<LI><a href="#[76]">&gt;&gt;</a>&nbsp;&nbsp;&nbsp;__ARM_common_disable_irq (via BLX)
<LI><a href="#[75]">&gt;&gt;</a>&nbsp;&nbsp;&nbsp;__ARM_common_disable_fiq (via BLX)
<LI><a href="#[be]">&gt;&gt;</a>&nbsp;&nbsp;&nbsp;hci_reset
<LI><a href="#[bb]">&gt;&gt;</a>&nbsp;&nbsp;&nbsp;ea_init
<LI><a href="#[bd]">&gt;&gt;</a>&nbsp;&nbsp;&nbsp;ke_flush
</UL>
<BR>[Address Reference Count : 1]<UL><LI> arch_main.o(.text)
</UL>
<P><STRONG><a name="[bf]"></a>rwip_version</STRONG> (Thumb, 8 bytes, Stack size 0 bytes, rwip.o(.text), UNUSED)
<BR><BR>[Calls]<UL><LI><a href="#[c0]">&gt;&gt;</a>&nbsp;&nbsp;&nbsp;rwble_version
</UL>

<P><STRONG><a name="[96]"></a>rwip_schedule</STRONG> (Thumb, 16 bytes, Stack size 0 bytes, rwip.o(.text))
<BR><BR>[Calls]<UL><LI><a href="#[c1]">&gt;&gt;</a>&nbsp;&nbsp;&nbsp;ke_event_schedule
</UL>
<BR>[Called By]<UL><LI><a href="#[82]">&gt;&gt;</a>&nbsp;&nbsp;&nbsp;rw_main
</UL>

<P><STRONG><a name="[11]"></a>rwip_prevent_sleep_set</STRONG> (Thumb, 42 bytes, Stack size 0 bytes, rwip.o(.text))
<BR><BR>[Calls]<UL><LI><a href="#[95]">&gt;&gt;</a>&nbsp;&nbsp;&nbsp;__ARM_common_enable_irq (via BLX)
<LI><a href="#[94]">&gt;&gt;</a>&nbsp;&nbsp;&nbsp;__ARM_common_enable_fiq (via BLX)
<LI><a href="#[76]">&gt;&gt;</a>&nbsp;&nbsp;&nbsp;__ARM_common_disable_irq (via BLX)
<LI><a href="#[75]">&gt;&gt;</a>&nbsp;&nbsp;&nbsp;__ARM_common_disable_fiq (via BLX)
</UL>
<BR>[Called By]<UL><LI><a href="#[ae]">&gt;&gt;</a>&nbsp;&nbsp;&nbsp;rwip_wakeup
<LI><a href="#[99]">&gt;&gt;</a>&nbsp;&nbsp;&nbsp;rwip_sleep
<LI><a href="#[7d]">&gt;&gt;</a>&nbsp;&nbsp;&nbsp;user_timer_init
</UL>
<BR>[Address Reference Count : 1]<UL><LI> arch_main.o(.text)
</UL>
<P><STRONG><a name="[99]"></a>rwip_sleep</STRONG> (Thumb, 164 bytes, Stack size 0 bytes, rwip.o(.text))
<BR><BR>[Calls]<UL><LI><a href="#[c7]">&gt;&gt;</a>&nbsp;&nbsp;&nbsp;check_uart_stop
<LI><a href="#[c3]">&gt;&gt;</a>&nbsp;&nbsp;&nbsp;rwip_check_wakeup_boundary
<LI><a href="#[c5]">&gt;&gt;</a>&nbsp;&nbsp;&nbsp;rwble_sleep_check
<LI><a href="#[c8]">&gt;&gt;</a>&nbsp;&nbsp;&nbsp;__aeabi_uidivmod
<LI><a href="#[c6]">&gt;&gt;</a>&nbsp;&nbsp;&nbsp;ea_sleep_check
<LI><a href="#[c9]">&gt;&gt;</a>&nbsp;&nbsp;&nbsp;lld_sleep_enter
<LI><a href="#[c4]">&gt;&gt;</a>&nbsp;&nbsp;&nbsp;ke_timer_sleep_check
<LI><a href="#[c2]">&gt;&gt;</a>&nbsp;&nbsp;&nbsp;ke_sleep_check
<LI><a href="#[11]">&gt;&gt;</a>&nbsp;&nbsp;&nbsp;rwip_prevent_sleep_set
<LI><a href="#[17]">&gt;&gt;</a>&nbsp;&nbsp;&nbsp;assert_err
</UL>
<BR>[Called By]<UL><LI><a href="#[82]">&gt;&gt;</a>&nbsp;&nbsp;&nbsp;rw_main
</UL>

<P><STRONG><a name="[ae]"></a>rwip_wakeup</STRONG> (Thumb, 20 bytes, Stack size 0 bytes, rwip.o(.text))
<BR><BR>[Calls]<UL><LI><a href="#[b2]">&gt;&gt;</a>&nbsp;&nbsp;&nbsp;wdt_feed
<LI><a href="#[ca]">&gt;&gt;</a>&nbsp;&nbsp;&nbsp;lld_sleep_wakeup
<LI><a href="#[11]">&gt;&gt;</a>&nbsp;&nbsp;&nbsp;rwip_prevent_sleep_set
</UL>
<BR>[Called By]<UL><LI><a href="#[ad]">&gt;&gt;</a>&nbsp;&nbsp;&nbsp;rwble_isr
</UL>

<P><STRONG><a name="[12]"></a>rwip_prevent_sleep_clear</STRONG> (Thumb, 42 bytes, Stack size 0 bytes, rwip.o(.text))
<BR><BR>[Calls]<UL><LI><a href="#[95]">&gt;&gt;</a>&nbsp;&nbsp;&nbsp;__ARM_common_enable_irq (via BLX)
<LI><a href="#[94]">&gt;&gt;</a>&nbsp;&nbsp;&nbsp;__ARM_common_enable_fiq (via BLX)
<LI><a href="#[76]">&gt;&gt;</a>&nbsp;&nbsp;&nbsp;__ARM_common_disable_irq (via BLX)
<LI><a href="#[75]">&gt;&gt;</a>&nbsp;&nbsp;&nbsp;__ARM_common_disable_fiq (via BLX)
</UL>
<BR>[Called By]<UL><LI><a href="#[af]">&gt;&gt;</a>&nbsp;&nbsp;&nbsp;rwip_wakeup_end
</UL>
<BR>[Address Reference Count : 1]<UL><LI> arch_main.o(.text)
</UL>
<P><STRONG><a name="[af]"></a>rwip_wakeup_end</STRONG> (Thumb, 36 bytes, Stack size 0 bytes, rwip.o(.text))
<BR><BR>[Calls]<UL><LI><a href="#[cb]">&gt;&gt;</a>&nbsp;&nbsp;&nbsp;lld_sleep_wakeup_end
<LI><a href="#[cc]">&gt;&gt;</a>&nbsp;&nbsp;&nbsp;ke_event_set
<LI><a href="#[12]">&gt;&gt;</a>&nbsp;&nbsp;&nbsp;rwip_prevent_sleep_clear
</UL>
<BR>[Called By]<UL><LI><a href="#[ad]">&gt;&gt;</a>&nbsp;&nbsp;&nbsp;rwble_isr
</UL>

<P><STRONG><a name="[14]"></a>rwip_us_2_lpcycles</STRONG> (Thumb, 12 bytes, Stack size 0 bytes, rwip.o(.text))
<BR><BR>[Calls]<UL><LI><a href="#[c8]">&gt;&gt;</a>&nbsp;&nbsp;&nbsp;__aeabi_uidivmod
</UL>
<BR>[Called By]<UL><LI><a href="#[15]">&gt;&gt;</a>&nbsp;&nbsp;&nbsp;rwip_wakeup_delay_set
</UL>
<BR>[Address Reference Count : 1]<UL><LI> arch_main.o(.text)
</UL>
<P><STRONG><a name="[15]"></a>rwip_wakeup_delay_set</STRONG> (Thumb, 12 bytes, Stack size 0 bytes, rwip.o(.text))
<BR><BR>[Calls]<UL><LI><a href="#[14]">&gt;&gt;</a>&nbsp;&nbsp;&nbsp;rwip_us_2_lpcycles
</UL>
<BR>[Address Reference Count : 1]<UL><LI> arch_main.o(.text)
</UL>
<P><STRONG><a name="[13]"></a>rwip_sleep_lpcycles_2_us</STRONG> (Thumb, 50 bytes, Stack size 0 bytes, rwip.o(.text))
<BR><BR>[Calls]<UL><LI><a href="#[17]">&gt;&gt;</a>&nbsp;&nbsp;&nbsp;assert_err
</UL>
<BR>[Address Reference Count : 1]<UL><LI> arch_main.o(.text)
</UL>
<P><STRONG><a name="[86]"></a>emi_init</STRONG> (Thumb, 20 bytes, Stack size 0 bytes, emi.o(.text))
<BR><BR>[Called By]<UL><LI><a href="#[82]">&gt;&gt;</a>&nbsp;&nbsp;&nbsp;rw_main
</UL>

<P><STRONG><a name="[91]"></a>flash_init</STRONG> (Thumb, 24 bytes, Stack size 0 bytes, flash.o(.text))
<BR><BR>[Called By]<UL><LI><a href="#[82]">&gt;&gt;</a>&nbsp;&nbsp;&nbsp;rw_main
</UL>

<P><STRONG><a name="[cd]"></a>flash_readword</STRONG> (Thumb, 50 bytes, Stack size 0 bytes, flash.o(.text))
<BR><BR>[Calls]<UL><LI><a href="#[d1]">&gt;&gt;</a>&nbsp;&nbsp;&nbsp;flash_status
<LI><a href="#[d0]">&gt;&gt;</a>&nbsp;&nbsp;&nbsp;flash_start
<LI><a href="#[d2]">&gt;&gt;</a>&nbsp;&nbsp;&nbsp;flash_clearKey
<LI><a href="#[ce]">&gt;&gt;</a>&nbsp;&nbsp;&nbsp;flash_writeKey
<LI><a href="#[cf]">&gt;&gt;</a>&nbsp;&nbsp;&nbsp;flash_unlock
</UL>
<BR>[Called By]<UL><LI><a href="#[7a]">&gt;&gt;</a>&nbsp;&nbsp;&nbsp;flash_read
</UL>

<P><STRONG><a name="[d3]"></a>flash_writeword</STRONG> (Thumb, 50 bytes, Stack size 0 bytes, flash.o(.text))
<BR><BR>[Calls]<UL><LI><a href="#[d1]">&gt;&gt;</a>&nbsp;&nbsp;&nbsp;flash_status
<LI><a href="#[d0]">&gt;&gt;</a>&nbsp;&nbsp;&nbsp;flash_start
<LI><a href="#[d2]">&gt;&gt;</a>&nbsp;&nbsp;&nbsp;flash_clearKey
<LI><a href="#[ce]">&gt;&gt;</a>&nbsp;&nbsp;&nbsp;flash_writeKey
<LI><a href="#[cf]">&gt;&gt;</a>&nbsp;&nbsp;&nbsp;flash_unlock
</UL>
<BR>[Called By]<UL><LI><a href="#[d5]">&gt;&gt;</a>&nbsp;&nbsp;&nbsp;flash_write
</UL>

<P><STRONG><a name="[8e]"></a>flash_erase_sector</STRONG> (Thumb, 48 bytes, Stack size 0 bytes, flash.o(.text))
<BR><BR>[Calls]<UL><LI><a href="#[d1]">&gt;&gt;</a>&nbsp;&nbsp;&nbsp;flash_status
<LI><a href="#[d0]">&gt;&gt;</a>&nbsp;&nbsp;&nbsp;flash_start
<LI><a href="#[d2]">&gt;&gt;</a>&nbsp;&nbsp;&nbsp;flash_clearKey
<LI><a href="#[ce]">&gt;&gt;</a>&nbsp;&nbsp;&nbsp;flash_writeKey
<LI><a href="#[cf]">&gt;&gt;</a>&nbsp;&nbsp;&nbsp;flash_unlock
</UL>
<BR>[Called By]<UL><LI><a href="#[29]">&gt;&gt;</a>&nbsp;&nbsp;&nbsp;ble_ota_stop_cb
<LI><a href="#[129]">&gt;&gt;</a>&nbsp;&nbsp;&nbsp;ble_write_flash
<LI><a href="#[d4]">&gt;&gt;</a>&nbsp;&nbsp;&nbsp;flash_erase
<LI><a href="#[82]">&gt;&gt;</a>&nbsp;&nbsp;&nbsp;rw_main
</UL>

<P><STRONG><a name="[d4]"></a>flash_erase</STRONG> (Thumb, 36 bytes, Stack size 0 bytes, flash.o(.text), UNUSED)
<BR><BR>[Calls]<UL><LI><a href="#[8e]">&gt;&gt;</a>&nbsp;&nbsp;&nbsp;flash_erase_sector
</UL>

<P><STRONG><a name="[d5]"></a>flash_write</STRONG> (Thumb, 110 bytes, Stack size 0 bytes, flash.o(.text))
<BR><BR>[Calls]<UL><LI><a href="#[d3]">&gt;&gt;</a>&nbsp;&nbsp;&nbsp;flash_writeword
</UL>
<BR>[Called By]<UL><LI><a href="#[146]">&gt;&gt;</a>&nbsp;&nbsp;&nbsp;ble_ota_write_flash
<LI><a href="#[129]">&gt;&gt;</a>&nbsp;&nbsp;&nbsp;ble_write_flash
</UL>

<P><STRONG><a name="[7a]"></a>flash_read</STRONG> (Thumb, 102 bytes, Stack size 0 bytes, flash.o(.text))
<BR><BR>[Calls]<UL><LI><a href="#[cd]">&gt;&gt;</a>&nbsp;&nbsp;&nbsp;flash_readword
<LI><a href="#[7b]">&gt;&gt;</a>&nbsp;&nbsp;&nbsp;__aeabi_memcpy
</UL>
<BR>[Called By]<UL><LI><a href="#[129]">&gt;&gt;</a>&nbsp;&nbsp;&nbsp;ble_write_flash
<LI><a href="#[125]">&gt;&gt;</a>&nbsp;&nbsp;&nbsp;ble_read_flash
<LI><a href="#[127]">&gt;&gt;</a>&nbsp;&nbsp;&nbsp;ble_get_device_info
<LI><a href="#[79]">&gt;&gt;</a>&nbsp;&nbsp;&nbsp;bdaddr_env_init
</UL>

<P><STRONG><a name="[8a]"></a>gpio_config</STRONG> (Thumb, 144 bytes, Stack size 0 bytes, gpio.o(.text))
<BR><BR>[Called By]<UL><LI><a href="#[d7]">&gt;&gt;</a>&nbsp;&nbsp;&nbsp;gpio_test_init
<LI><a href="#[82]">&gt;&gt;</a>&nbsp;&nbsp;&nbsp;rw_main
</UL>

<P><STRONG><a name="[8d]"></a>gpio_get_input</STRONG> (Thumb, 28 bytes, Stack size 0 bytes, gpio.o(.text))
<BR><BR>[Called By]<UL><LI><a href="#[82]">&gt;&gt;</a>&nbsp;&nbsp;&nbsp;rw_main
</UL>

<P><STRONG><a name="[8b]"></a>gpio_set</STRONG> (Thumb, 36 bytes, Stack size 0 bytes, gpio.o(.text))
<BR><BR>[Called By]<UL><LI><a href="#[7c]">&gt;&gt;</a>&nbsp;&nbsp;&nbsp;gpio_triger
<LI><a href="#[82]">&gt;&gt;</a>&nbsp;&nbsp;&nbsp;rw_main
<LI><a href="#[56]">&gt;&gt;</a>&nbsp;&nbsp;&nbsp;ble_property_t_bool_set
</UL>

<P><STRONG><a name="[7c]"></a>gpio_triger</STRONG> (Thumb, 20 bytes, Stack size 0 bytes, gpio.o(.text))
<BR><BR>[Calls]<UL><LI><a href="#[8b]">&gt;&gt;</a>&nbsp;&nbsp;&nbsp;gpio_set
</UL>
<BR>[Called By]<UL><LI><a href="#[8]">&gt;&gt;</a>&nbsp;&nbsp;&nbsp;user_timer_cb
</UL>

<P><STRONG><a name="[d6]"></a>gpio_isr</STRONG> (Thumb, 42 bytes, Stack size 0 bytes, gpio.o(.text))
<BR><BR>[Calls]<UL><LI><a href="#[20]">&gt;&gt;</a>&nbsp;&nbsp;&nbsp;uart_printf
</UL>
<BR>[Called By]<UL><LI><a href="#[72]">&gt;&gt;</a>&nbsp;&nbsp;&nbsp;IRQ_Exception
</UL>

<P><STRONG><a name="[d7]"></a>gpio_test_init</STRONG> (Thumb, 54 bytes, Stack size 0 bytes, gpio.o(.text), UNUSED)
<BR><BR>[Calls]<UL><LI><a href="#[8a]">&gt;&gt;</a>&nbsp;&nbsp;&nbsp;gpio_config
</UL>

<P><STRONG><a name="[85]"></a>system_sleep_init</STRONG> (Thumb, 8 bytes, Stack size 0 bytes, icu.o(.text))
<BR><BR>[Called By]<UL><LI><a href="#[82]">&gt;&gt;</a>&nbsp;&nbsp;&nbsp;rw_main
</UL>

<P><STRONG><a name="[83]"></a>icu_init</STRONG> (Thumb, 68 bytes, Stack size 0 bytes, icu.o(.text))
<BR><BR>[Called By]<UL><LI><a href="#[82]">&gt;&gt;</a>&nbsp;&nbsp;&nbsp;rw_main
</UL>

<P><STRONG><a name="[9a]"></a>icu_get_sleep_mode</STRONG> (Thumb, 6 bytes, Stack size 0 bytes, icu.o(.text))
<BR><BR>[Called By]<UL><LI><a href="#[82]">&gt;&gt;</a>&nbsp;&nbsp;&nbsp;rw_main
</UL>

<P><STRONG><a name="[7e]"></a>icu_set_sleep_mode</STRONG> (Thumb, 6 bytes, Stack size 0 bytes, icu.o(.text), UNUSED)
<BR><BR>[Called By]<UL><LI><a href="#[7d]">&gt;&gt;</a>&nbsp;&nbsp;&nbsp;user_timer_init
</UL>

<P><STRONG><a name="[d8]"></a>enter_deep_sleep</STRONG> (Thumb, 48 bytes, Stack size 0 bytes, icu.o(.text), UNUSED)
<BR><BR>[Calls]<UL><LI><a href="#[d9]">&gt;&gt;</a>&nbsp;&nbsp;&nbsp;Delay_us
</UL>

<P><STRONG><a name="[9b]"></a>cpu_reduce_voltage_sleep</STRONG> (Thumb, 60 bytes, Stack size 0 bytes, icu.o(.text))
<BR><BR>[Called By]<UL><LI><a href="#[82]">&gt;&gt;</a>&nbsp;&nbsp;&nbsp;rw_main
</UL>

<P><STRONG><a name="[da]"></a>cpu_wakeup</STRONG> (Thumb, 32 bytes, Stack size 0 bytes, icu.o(.text))
<BR><BR>[Called By]<UL><LI><a href="#[70]">&gt;&gt;</a>&nbsp;&nbsp;&nbsp;FIQ_Exception
<LI><a href="#[72]">&gt;&gt;</a>&nbsp;&nbsp;&nbsp;IRQ_Exception
</UL>

<P><STRONG><a name="[9c]"></a>cpu_idle_sleep</STRONG> (Thumb, 8 bytes, Stack size 0 bytes, icu.o(.text))
<BR><BR>[Called By]<UL><LI><a href="#[82]">&gt;&gt;</a>&nbsp;&nbsp;&nbsp;rw_main
</UL>

<P><STRONG><a name="[89]"></a>intc_init</STRONG> (Thumb, 28 bytes, Stack size 0 bytes, intc.o(.text))
<BR><BR>[Called By]<UL><LI><a href="#[82]">&gt;&gt;</a>&nbsp;&nbsp;&nbsp;rw_main
</UL>

<P><STRONG><a name="[72]"></a>IRQ_Exception</STRONG> (Thumb, 152 bytes, Stack size 0 bytes, intc.o(.text))
<BR><BR>[Calls]<UL><LI><a href="#[db]">&gt;&gt;</a>&nbsp;&nbsp;&nbsp;uart_isr
<LI><a href="#[dc]">&gt;&gt;</a>&nbsp;&nbsp;&nbsp;uart2_isr
<LI><a href="#[dd]">&gt;&gt;</a>&nbsp;&nbsp;&nbsp;pwm_isr
<LI><a href="#[da]">&gt;&gt;</a>&nbsp;&nbsp;&nbsp;cpu_wakeup
<LI><a href="#[d6]">&gt;&gt;</a>&nbsp;&nbsp;&nbsp;gpio_isr
</UL>
<BR>[Called By]<UL><LI><a href="#[71]">&gt;&gt;</a>&nbsp;&nbsp;&nbsp;SYSirq_IRQ_Handler (via BLX)
</UL>

<P><STRONG><a name="[70]"></a>FIQ_Exception</STRONG> (Thumb, 48 bytes, Stack size 0 bytes, intc.o(.text))
<BR><BR>[Calls]<UL><LI><a href="#[dd]">&gt;&gt;</a>&nbsp;&nbsp;&nbsp;pwm_isr
<LI><a href="#[da]">&gt;&gt;</a>&nbsp;&nbsp;&nbsp;cpu_wakeup
<LI><a href="#[ad]">&gt;&gt;</a>&nbsp;&nbsp;&nbsp;rwble_isr
</UL>
<BR>[Called By]<UL><LI><a href="#[6f]">&gt;&gt;</a>&nbsp;&nbsp;&nbsp;SYSirq_FIQ_Handler (via BLX)
</UL>

<P><STRONG><a name="[7f]"></a>pwm_init</STRONG> (Thumb, 204 bytes, Stack size 0 bytes, pwm.o(.text), UNUSED)
<BR><BR>[Called By]<UL><LI><a href="#[7d]">&gt;&gt;</a>&nbsp;&nbsp;&nbsp;user_timer_init
</UL>

<P><STRONG><a name="[dd]"></a>pwm_isr</STRONG> (Thumb, 52 bytes, Stack size 0 bytes, pwm.o(.text))
<BR><BR>[Called By]<UL><LI><a href="#[70]">&gt;&gt;</a>&nbsp;&nbsp;&nbsp;FIQ_Exception
<LI><a href="#[72]">&gt;&gt;</a>&nbsp;&nbsp;&nbsp;IRQ_Exception
</UL>

<P><STRONG><a name="[87]"></a>timer_init</STRONG> (Thumb, 2 bytes, Stack size 0 bytes, timer.o(.text))
<BR><BR>[Called By]<UL><LI><a href="#[82]">&gt;&gt;</a>&nbsp;&nbsp;&nbsp;rw_main
</UL>

<P><STRONG><a name="[de]"></a>timer_isr</STRONG> (Thumb, 20 bytes, Stack size 0 bytes, timer.o(.text), UNUSED)
<BR><BR>[Calls]<UL><LI><a href="#[cc]">&gt;&gt;</a>&nbsp;&nbsp;&nbsp;ke_event_set
</UL>

<P><STRONG><a name="[98]"></a>wdt_disable</STRONG> (Thumb, 28 bytes, Stack size 0 bytes, wdt.o(.text))
<BR><BR>[Called By]<UL><LI><a href="#[82]">&gt;&gt;</a>&nbsp;&nbsp;&nbsp;rw_main
</UL>

<P><STRONG><a name="[78]"></a>wdt_enable</STRONG> (Thumb, 38 bytes, Stack size 0 bytes, wdt.o(.text))
<BR><BR>[Called By]<UL><LI><a href="#[156]">&gt;&gt;</a>&nbsp;&nbsp;&nbsp;ble_advertising_start
<LI><a href="#[82]">&gt;&gt;</a>&nbsp;&nbsp;&nbsp;rw_main
<LI><a href="#[16]">&gt;&gt;</a>&nbsp;&nbsp;&nbsp;platform_reset
</UL>

<P><STRONG><a name="[b2]"></a>wdt_feed</STRONG> (Thumb, 28 bytes, Stack size 0 bytes, wdt.o(.text))
<BR><BR>[Called By]<UL><LI><a href="#[ae]">&gt;&gt;</a>&nbsp;&nbsp;&nbsp;rwip_wakeup
<LI><a href="#[ad]">&gt;&gt;</a>&nbsp;&nbsp;&nbsp;rwble_isr
</UL>

<P><STRONG><a name="[19]"></a>Read_Uart_Buf</STRONG> (Thumb, 14 bytes, Stack size 0 bytes, uart.o(.text))
<BR>[Address Reference Count : 1]<UL><LI> arch_main.o(.text)
</UL>
<P><STRONG><a name="[9e]"></a>uart_putchar</STRONG> (Thumb, 34 bytes, Stack size 0 bytes, uart.o(.text))
<BR><BR>[Called By]<UL><LI><a href="#[e2]">&gt;&gt;</a>&nbsp;&nbsp;&nbsp;uart_print_int
<LI><a href="#[20]">&gt;&gt;</a>&nbsp;&nbsp;&nbsp;uart_printf
<LI><a href="#[9d]">&gt;&gt;</a>&nbsp;&nbsp;&nbsp;Stack_Integrity_Check
</UL>

<P><STRONG><a name="[20]"></a>uart_printf</STRONG> (Thumb, 46 bytes, Stack size 0 bytes, uart.o(.text))
<BR><BR>[Calls]<UL><LI><a href="#[9e]">&gt;&gt;</a>&nbsp;&nbsp;&nbsp;uart_putchar
<LI><a href="#[df]">&gt;&gt;</a>&nbsp;&nbsp;&nbsp;vsprintf
</UL>
<BR>[Called By]<UL><LI><a href="#[29]">&gt;&gt;</a>&nbsp;&nbsp;&nbsp;ble_ota_stop_cb
<LI><a href="#[2a]">&gt;&gt;</a>&nbsp;&nbsp;&nbsp;ble_ota_start_cb
<LI><a href="#[156]">&gt;&gt;</a>&nbsp;&nbsp;&nbsp;ble_advertising_start
<LI><a href="#[15e]">&gt;&gt;</a>&nbsp;&nbsp;&nbsp;ble_ota_msg_handle
<LI><a href="#[15d]">&gt;&gt;</a>&nbsp;&nbsp;&nbsp;ble_lldata_msg_handle
<LI><a href="#[15b]">&gt;&gt;</a>&nbsp;&nbsp;&nbsp;ble_device_info_msg_handle
<LI><a href="#[15a]">&gt;&gt;</a>&nbsp;&nbsp;&nbsp;ble_package_slice_data
<LI><a href="#[146]">&gt;&gt;</a>&nbsp;&nbsp;&nbsp;ble_ota_write_flash
<LI><a href="#[14b]">&gt;&gt;</a>&nbsp;&nbsp;&nbsp;ble_ota_is_enable
<LI><a href="#[153]">&gt;&gt;</a>&nbsp;&nbsp;&nbsp;ble_ota_get_download_addr
<LI><a href="#[151]">&gt;&gt;</a>&nbsp;&nbsp;&nbsp;ble_ota_data_handle
<LI><a href="#[14d]">&gt;&gt;</a>&nbsp;&nbsp;&nbsp;ble_ota_file_end_handle
<LI><a href="#[149]">&gt;&gt;</a>&nbsp;&nbsp;&nbsp;ble_ota_request_handle
<LI><a href="#[148]">&gt;&gt;</a>&nbsp;&nbsp;&nbsp;ble_ota_stop
<LI><a href="#[14c]">&gt;&gt;</a>&nbsp;&nbsp;&nbsp;ble_ota_timer_start
<LI><a href="#[150]">&gt;&gt;</a>&nbsp;&nbsp;&nbsp;ble_qiot_ota_data_saved
<LI><a href="#[145]">&gt;&gt;</a>&nbsp;&nbsp;&nbsp;ble_ota_write_data_to_flash
<LI><a href="#[143]">&gt;&gt;</a>&nbsp;&nbsp;&nbsp;ble_ota_user_stop_cb
<LI><a href="#[141]">&gt;&gt;</a>&nbsp;&nbsp;&nbsp;ble_event_get_param_id_type
<LI><a href="#[140]">&gt;&gt;</a>&nbsp;&nbsp;&nbsp;ble_event_get_id_array_size
<LI><a href="#[142]">&gt;&gt;</a>&nbsp;&nbsp;&nbsp;ble_event_get_data_by_id
<LI><a href="#[13f]">&gt;&gt;</a>&nbsp;&nbsp;&nbsp;ble_event_post
<LI><a href="#[138]">&gt;&gt;</a>&nbsp;&nbsp;&nbsp;ble_event_notify2
<LI><a href="#[130]">&gt;&gt;</a>&nbsp;&nbsp;&nbsp;utils_hmac_sha1
<LI><a href="#[129]">&gt;&gt;</a>&nbsp;&nbsp;&nbsp;ble_write_flash
<LI><a href="#[136]">&gt;&gt;</a>&nbsp;&nbsp;&nbsp;ble_inform_mtu_result
<LI><a href="#[135]">&gt;&gt;</a>&nbsp;&nbsp;&nbsp;ble_unbind_get_authcode
<LI><a href="#[133]">&gt;&gt;</a>&nbsp;&nbsp;&nbsp;ble_conn_get_authcode
<LI><a href="#[131]">&gt;&gt;</a>&nbsp;&nbsp;&nbsp;ble_bind_write_result
<LI><a href="#[12d]">&gt;&gt;</a>&nbsp;&nbsp;&nbsp;ble_bind_get_authcode
<LI><a href="#[12a]">&gt;&gt;</a>&nbsp;&nbsp;&nbsp;ble_get_my_broadcast_data
<LI><a href="#[124]">&gt;&gt;</a>&nbsp;&nbsp;&nbsp;ble_init_flash_data
<LI><a href="#[123]">&gt;&gt;</a>&nbsp;&nbsp;&nbsp;ble_connection_state_set
<LI><a href="#[122]">&gt;&gt;</a>&nbsp;&nbsp;&nbsp;llsync_connection_state_set
<LI><a href="#[121]">&gt;&gt;</a>&nbsp;&nbsp;&nbsp;llsync_bind_state_set
<LI><a href="#[128]">&gt;&gt;</a>&nbsp;&nbsp;&nbsp;ble_write_core_data
<LI><a href="#[113]">&gt;&gt;</a>&nbsp;&nbsp;&nbsp;ble_user_property_set_data
<LI><a href="#[11a]">&gt;&gt;</a>&nbsp;&nbsp;&nbsp;ble_user_property_report_reply_handle
<LI><a href="#[117]">&gt;&gt;</a>&nbsp;&nbsp;&nbsp;ble_user_property_get_data_by_id
<LI><a href="#[11c]">&gt;&gt;</a>&nbsp;&nbsp;&nbsp;ble_user_event_reply_handle
<LI><a href="#[116]">&gt;&gt;</a>&nbsp;&nbsp;&nbsp;ble_get_property_type_by_id
<LI><a href="#[120]">&gt;&gt;</a>&nbsp;&nbsp;&nbsp;ble_action_user_handle_output_param
<LI><a href="#[11e]">&gt;&gt;</a>&nbsp;&nbsp;&nbsp;ble_action_user_handle_input_param
<LI><a href="#[11f]">&gt;&gt;</a>&nbsp;&nbsp;&nbsp;ble_action_get_output_type_by_id
<LI><a href="#[11d]">&gt;&gt;</a>&nbsp;&nbsp;&nbsp;ble_lldata_action_handle
<LI><a href="#[119]">&gt;&gt;</a>&nbsp;&nbsp;&nbsp;ble_lldata_property_reply_handle
<LI><a href="#[115]">&gt;&gt;</a>&nbsp;&nbsp;&nbsp;ble_user_property_get_report_data
<LI><a href="#[110]">&gt;&gt;</a>&nbsp;&nbsp;&nbsp;ble_lldata_parse_tlv
<LI><a href="#[112]">&gt;&gt;</a>&nbsp;&nbsp;&nbsp;ble_lldata_property_data_handle
<LI><a href="#[10b]">&gt;&gt;</a>&nbsp;&nbsp;&nbsp;ble_qiot_advertising_start
<LI><a href="#[10e]">&gt;&gt;</a>&nbsp;&nbsp;&nbsp;ble_ota_timer_callback
<LI><a href="#[45]">&gt;&gt;</a>&nbsp;&nbsp;&nbsp;gapc_param_update_req_ind_handler
<LI><a href="#[44]">&gt;&gt;</a>&nbsp;&nbsp;&nbsp;gattc_mtu_changed_ind_handler
<LI><a href="#[43]">&gt;&gt;</a>&nbsp;&nbsp;&nbsp;gapc_param_updated_ind_handler
<LI><a href="#[42]">&gt;&gt;</a>&nbsp;&nbsp;&nbsp;gapc_le_pkt_size_ind_handler
<LI><a href="#[46]">&gt;&gt;</a>&nbsp;&nbsp;&nbsp;gapc_update_conn_param_req_ind_handler
<LI><a href="#[40]">&gt;&gt;</a>&nbsp;&nbsp;&nbsp;gapc_disconnect_ind_handler
<LI><a href="#[3f]">&gt;&gt;</a>&nbsp;&nbsp;&nbsp;gapc_cmp_evt_handler
<LI><a href="#[3e]">&gt;&gt;</a>&nbsp;&nbsp;&nbsp;gapc_connection_req_ind_handler
<LI><a href="#[3c]">&gt;&gt;</a>&nbsp;&nbsp;&nbsp;gapc_get_dev_info_req_ind_handler
<LI><a href="#[3b]">&gt;&gt;</a>&nbsp;&nbsp;&nbsp;gapm_cmp_evt_handler
<LI><a href="#[107]">&gt;&gt;</a>&nbsp;&nbsp;&nbsp;appm_update_param
<LI><a href="#[38]">&gt;&gt;</a>&nbsp;&nbsp;&nbsp;app_add_ffe0s
<LI><a href="#[fd]">&gt;&gt;</a>&nbsp;&nbsp;&nbsp;ble_send_notify
<LI><a href="#[37]">&gt;&gt;</a>&nbsp;&nbsp;&nbsp;gattc_cmp_evt_handler
<LI><a href="#[36]">&gt;&gt;</a>&nbsp;&nbsp;&nbsp;gattc_read_req_ind_handler
<LI><a href="#[35]">&gt;&gt;</a>&nbsp;&nbsp;&nbsp;gattc_write_req_ind_handler
<LI><a href="#[fb]">&gt;&gt;</a>&nbsp;&nbsp;&nbsp;ffe0s_notify_ffe1_val
<LI><a href="#[f1]">&gt;&gt;</a>&nbsp;&nbsp;&nbsp;attm_util_svc_create_db128
<LI><a href="#[2e]">&gt;&gt;</a>&nbsp;&nbsp;&nbsp;ffe0s_init
<LI><a href="#[d6]">&gt;&gt;</a>&nbsp;&nbsp;&nbsp;gpio_isr
<LI><a href="#[93]">&gt;&gt;</a>&nbsp;&nbsp;&nbsp;ble_qiot_explorer_init
<LI><a href="#[82]">&gt;&gt;</a>&nbsp;&nbsp;&nbsp;rw_main
<LI><a href="#[16]">&gt;&gt;</a>&nbsp;&nbsp;&nbsp;platform_reset
<LI><a href="#[74]">&gt;&gt;</a>&nbsp;&nbsp;&nbsp;dump_data
<LI><a href="#[73]">&gt;&gt;</a>&nbsp;&nbsp;&nbsp;assert_warn
<LI><a href="#[18]">&gt;&gt;</a>&nbsp;&nbsp;&nbsp;assert_param
<LI><a href="#[17]">&gt;&gt;</a>&nbsp;&nbsp;&nbsp;assert_err
<LI><a href="#[1f]">&gt;&gt;</a>&nbsp;&nbsp;&nbsp;uart_rx_handler
<LI><a href="#[177]">&gt;&gt;</a>&nbsp;&nbsp;&nbsp;ble_action_get_output_id_size
<LI><a href="#[176]">&gt;&gt;</a>&nbsp;&nbsp;&nbsp;ble_action_get_input_id_size
<LI><a href="#[175]">&gt;&gt;</a>&nbsp;&nbsp;&nbsp;ble_action_get_intput_type_by_id
<LI><a href="#[171]">&gt;&gt;</a>&nbsp;&nbsp;&nbsp;ble_user_property_struct_get_data
<LI><a href="#[170]">&gt;&gt;</a>&nbsp;&nbsp;&nbsp;ble_user_property_struct_handle
<LI><a href="#[55]">&gt;&gt;</a>&nbsp;&nbsp;&nbsp;ble_property_t_struct2_s_bool_get
<LI><a href="#[54]">&gt;&gt;</a>&nbsp;&nbsp;&nbsp;ble_property_t_struct2_s_bool_set
<LI><a href="#[53]">&gt;&gt;</a>&nbsp;&nbsp;&nbsp;ble_property_t_struct_s_time_get
<LI><a href="#[52]">&gt;&gt;</a>&nbsp;&nbsp;&nbsp;ble_property_t_struct_s_time_set
<LI><a href="#[51]">&gt;&gt;</a>&nbsp;&nbsp;&nbsp;ble_property_t_struct_s_enum_get
<LI><a href="#[50]">&gt;&gt;</a>&nbsp;&nbsp;&nbsp;ble_property_t_struct_s_enum_set
<LI><a href="#[4f]">&gt;&gt;</a>&nbsp;&nbsp;&nbsp;ble_property_t_struct_s_float_get
<LI><a href="#[4e]">&gt;&gt;</a>&nbsp;&nbsp;&nbsp;ble_property_t_struct_s_float_set
<LI><a href="#[4d]">&gt;&gt;</a>&nbsp;&nbsp;&nbsp;ble_property_t_struct_s_str_get
<LI><a href="#[4c]">&gt;&gt;</a>&nbsp;&nbsp;&nbsp;ble_property_t_struct_s_str_set
<LI><a href="#[4b]">&gt;&gt;</a>&nbsp;&nbsp;&nbsp;ble_property_t_struct_s_int_get
<LI><a href="#[4a]">&gt;&gt;</a>&nbsp;&nbsp;&nbsp;ble_property_t_struct_s_int_set
<LI><a href="#[49]">&gt;&gt;</a>&nbsp;&nbsp;&nbsp;ble_property_t_struct_s_bool_get
<LI><a href="#[48]">&gt;&gt;</a>&nbsp;&nbsp;&nbsp;ble_property_t_struct_s_bool_set
<LI><a href="#[61]">&gt;&gt;</a>&nbsp;&nbsp;&nbsp;ble_property_t_time_get
<LI><a href="#[60]">&gt;&gt;</a>&nbsp;&nbsp;&nbsp;ble_property_t_time_set
<LI><a href="#[5f]">&gt;&gt;</a>&nbsp;&nbsp;&nbsp;ble_property_t_enum_get
<LI><a href="#[5e]">&gt;&gt;</a>&nbsp;&nbsp;&nbsp;ble_property_t_enum_set
<LI><a href="#[5d]">&gt;&gt;</a>&nbsp;&nbsp;&nbsp;ble_property_t_float_get
<LI><a href="#[5c]">&gt;&gt;</a>&nbsp;&nbsp;&nbsp;ble_property_t_float_set
<LI><a href="#[5b]">&gt;&gt;</a>&nbsp;&nbsp;&nbsp;ble_property_t_str_get
<LI><a href="#[5a]">&gt;&gt;</a>&nbsp;&nbsp;&nbsp;ble_property_t_str_set
<LI><a href="#[59]">&gt;&gt;</a>&nbsp;&nbsp;&nbsp;ble_property_t_int_get
<LI><a href="#[58]">&gt;&gt;</a>&nbsp;&nbsp;&nbsp;ble_property_t_int_set
<LI><a href="#[57]">&gt;&gt;</a>&nbsp;&nbsp;&nbsp;ble_property_t_bool_get
<LI><a href="#[56]">&gt;&gt;</a>&nbsp;&nbsp;&nbsp;ble_property_t_bool_set
<LI><a href="#[28]">&gt;&gt;</a>&nbsp;&nbsp;&nbsp;ble_ota_valid_file_cb
</UL>
<BR>[Address Reference Count : 1]<UL><LI> uart.o(.text)
</UL>
<P><STRONG><a name="[e0]"></a>hex2Str</STRONG> (Thumb, 46 bytes, Stack size 0 bytes, uart.o(.text), UNUSED)
<BR><BR>[Calls]<UL><LI><a href="#[e1]">&gt;&gt;</a>&nbsp;&nbsp;&nbsp;__aeabi_memcpy4
</UL>
<BR>[Called By]<UL><LI><a href="#[e2]">&gt;&gt;</a>&nbsp;&nbsp;&nbsp;uart_print_int
</UL>

<P><STRONG><a name="[e2]"></a>uart_print_int</STRONG> (Thumb, 48 bytes, Stack size 0 bytes, uart.o(.text), UNUSED)
<BR><BR>[Calls]<UL><LI><a href="#[e0]">&gt;&gt;</a>&nbsp;&nbsp;&nbsp;hex2Str
<LI><a href="#[9e]">&gt;&gt;</a>&nbsp;&nbsp;&nbsp;uart_putchar
</UL>

<P><STRONG><a name="[8f]"></a>uart_init</STRONG> (Thumb, 136 bytes, Stack size 0 bytes, uart.o(.text))
<BR><BR>[Calls]<UL><LI><a href="#[e3]">&gt;&gt;</a>&nbsp;&nbsp;&nbsp;uart_stack_register
</UL>
<BR>[Called By]<UL><LI><a href="#[82]">&gt;&gt;</a>&nbsp;&nbsp;&nbsp;rw_main
</UL>

<P><STRONG><a name="[1d]"></a>uart_flow_on</STRONG> (Thumb, 2 bytes, Stack size 0 bytes, uart.o(.text))
<BR>[Address Reference Count : 1]<UL><LI> arch_main.o(.text)
</UL>
<P><STRONG><a name="[1a]"></a>uart_clear_rxfifo</STRONG> (Thumb, 26 bytes, Stack size 0 bytes, uart.o(.text))
<BR><BR>[Calls]<UL><LI><a href="#[81]">&gt;&gt;</a>&nbsp;&nbsp;&nbsp;__aeabi_memclr4
</UL>
<BR>[Address Reference Count : 1]<UL><LI> arch_main.o(.text)
</UL>
<P><STRONG><a name="[1e]"></a>uart_flow_off</STRONG> (Thumb, 4 bytes, Stack size 0 bytes, uart.o(.text))
<BR>[Address Reference Count : 1]<UL><LI> arch_main.o(.text)
</UL>
<P><STRONG><a name="[77]"></a>uart_finish_transfers</STRONG> (Thumb, 24 bytes, Stack size 0 bytes, uart.o(.text))
<BR><BR>[Called By]<UL><LI><a href="#[16]">&gt;&gt;</a>&nbsp;&nbsp;&nbsp;platform_reset
</UL>

<P><STRONG><a name="[1b]"></a>uart_read</STRONG> (Thumb, 66 bytes, Stack size 0 bytes, uart.o(.text))
<BR><BR>[Calls]<UL><LI><a href="#[17]">&gt;&gt;</a>&nbsp;&nbsp;&nbsp;assert_err
</UL>
<BR>[Address Reference Count : 1]<UL><LI> arch_main.o(.text)
</UL>
<P><STRONG><a name="[1c]"></a>uart_write</STRONG> (Thumb, 112 bytes, Stack size 0 bytes, uart.o(.text))
<BR><BR>[Calls]<UL><LI><a href="#[17]">&gt;&gt;</a>&nbsp;&nbsp;&nbsp;assert_err
</UL>
<BR>[Address Reference Count : 1]<UL><LI> arch_main.o(.text)
</UL>
<P><STRONG><a name="[90]"></a>uart_cb_register</STRONG> (Thumb, 10 bytes, Stack size 0 bytes, uart.o(.text))
<BR><BR>[Called By]<UL><LI><a href="#[82]">&gt;&gt;</a>&nbsp;&nbsp;&nbsp;rw_main
</UL>

<P><STRONG><a name="[db]"></a>uart_isr</STRONG> (Thumb, 106 bytes, Stack size 0 bytes, uart.o(.text))
<BR><BR>[Called By]<UL><LI><a href="#[72]">&gt;&gt;</a>&nbsp;&nbsp;&nbsp;IRQ_Exception
</UL>

<P><STRONG><a name="[c7]"></a>check_uart_stop</STRONG> (Thumb, 10 bytes, Stack size 0 bytes, uart.o(.text))
<BR><BR>[Called By]<UL><LI><a href="#[99]">&gt;&gt;</a>&nbsp;&nbsp;&nbsp;rwip_sleep
</UL>

<P><STRONG><a name="[27]"></a>rf_rssi_convert</STRONG> (Thumb, 10 bytes, Stack size 0 bytes, rf_xvr.o(.text))
<BR>[Address Reference Count : 1]<UL><LI> rf_xvr.o(.text)
</UL>
<P><STRONG><a name="[8c]"></a>Delay_ms</STRONG> (Thumb, 26 bytes, Stack size 0 bytes, rf_xvr.o(.text))
<BR><BR>[Called By]<UL><LI><a href="#[e6]">&gt;&gt;</a>&nbsp;&nbsp;&nbsp;CLK32K_AutoCali_init
<LI><a href="#[e4]">&gt;&gt;</a>&nbsp;&nbsp;&nbsp;kmod_calibration
<LI><a href="#[82]">&gt;&gt;</a>&nbsp;&nbsp;&nbsp;rw_main
</UL>

<P><STRONG><a name="[e4]"></a>kmod_calibration</STRONG> (Thumb, 270 bytes, Stack size 0 bytes, rf_xvr.o(.text))
<BR><BR>[Calls]<UL><LI><a href="#[c8]">&gt;&gt;</a>&nbsp;&nbsp;&nbsp;__aeabi_uidivmod
<LI><a href="#[8c]">&gt;&gt;</a>&nbsp;&nbsp;&nbsp;Delay_ms
</UL>
<BR>[Called By]<UL><LI><a href="#[e5]">&gt;&gt;</a>&nbsp;&nbsp;&nbsp;initial_xver_BK3432_openLoop
</UL>

<P><STRONG><a name="[e5]"></a>initial_xver_BK3432_openLoop</STRONG> (Thumb, 330 bytes, Stack size 0 bytes, rf_xvr.o(.text))
<BR><BR>[Calls]<UL><LI><a href="#[e4]">&gt;&gt;</a>&nbsp;&nbsp;&nbsp;kmod_calibration
</UL>
<BR>[Called By]<UL><LI><a href="#[b9]">&gt;&gt;</a>&nbsp;&nbsp;&nbsp;rf_init
</UL>

<P><STRONG><a name="[b9]"></a>rf_init</STRONG> (Thumb, 36 bytes, Stack size 0 bytes, rf_xvr.o(.text))
<BR><BR>[Calls]<UL><LI><a href="#[e5]">&gt;&gt;</a>&nbsp;&nbsp;&nbsp;initial_xver_BK3432_openLoop
</UL>
<BR>[Called By]<UL><LI><a href="#[92]">&gt;&gt;</a>&nbsp;&nbsp;&nbsp;rwip_init
</UL>

<P><STRONG><a name="[d9]"></a>Delay_us</STRONG> (Thumb, 20 bytes, Stack size 0 bytes, rf_xvr.o(.text), UNUSED)
<BR><BR>[Called By]<UL><LI><a href="#[d8]">&gt;&gt;</a>&nbsp;&nbsp;&nbsp;enter_deep_sleep
</UL>

<P><STRONG><a name="[e6]"></a>CLK32K_AutoCali_init</STRONG> (Thumb, 16 bytes, Stack size 0 bytes, rf_xvr.o(.text), UNUSED)
<BR><BR>[Calls]<UL><LI><a href="#[8c]">&gt;&gt;</a>&nbsp;&nbsp;&nbsp;Delay_ms
</UL>

<P><STRONG><a name="[e8]"></a>uart2_putchar</STRONG> (Thumb, 34 bytes, Stack size 0 bytes, uart2.o(.text), UNUSED)
<BR><BR>[Called By]<UL><LI><a href="#[e7]">&gt;&gt;</a>&nbsp;&nbsp;&nbsp;uart2_printf
</UL>

<P><STRONG><a name="[e7]"></a>uart2_printf</STRONG> (Thumb, 46 bytes, Stack size 0 bytes, uart2.o(.text), UNUSED)
<BR><BR>[Calls]<UL><LI><a href="#[e8]">&gt;&gt;</a>&nbsp;&nbsp;&nbsp;uart2_putchar
<LI><a href="#[df]">&gt;&gt;</a>&nbsp;&nbsp;&nbsp;vsprintf
</UL>

<P><STRONG><a name="[e9]"></a>uart2_clear_rxfifo</STRONG> (Thumb, 26 bytes, Stack size 0 bytes, uart2.o(.text), UNUSED)
<BR><BR>[Calls]<UL><LI><a href="#[81]">&gt;&gt;</a>&nbsp;&nbsp;&nbsp;__aeabi_memclr4
</UL>

<P><STRONG><a name="[ea]"></a>uart2_read</STRONG> (Thumb, 66 bytes, Stack size 0 bytes, uart2.o(.text), UNUSED)
<BR><BR>[Calls]<UL><LI><a href="#[17]">&gt;&gt;</a>&nbsp;&nbsp;&nbsp;assert_err
</UL>

<P><STRONG><a name="[eb]"></a>uart2_write</STRONG> (Thumb, 112 bytes, Stack size 0 bytes, uart2.o(.text), UNUSED)
<BR><BR>[Calls]<UL><LI><a href="#[17]">&gt;&gt;</a>&nbsp;&nbsp;&nbsp;assert_err
</UL>

<P><STRONG><a name="[dc]"></a>uart2_isr</STRONG> (Thumb, 106 bytes, Stack size 0 bytes, uart2.o(.text))
<BR><BR>[Called By]<UL><LI><a href="#[72]">&gt;&gt;</a>&nbsp;&nbsp;&nbsp;IRQ_Exception
</UL>

<P><STRONG><a name="[b]"></a>prf_init</STRONG> (Thumb, 112 bytes, Stack size 0 bytes, prf.o(.text))
<BR><BR>[Calls]<UL><LI><a href="#[ec]">&gt;&gt;</a>&nbsp;&nbsp;&nbsp;prf_itf_get
[...]
<LI><a href="#[150]">&gt;&gt;</a>&nbsp;&nbsp;&nbsp;ble_qiot_ota_data_saved
<LI><a href="#[10e]">&gt;&gt;</a>&nbsp;&nbsp;&nbsp;ble_ota_timer_callback
</UL>

<P><STRONG><a name="[145]"></a>ble_ota_write_data_to_flash</STRONG> (Thumb, 54 bytes, Stack size 0 bytes, ble_qiot_llsync_ota.o(.text))
<BR><BR>[Calls]<UL><LI><a href="#[146]">&gt;&gt;</a>&nbsp;&nbsp;&nbsp;ble_ota_write_flash
<LI><a href="#[20]">&gt;&gt;</a>&nbsp;&nbsp;&nbsp;uart_printf
</UL>
<BR>[Called By]<UL><LI><a href="#[148]">&gt;&gt;</a>&nbsp;&nbsp;&nbsp;ble_ota_stop
<LI><a href="#[150]">&gt;&gt;</a>&nbsp;&nbsp;&nbsp;ble_qiot_ota_data_saved
</UL>

<P><STRONG><a name="[150]"></a>ble_qiot_ota_data_saved</STRONG> (Thumb, 736 bytes, Stack size 0 bytes, ble_qiot_llsync_ota.o(.text))
<BR><BR>[Calls]<UL><LI><a href="#[145]">&gt;&gt;</a>&nbsp;&nbsp;&nbsp;ble_ota_write_data_to_flash
<LI><a href="#[144]">&gt;&gt;</a>&nbsp;&nbsp;&nbsp;ble_ota_reply_ota_data
<LI><a href="#[c8]">&gt;&gt;</a>&nbsp;&nbsp;&nbsp;__aeabi_uidivmod
<LI><a href="#[20]">&gt;&gt;</a>&nbsp;&nbsp;&nbsp;uart_printf
<LI><a href="#[7b]">&gt;&gt;</a>&nbsp;&nbsp;&nbsp;__aeabi_memcpy
<LI><a href="#[81]">&gt;&gt;</a>&nbsp;&nbsp;&nbsp;__aeabi_memclr4
</UL>
<BR>[Called By]<UL><LI><a href="#[151]">&gt;&gt;</a>&nbsp;&nbsp;&nbsp;ble_ota_data_handle
</UL>

<P><STRONG><a name="[14f]"></a>ble_ota_report_check_result</STRONG> (Thumb, 26 bytes, Stack size 0 bytes, ble_qiot_llsync_ota.o(.text))
<BR><BR>[Calls]<UL><LI><a href="#[114]">&gt;&gt;</a>&nbsp;&nbsp;&nbsp;ble_event_notify
</UL>
<BR>[Called By]<UL><LI><a href="#[14d]">&gt;&gt;</a>&nbsp;&nbsp;&nbsp;ble_ota_file_end_handle
</UL>

<P><STRONG><a name="[147]"></a>ble_ota_timer_delete</STRONG> (Thumb, 12 bytes, Stack size 0 bytes, ble_qiot_llsync_ota.o(.text))
<BR><BR>[Calls]<UL><LI><a href="#[152]">&gt;&gt;</a>&nbsp;&nbsp;&nbsp;ke_timer_clear
</UL>
<BR>[Called By]<UL><LI><a href="#[14d]">&gt;&gt;</a>&nbsp;&nbsp;&nbsp;ble_ota_file_end_handle
<LI><a href="#[148]">&gt;&gt;</a>&nbsp;&nbsp;&nbsp;ble_ota_stop
<LI><a href="#[10e]">&gt;&gt;</a>&nbsp;&nbsp;&nbsp;ble_ota_timer_callback
</UL>

<P><STRONG><a name="[14c]"></a>ble_ota_timer_start</STRONG> (Thumb, 28 bytes, Stack size 0 bytes, ble_qiot_llsync_ota.o(.text))
<BR><BR>[Calls]<UL><LI><a href="#[10f]">&gt;&gt;</a>&nbsp;&nbsp;&nbsp;ke_timer_set
<LI><a href="#[20]">&gt;&gt;</a>&nbsp;&nbsp;&nbsp;uart_printf
</UL>
<BR>[Called By]<UL><LI><a href="#[151]">&gt;&gt;</a>&nbsp;&nbsp;&nbsp;ble_ota_data_handle
<LI><a href="#[149]">&gt;&gt;</a>&nbsp;&nbsp;&nbsp;ble_ota_request_handle
</UL>

<P><STRONG><a name="[14a]"></a>ble_ota_init</STRONG> (Thumb, 50 bytes, Stack size 0 bytes, ble_qiot_llsync_ota.o(.text))
<BR><BR>[Calls]<UL><LI><a href="#[153]">&gt;&gt;</a>&nbsp;&nbsp;&nbsp;ble_ota_get_download_addr
<LI><a href="#[81]">&gt;&gt;</a>&nbsp;&nbsp;&nbsp;__aeabi_memclr4
</UL>
<BR>[Called By]<UL><LI><a href="#[149]">&gt;&gt;</a>&nbsp;&nbsp;&nbsp;ble_ota_request_handle
</UL>

<P><STRONG><a name="[15a]"></a>ble_package_slice_data</STRONG> (Thumb, 226 bytes, Stack size 0 bytes, ble_qiot_service.o(.text))
<BR><BR>[Calls]<UL><LI><a href="#[104]">&gt;&gt;</a>&nbsp;&nbsp;&nbsp;__aeabi_memclr
<LI><a href="#[20]">&gt;&gt;</a>&nbsp;&nbsp;&nbsp;uart_printf
<LI><a href="#[7b]">&gt;&gt;</a>&nbsp;&nbsp;&nbsp;__aeabi_memcpy
</UL>
<BR>[Called By]<UL><LI><a href="#[15e]">&gt;&gt;</a>&nbsp;&nbsp;&nbsp;ble_ota_msg_handle
<LI><a href="#[15d]">&gt;&gt;</a>&nbsp;&nbsp;&nbsp;ble_lldata_msg_handle
<LI><a href="#[15b]">&gt;&gt;</a>&nbsp;&nbsp;&nbsp;ble_device_info_msg_handle
</UL>

<P><STRONG><a name="[15c]"></a>ble_msg_type_header_len</STRONG> (Thumb, 12 bytes, Stack size 0 bytes, ble_qiot_service.o(.text))
<BR><BR>[Called By]<UL><LI><a href="#[15d]">&gt;&gt;</a>&nbsp;&nbsp;&nbsp;ble_lldata_msg_handle
<LI><a href="#[15b]">&gt;&gt;</a>&nbsp;&nbsp;&nbsp;ble_device_info_msg_handle
</UL>

<P><STRONG><a name="[56]"></a>ble_property_t_bool_set</STRONG> (Thumb, 48 bytes, Stack size 0 bytes, ble_qiot_template.o(.text))
<BR><BR>[Calls]<UL><LI><a href="#[20]">&gt;&gt;</a>&nbsp;&nbsp;&nbsp;uart_printf
<LI><a href="#[8b]">&gt;&gt;</a>&nbsp;&nbsp;&nbsp;gpio_set
</UL>
<BR>[Address Reference Count : 1]<UL><LI> ble_qiot_template.o(.data)
</UL>
<P><STRONG><a name="[57]"></a>ble_property_t_bool_get</STRONG> (Thumb, 18 bytes, Stack size 0 bytes, ble_qiot_template.o(.text))
<BR><BR>[Calls]<UL><LI><a href="#[20]">&gt;&gt;</a>&nbsp;&nbsp;&nbsp;uart_printf
</UL>
<BR>[Address Reference Count : 1]<UL><LI> ble_qiot_template.o(.data)
</UL>
<P><STRONG><a name="[58]"></a>ble_property_t_int_set</STRONG> (Thumb, 58 bytes, Stack size 0 bytes, ble_qiot_template.o(.text))
<BR><BR>[Calls]<UL><LI><a href="#[20]">&gt;&gt;</a>&nbsp;&nbsp;&nbsp;uart_printf
<LI><a href="#[7b]">&gt;&gt;</a>&nbsp;&nbsp;&nbsp;__aeabi_memcpy
</UL>
<BR>[Address Reference Count : 1]<UL><LI> ble_qiot_template.o(.data)
</UL>
<P><STRONG><a name="[59]"></a>ble_property_t_int_get</STRONG> (Thumb, 54 bytes, Stack size 0 bytes, ble_qiot_template.o(.text))
<BR><BR>[Calls]<UL><LI><a href="#[20]">&gt;&gt;</a>&nbsp;&nbsp;&nbsp;uart_printf
<LI><a href="#[7b]">&gt;&gt;</a>&nbsp;&nbsp;&nbsp;__aeabi_memcpy
</UL>
<BR>[Address Reference Count : 1]<UL><LI> ble_qiot_template.o(.data)
</UL>
<P><STRONG><a name="[5a]"></a>ble_property_t_str_set</STRONG> (Thumb, 30 bytes, Stack size 0 bytes, ble_qiot_template.o(.text))
<BR><BR>[Calls]<UL><LI><a href="#[20]">&gt;&gt;</a>&nbsp;&nbsp;&nbsp;uart_printf
<LI><a href="#[7b]">&gt;&gt;</a>&nbsp;&nbsp;&nbsp;__aeabi_memcpy
</UL>
<BR>[Address Reference Count : 1]<UL><LI> ble_qiot_template.o(.data)
</UL>
<P><STRONG><a name="[5b]"></a>ble_property_t_str_get</STRONG> (Thumb, 36 bytes, Stack size 0 bytes, ble_qiot_template.o(.text))
<BR><BR>[Calls]<UL><LI><a href="#[20]">&gt;&gt;</a>&nbsp;&nbsp;&nbsp;uart_printf
<LI><a href="#[7b]">&gt;&gt;</a>&nbsp;&nbsp;&nbsp;__aeabi_memcpy
<LI><a href="#[12b]">&gt;&gt;</a>&nbsp;&nbsp;&nbsp;strlen
</UL>
<BR>[Address Reference Count : 1]<UL><LI> ble_qiot_template.o(.data)
</UL>
<P><STRONG><a name="[5c]"></a>ble_property_t_float_set</STRONG> (Thumb, 36 bytes, Stack size 0 bytes, ble_qiot_template.o(.text))
<BR><BR>[Calls]<UL><LI><a href="#[20]">&gt;&gt;</a>&nbsp;&nbsp;&nbsp;uart_printf
<LI><a href="#[7b]">&gt;&gt;</a>&nbsp;&nbsp;&nbsp;__aeabi_memcpy
<LI><a href="#[16f]">&gt;&gt;</a>&nbsp;&nbsp;&nbsp;__aeabi_f2d
</UL>
<BR>[Address Reference Count : 1]<UL><LI> ble_qiot_template.o(.data)
</UL>
<P><STRONG><a name="[5d]"></a>ble_property_t_float_get</STRONG> (Thumb, 34 bytes, Stack size 0 bytes, ble_qiot_template.o(.text))
<BR><BR>[Calls]<UL><LI><a href="#[20]">&gt;&gt;</a>&nbsp;&nbsp;&nbsp;uart_printf
<LI><a href="#[7b]">&gt;&gt;</a>&nbsp;&nbsp;&nbsp;__aeabi_memcpy
<LI><a href="#[16f]">&gt;&gt;</a>&nbsp;&nbsp;&nbsp;__aeabi_f2d
</UL>
<BR>[Address Reference Count : 1]<UL><LI> ble_qiot_template.o(.data)
</UL>
<P><STRONG><a name="[5e]"></a>ble_property_t_enum_set</STRONG> (Thumb, 40 bytes, Stack size 0 bytes, ble_qiot_template.o(.text))
<BR><BR>[Calls]<UL><LI><a href="#[20]">&gt;&gt;</a>&nbsp;&nbsp;&nbsp;uart_printf
</UL>
<BR>[Address Reference Count : 1]<UL><LI> ble_qiot_template.o(.data)
</UL>
<P><STRONG><a name="[5f]"></a>ble_property_t_enum_get</STRONG> (Thumb, 40 bytes, Stack size 0 bytes, ble_qiot_template.o(.text))
<BR><BR>[Calls]<UL><LI><a href="#[20]">&gt;&gt;</a>&nbsp;&nbsp;&nbsp;uart_printf
</UL>
<BR>[Address Reference Count : 1]<UL><LI> ble_qiot_template.o(.data)
</UL>
<P><STRONG><a name="[60]"></a>ble_property_t_time_set</STRONG> (Thumb, 58 bytes, Stack size 0 bytes, ble_qiot_template.o(.text))
<BR><BR>[Calls]<UL><LI><a href="#[20]">&gt;&gt;</a>&nbsp;&nbsp;&nbsp;uart_printf
<LI><a href="#[7b]">&gt;&gt;</a>&nbsp;&nbsp;&nbsp;__aeabi_memcpy
</UL>
<BR>[Address Reference Count : 1]<UL><LI> ble_qiot_template.o(.data)
</UL>
<P><STRONG><a name="[61]"></a>ble_property_t_time_get</STRONG> (Thumb, 54 bytes, Stack size 0 bytes, ble_qiot_template.o(.text))
<BR><BR>[Calls]<UL><LI><a href="#[20]">&gt;&gt;</a>&nbsp;&nbsp;&nbsp;uart_printf
<LI><a href="#[7b]">&gt;&gt;</a>&nbsp;&nbsp;&nbsp;__aeabi_memcpy
</UL>
<BR>[Address Reference Count : 1]<UL><LI> ble_qiot_template.o(.data)
</UL>
<P><STRONG><a name="[48]"></a>ble_property_t_struct_s_bool_set</STRONG> (Thumb, 30 bytes, Stack size 0 bytes, ble_qiot_template.o(.text))
<BR><BR>[Calls]<UL><LI><a href="#[20]">&gt;&gt;</a>&nbsp;&nbsp;&nbsp;uart_printf
</UL>
<BR>[Address Reference Count : 1]<UL><LI> ble_qiot_template.o(.data)
</UL>
<P><STRONG><a name="[49]"></a>ble_property_t_struct_s_bool_get</STRONG> (Thumb, 22 bytes, Stack size 0 bytes, ble_qiot_template.o(.text))
<BR><BR>[Calls]<UL><LI><a href="#[20]">&gt;&gt;</a>&nbsp;&nbsp;&nbsp;uart_printf
</UL>
<BR>[Address Reference Count : 1]<UL><LI> ble_qiot_template.o(.data)
</UL>
<P><STRONG><a name="[4a]"></a>ble_property_t_struct_s_int_set</STRONG> (Thumb, 60 bytes, Stack size 0 bytes, ble_qiot_template.o(.text))
<BR><BR>[Calls]<UL><LI><a href="#[20]">&gt;&gt;</a>&nbsp;&nbsp;&nbsp;uart_printf
<LI><a href="#[7b]">&gt;&gt;</a>&nbsp;&nbsp;&nbsp;__aeabi_memcpy
</UL>
<BR>[Address Reference Count : 1]<UL><LI> ble_qiot_template.o(.data)
</UL>
<P><STRONG><a name="[4b]"></a>ble_property_t_struct_s_int_get</STRONG> (Thumb, 56 bytes, Stack size 0 bytes, ble_qiot_template.o(.text))
<BR><BR>[Calls]<UL><LI><a href="#[20]">&gt;&gt;</a>&nbsp;&nbsp;&nbsp;uart_printf
<LI><a href="#[7b]">&gt;&gt;</a>&nbsp;&nbsp;&nbsp;__aeabi_memcpy
</UL>
<BR>[Address Reference Count : 1]<UL><LI> ble_qiot_template.o(.data)
</UL>
<P><STRONG><a name="[4c]"></a>ble_property_t_struct_s_str_set</STRONG> (Thumb, 38 bytes, Stack size 0 bytes, ble_qiot_template.o(.text))
<BR><BR>[Calls]<UL><LI><a href="#[20]">&gt;&gt;</a>&nbsp;&nbsp;&nbsp;uart_printf
<LI><a href="#[7b]">&gt;&gt;</a>&nbsp;&nbsp;&nbsp;__aeabi_memcpy
</UL>
<BR>[Address Reference Count : 1]<UL><LI> ble_qiot_template.o(.data)
</UL>
<P><STRONG><a name="[4d]"></a>ble_property_t_struct_s_str_get</STRONG> (Thumb, 40 bytes, Stack size 0 bytes, ble_qiot_template.o(.text))
<BR><BR>[Calls]<UL><LI><a href="#[20]">&gt;&gt;</a>&nbsp;&nbsp;&nbsp;uart_printf
<LI><a href="#[7b]">&gt;&gt;</a>&nbsp;&nbsp;&nbsp;__aeabi_memcpy
<LI><a href="#[12b]">&gt;&gt;</a>&nbsp;&nbsp;&nbsp;strlen
</UL>
<BR>[Address Reference Count : 1]<UL><LI> ble_qiot_template.o(.data)
</UL>
<P><STRONG><a name="[4e]"></a>ble_property_t_struct_s_float_set</STRONG> (Thumb, 36 bytes, Stack size 0 bytes, ble_qiot_template.o(.text))
<BR><BR>[Calls]<UL><LI><a href="#[20]">&gt;&gt;</a>&nbsp;&nbsp;&nbsp;uart_printf
<LI><a href="#[7b]">&gt;&gt;</a>&nbsp;&nbsp;&nbsp;__aeabi_memcpy
<LI><a href="#[16f]">&gt;&gt;</a>&nbsp;&nbsp;&nbsp;__aeabi_f2d
</UL>
<BR>[Address Reference Count : 1]<UL><LI> ble_qiot_template.o(.data)
</UL>
<P><STRONG><a name="[4f]"></a>ble_property_t_struct_s_float_get</STRONG> (Thumb, 34 bytes, Stack size 0 bytes, ble_qiot_template.o(.text))
<BR><BR>[Calls]<UL><LI><a href="#[20]">&gt;&gt;</a>&nbsp;&nbsp;&nbsp;uart_printf
<LI><a href="#[7b]">&gt;&gt;</a>&nbsp;&nbsp;&nbsp;__aeabi_memcpy
<LI><a href="#[16f]">&gt;&gt;</a>&nbsp;&nbsp;&nbsp;__aeabi_f2d
</UL>
<BR>[Address Reference Count : 1]<UL><LI> ble_qiot_template.o(.data)
</UL>
<P><STRONG><a name="[50]"></a>ble_property_t_struct_s_enum_set</STRONG> (Thumb, 42 bytes, Stack size 0 bytes, ble_qiot_template.o(.text))
<BR><BR>[Calls]<UL><LI><a href="#[20]">&gt;&gt;</a>&nbsp;&nbsp;&nbsp;uart_printf
</UL>
<BR>[Address Reference Count : 1]<UL><LI> ble_qiot_template.o(.data)
</UL>
<P><STRONG><a name="[51]"></a>ble_property_t_struct_s_enum_get</STRONG> (Thumb, 42 bytes, Stack size 0 bytes, ble_qiot_template.o(.text))
<BR><BR>[Calls]<UL><LI><a href="#[20]">&gt;&gt;</a>&nbsp;&nbsp;&nbsp;uart_printf
</UL>
<BR>[Address Reference Count : 1]<UL><LI> ble_qiot_template.o(.data)
</UL>
<P><STRONG><a name="[52]"></a>ble_property_t_struct_s_time_set</STRONG> (Thumb, 60 bytes, Stack size 0 bytes, ble_qiot_template.o(.text))
<BR><BR>[Calls]<UL><LI><a href="#[20]">&gt;&gt;</a>&nbsp;&nbsp;&nbsp;uart_printf
<LI><a href="#[7b]">&gt;&gt;</a>&nbsp;&nbsp;&nbsp;__aeabi_memcpy
</UL>
<BR>[Address Reference Count : 1]<UL><LI> ble_qiot_template.o(.data)
</UL>
<P><STRONG><a name="[53]"></a>ble_property_t_struct_s_time_get</STRONG> (Thumb, 766 bytes, Stack size 0 bytes, ble_qiot_template.o(.text))
<BR><BR>[Calls]<UL><LI><a href="#[20]">&gt;&gt;</a>&nbsp;&nbsp;&nbsp;uart_printf
<LI><a href="#[7b]">&gt;&gt;</a>&nbsp;&nbsp;&nbsp;__aeabi_memcpy
</UL>
<BR>[Address Reference Count : 1]<UL><LI> ble_qiot_template.o(.data)
</UL>
<P><STRONG><a name="[62]"></a>ble_property_t_struct_set</STRONG> (Thumb, 6 bytes, Stack size 0 bytes, ble_qiot_template.o(.text))
<BR><BR>[Calls]<UL><LI><a href="#[170]">&gt;&gt;</a>&nbsp;&nbsp;&nbsp;ble_user_property_struct_handle
</UL>
<BR>[Address Reference Count : 1]<UL><LI> ble_qiot_template.o(.data)
</UL>
<P><STRONG><a name="[63]"></a>ble_property_t_struct_get</STRONG> (Thumb, 6 bytes, Stack size 0 bytes, ble_qiot_template.o(.text))
<BR><BR>[Calls]<UL><LI><a href="#[171]">&gt;&gt;</a>&nbsp;&nbsp;&nbsp;ble_user_property_struct_get_data
</UL>
<BR>[Address Reference Count : 1]<UL><LI> ble_qiot_template.o(.data)
</UL>
<P><STRONG><a name="[54]"></a>ble_property_t_struct2_s_bool_set</STRONG> (Thumb, 30 bytes, Stack size 0 bytes, ble_qiot_template.o(.text))
<BR><BR>[Calls]<UL><LI><a href="#[20]">&gt;&gt;</a>&nbsp;&nbsp;&nbsp;uart_printf
</UL>
<BR>[Address Reference Count : 1]<UL><LI> ble_qiot_template.o(.data)
</UL>
<P><STRONG><a name="[55]"></a>ble_property_t_struct2_s_bool_get</STRONG> (Thumb, 20 bytes, Stack size 0 bytes, ble_qiot_template.o(.text))
<BR><BR>[Calls]<UL><LI><a href="#[20]">&gt;&gt;</a>&nbsp;&nbsp;&nbsp;uart_printf
</UL>
<BR>[Address Reference Count : 1]<UL><LI> ble_qiot_template.o(.data)
</UL>
<P><STRONG><a name="[64]"></a>ble_property_t_struct2_set</STRONG> (Thumb, 8 bytes, Stack size 0 bytes, ble_qiot_template.o(.text))
<BR><BR>[Calls]<UL><LI><a href="#[170]">&gt;&gt;</a>&nbsp;&nbsp;&nbsp;ble_user_property_struct_handle
</UL>
<BR>[Address Reference Count : 1]<UL><LI> ble_qiot_template.o(.data)
</UL>
<P><STRONG><a name="[65]"></a>ble_property_t_struct2_get</STRONG> (Thumb, 8 bytes, Stack size 0 bytes, ble_qiot_template.o(.text))
<BR><BR>[Calls]<UL><LI><a href="#[171]">&gt;&gt;</a>&nbsp;&nbsp;&nbsp;ble_user_property_struct_get_data
</UL>
<BR>[Address Reference Count : 1]<UL><LI> ble_qiot_template.o(.data)
</UL>
<P><STRONG><a name="[172]"></a>ble_check_space_enough_by_type</STRONG> (Thumb, 40 bytes, Stack size 0 bytes, ble_qiot_template.o(.text))
<BR><BR>[Calls]<UL><LI><a href="#[111]">&gt;&gt;</a>&nbsp;&nbsp;&nbsp;__ARM_common_switch8 (via BLX)
</UL>
<BR>[Called By]<UL><LI><a href="#[142]">&gt;&gt;</a>&nbsp;&nbsp;&nbsp;ble_event_get_data_by_id
<LI><a href="#[117]">&gt;&gt;</a>&nbsp;&nbsp;&nbsp;ble_user_property_get_data_by_id
<LI><a href="#[120]">&gt;&gt;</a>&nbsp;&nbsp;&nbsp;ble_action_user_handle_output_param
</UL>

<P><STRONG><a name="[173]"></a>ble_check_ret_value_by_type</STRONG> (Thumb, 46 bytes, Stack size 0 bytes, ble_qiot_template.o(.text))
<BR><BR>[Calls]<UL><LI><a href="#[111]">&gt;&gt;</a>&nbsp;&nbsp;&nbsp;__ARM_common_switch8 (via BLX)
</UL>
<BR>[Called By]<UL><LI><a href="#[142]">&gt;&gt;</a>&nbsp;&nbsp;&nbsp;ble_event_get_data_by_id
<LI><a href="#[117]">&gt;&gt;</a>&nbsp;&nbsp;&nbsp;ble_user_property_get_data_by_id
<LI><a href="#[120]">&gt;&gt;</a>&nbsp;&nbsp;&nbsp;ble_action_user_handle_output_param
</UL>

<P><STRONG><a name="[68]"></a>ble_event_get_t_event_t_bool</STRONG> (Thumb, 8 bytes, Stack size 0 bytes, ble_qiot_template.o(.text))
<BR>[Address Reference Count : 1]<UL><LI> ble_qiot_template.o(.data)
</UL>
<P><STRONG><a name="[69]"></a>ble_event_get_t_event_t_int</STRONG> (Thumb, 20 bytes, Stack size 0 bytes, ble_qiot_template.o(.text))
<BR><BR>[Calls]<UL><LI><a href="#[7b]">&gt;&gt;</a>&nbsp;&nbsp;&nbsp;__aeabi_memcpy
</UL>
<BR>[Address Reference Count : 1]<UL><LI> ble_qiot_template.o(.data)
</UL>
<P><STRONG><a name="[6a]"></a>ble_event_get_t_event_t_str</STRONG> (Thumb, 14 bytes, Stack size 0 bytes, ble_qiot_template.o(.text))
<BR><BR>[Calls]<UL><LI><a href="#[7b]">&gt;&gt;</a>&nbsp;&nbsp;&nbsp;__aeabi_memcpy
</UL>
<BR>[Address Reference Count : 1]<UL><LI> ble_qiot_template.o(.data)
</UL>
<P><STRONG><a name="[6b]"></a>ble_event_get_t_event_t_enum</STRONG> (Thumb, 24 bytes, Stack size 0 bytes, ble_qiot_template.o(.text))
<BR>[Address Reference Count : 1]<UL><LI> ble_qiot_template.o(.data)
</UL>
<P><STRONG><a name="[6c]"></a>ble_event_get_t_event_t_float</STRONG> (Thumb, 20 bytes, Stack size 0 bytes, ble_qiot_template.o(.text))
<BR><BR>[Calls]<UL><LI><a href="#[7b]">&gt;&gt;</a>&nbsp;&nbsp;&nbsp;__aeabi_memcpy
</UL>
<BR>[Address Reference Count : 1]<UL><LI> ble_qiot_template.o(.data)
</UL>
<P><STRONG><a name="[6d]"></a>ble_event_get_t_event_t_time</STRONG> (Thumb, 20 bytes, Stack size 0 bytes, ble_qiot_template.o(.text))
<BR><BR>[Calls]<UL><LI><a href="#[7b]">&gt;&gt;</a>&nbsp;&nbsp;&nbsp;__aeabi_memcpy
</UL>
<BR>[Address Reference Count : 1]<UL><LI> ble_qiot_template.o(.data)
</UL>
<P><STRONG><a name="[66]"></a>ble_action_handle_t_action_input_cb</STRONG> (Thumb, 246 bytes, Stack size 0 bytes, ble_qiot_template.o(.text))
<BR><BR>[Calls]<UL><LI><a href="#[7b]">&gt;&gt;</a>&nbsp;&nbsp;&nbsp;__aeabi_memcpy
<LI><a href="#[174]">&gt;&gt;</a>&nbsp;&nbsp;&nbsp;__2printf
<LI><a href="#[16f]">&gt;&gt;</a>&nbsp;&nbsp;&nbsp;__aeabi_f2d
</UL>
<BR>[Address Reference Count : 1]<UL><LI> ble_qiot_template.o(.data)
</UL>
<P><STRONG><a name="[67]"></a>ble_action_handle_t_action_output_cb</STRONG> (Thumb, 114 bytes, Stack size 0 bytes, ble_qiot_template.o(.text))
<BR><BR>[Calls]<UL><LI><a href="#[7b]">&gt;&gt;</a>&nbsp;&nbsp;&nbsp;__aeabi_memcpy
</UL>
<BR>[Address Reference Count : 1]<UL><LI> ble_qiot_template.o(.data)
</UL>
<P><STRONG><a name="[189]"></a>_fp_digits</STRONG> (Thumb, 316 bytes, Stack size 0 bytes, printfa.o(i._fp_digits), UNUSED)
<BR><BR>[Calls]<UL><LI><a href="#[178]">&gt;&gt;</a>&nbsp;&nbsp;&nbsp;__aeabi_uldivmod
<LI><a href="#[181]">&gt;&gt;</a>&nbsp;&nbsp;&nbsp;__aeabi_dmul
<LI><a href="#[182]">&gt;&gt;</a>&nbsp;&nbsp;&nbsp;__aeabi_ddiv
<LI><a href="#[17b]">&gt;&gt;</a>&nbsp;&nbsp;&nbsp;__aeabi_dadd
<LI><a href="#[183]">&gt;&gt;</a>&nbsp;&nbsp;&nbsp;__aeabi_d2ulz
<LI><a href="#[18a]">&gt;&gt;</a>&nbsp;&nbsp;&nbsp;__aeabi_cdrcmple
</UL>
<BR>[Called By]<UL><LI><a href="#[186]">&gt;&gt;</a>&nbsp;&nbsp;&nbsp;_printf_core
</UL>

<P><STRONG><a name="[186]"></a>_printf_core</STRONG> (Thumb, 1764 bytes, Stack size 0 bytes, printfa.o(i._printf_core), UNUSED)
<BR><BR>[Calls]<UL><LI><a href="#[c8]">&gt;&gt;</a>&nbsp;&nbsp;&nbsp;__aeabi_uidivmod
<LI><a href="#[178]">&gt;&gt;</a>&nbsp;&nbsp;&nbsp;__aeabi_uldivmod
<LI><a href="#[18b]">&gt;&gt;</a>&nbsp;&nbsp;&nbsp;_printf_pre_padding
<LI><a href="#[18c]">&gt;&gt;</a>&nbsp;&nbsp;&nbsp;_printf_post_padding
<LI><a href="#[189]">&gt;&gt;</a>&nbsp;&nbsp;&nbsp;_fp_digits
</UL>
<BR>[Called By]<UL><LI><a href="#[188]">&gt;&gt;</a>&nbsp;&nbsp;&nbsp;__0vsprintf
<LI><a href="#[187]">&gt;&gt;</a>&nbsp;&nbsp;&nbsp;__0snprintf
<LI><a href="#[185]">&gt;&gt;</a>&nbsp;&nbsp;&nbsp;__0printf
</UL>

<P><STRONG><a name="[18c]"></a>_printf_post_padding</STRONG> (Thumb, 32 bytes, Stack size 0 bytes, printfa.o(i._printf_post_padding), UNUSED)
<BR><BR>[Called By]<UL><LI><a href="#[186]">&gt;&gt;</a>&nbsp;&nbsp;&nbsp;_printf_core
</UL>

<P><STRONG><a name="[18b]"></a>_printf_pre_padding</STRONG> (Thumb, 44 bytes, Stack size 0 bytes, printfa.o(i._printf_pre_padding), UNUSED)
<BR><BR>[Called By]<UL><LI><a href="#[186]">&gt;&gt;</a>&nbsp;&nbsp;&nbsp;_printf_core
</UL>

<P><STRONG><a name="[2c]"></a>_snputc</STRONG> (Thumb, 22 bytes, Stack size 0 bytes, printfa.o(i._snputc))
<BR>[Address Reference Count : 1]<UL><LI> printfa.o(i.__0snprintf)
</UL>
<P><STRONG><a name="[2d]"></a>_sputc</STRONG> (Thumb, 10 bytes, Stack size 0 bytes, printfa.o(i._sputc))
<BR><BR>[Called By]<UL><LI><a href="#[188]">&gt;&gt;</a>&nbsp;&nbsp;&nbsp;__0vsprintf
</UL>
<BR>[Address Reference Count : 1]<UL><LI> printfa.o(i.__0vsprintf)
</UL><P>
<H3>
Undefined Global Symbols
</H3><HR></body></html>
